
> of-copy-215---2-lam-gon-interface-batch-delete@0.0.0 test
> vitest services/VmindSyncEngine.test.ts


[1m[44m DEV [49m[22m [34mv4.0.16 [39m[90mC:/Users/Thanhdafa/Documents/of-copy-215---2-lam-gon-interface-batch-delete[39m

 [31mâ¯[39m __tests__/services/VmindSyncEngine.test.ts [2m([22m[2m5 tests[22m[2m | [22m[31m5 failed[39m[2m)[22m[33m 10227[2mms[22m[39m
[31m     [31mĂ—[31m TC_SYNC_01: should add an action to the queue and process it successfully[39m[32m 121[2mms[22m[39m
[31m     [31mĂ—[31m TC_SYNC_02: should retry a failed action with exponential backoff[39m[32m 28[2mms[22m[39m
[31m     [31mĂ—[31m TC_SYNC_03: should mark an action as "failed" and pause after max retries[39m[32m 17[2mms[22m[39m
[31m     [31mĂ—[31m TC_SYNC_04: should allow manually retrying a failed item[39m[33m 5028[2mms[22m[39m
[31m     [31mĂ—[31m TC_SYNC_05: should allow discarding a failed item from the queue[39m[33m 5015[2mms[22m[39m
 [31mâ¯[39m services/VmindSyncEngine.test.ts [2m([22m[2m5 tests[22m[2m | [22m[31m5 failed[39m[2m)[22m[33m 10345[2mms[22m[39m
[31m     [31mĂ—[31m TC_SYNC_01: should add an action to the queue and process it successfully[39m[32m 204[2mms[22m[39m
[31m     [31mĂ—[31m TC_SYNC_02: should retry a failed action with exponential backoff[39m[32m 35[2mms[22m[39m
[31m     [31mĂ—[31m TC_SYNC_03: should mark an action as "failed" and pause after max retries[39m[32m 15[2mms[22m[39m
[31m     [31mĂ—[31m TC_SYNC_04: should allow manually retrying a failed item[39m[33m 5034[2mms[22m[39m
[31m     [31mĂ—[31m TC_SYNC_05: should allow discarding a failed item from the queue[39m[33m 5033[2mms[22m[39m
node.exe : 
At C:\Program 
Files\nodejs\npm.ps1:29 char:3
+   & $NODE_EXE $NPM_CLI_JS 
$args
+   
~~~~~~~~~~~~~~~~~~~~~~~~~~~~~
    + CategoryInfo          :  
   NotSpecified: (:String) []  
  , RemoteException
    + FullyQualifiedErrorId :  
   NativeCommandError
 
[31mâ¯â¯â¯â¯â¯â¯[39m[1
m[41m Failed Tests 10 [49m[2
2m[31mâ¯â¯â¯â¯â¯â¯â¯[3
9m

[41m[1m FAIL [22m[49m servi
ces/VmindSyncEngine.test.ts[2m
 > [22mVmindSyncEngine[2m > 
[22mTC_SYNC_01: should add an 
action to the queue and 
process it successfully
[31m[1mAssertionError[22m: 
expected "vi.fn()" to be 
called 1 times, but got 0 
times[39m
[36m [2mâ¯[22m services/Vmi
ndSyncEngine.test.ts:[2m117:48
[22m[39m
    [90m115| [39m
    [90m116| [39m    [90m// 
Assert[39m
    [90m117| [39m    expect(s
upabase.from('vocab_rows').upse
rt).toHaveBeenCalledTimes(1â€¦
    [90m   | [39m            
                               
    [31m^[39m
    [90m118| [39m    expect(O
bject.keys(dbStore).length).toB
e(0); // Queue should be emâ€¦
    [90m119| [39m    [34mexp
ect[39m(setSyncStatusMock)[33
m.[39m[34mtoHaveBeenCalledWit
h[39m([32m'saving'[39m)[33m
;[39m

[31m[2mâ¯â¯â¯â¯â¯â¯â¯â
¯â¯â¯â¯â¯â¯â¯â¯â¯â¯â
¯â¯â¯â¯â¯â¯[1/10]â¯[22m
[39m

[41m[1m FAIL [22m[49m servi
ces/VmindSyncEngine.test.ts[2m
 > [22mVmindSyncEngine[2m > 
[22mTC_SYNC_02: should retry 
a failed action with 
exponential backoff
[31m[1mAssertionError[22m: 
expected "vi.fn()" to be 
called 1 times, but got 0 
times[39m
[36m [2mâ¯[22m services/Vmi
ndSyncEngine.test.ts:[2m138:48
[22m[39m
    [90m136| [39m    
    [90m137| [39m    [90m// 
Assert after first failure[39m
    [90m138| [39m    expect(s
upabase.from('vocab_rows').upse
rt).toHaveBeenCalledTimes(1â€¦
    [90m   | [39m            
                               
    [31m^[39m
    [90m139| [39m    
[35mconst[39m actionInDB 
[33m=[39m [33mObject[39m[3
3m.[39m[34mvalues[39m(dbStor
e)[[34m0[39m][33m;[39m
    [90m140| [39m    [34mexp
ect[39m(actionInDB[33m.[39mr
etries)[33m.[39m[34mtoBe[39
m([34m1[39m)[33m;[39m

[31m[2mâ¯â¯â¯â¯â¯â¯â¯â
¯â¯â¯â¯â¯â¯â¯â¯â¯â¯â
¯â¯â¯â¯â¯â¯[2/10]â¯[22m
[39m

[41m[1m FAIL [22m[49m servi
ces/VmindSyncEngine.test.ts[2m
 > [22mVmindSyncEngine[2m > 
[22mTC_SYNC_03: should mark 
an action as "failed" and 
pause after max retries
[31m[1mAssertionError[22m: 
expected "vi.fn()" to be 
called 5 times, but got 0 
times[39m
[36m [2mâ¯[22m services/Vmi
ndSyncEngine.test.ts:[2m170:48
[22m[39m


[31m[2mâ¯â¯â¯â¯â¯â¯â¯â
¯â¯â¯â¯â¯â¯â¯â¯â¯â¯â
¯â¯â¯â¯â¯â¯[3/10]â¯[22m
[39m

[41m[1m FAIL [22m[49m servi
ces/VmindSyncEngine.test.ts[2m
 > [22mVmindSyncEngine[2m > 
[22mTC_SYNC_04: should allow 
manually retrying a failed item
[31m[1mError[22m: Test 
timed out in 5000ms.
If this is a long-running 
test, pass a timeout value as 
the last argument or configure 
it globally with 
"testTimeout".[39m
[36m [2mâ¯[22m services/Vmi
ndSyncEngine.test.ts:[2m179:3
[22m[39m
    [90m177| [39m  
})[33m;[39m
    [90m178| [39m
    [90m179| [39m  
it('TC_SYNC_04: should allow 
manually retrying a failed 
item', asyncâ€¦
    [90m   | [39m  
[31m^[39m
    [90m180| [39m     
[90m// Arrange: Create a 
failed item[39m
    [90m181| [39m    
[35mconst[39m 
failedAction[33m:[39m 
[33mSyncAction[39m 
[33m=[39m {

[31m[2mâ¯â¯â¯â¯â¯â¯â¯â
¯â¯â¯â¯â¯â¯â¯â¯â¯â¯â
¯â¯â¯â¯â¯â¯[4/10]â¯[22m
[39m

[41m[1m FAIL [22m[49m servi
ces/VmindSyncEngine.test.ts[2m
 > [22mVmindSyncEngine[2m > 
[22mTC_SYNC_05: should allow 
discarding a failed item from 
the queue
[31m[1mError[22m: Test 
timed out in 5000ms.
If this is a long-running 
test, pass a timeout value as 
the last argument or configure 
it globally with 
"testTimeout".[39m
[36m [2mâ¯[22m services/Vmi
ndSyncEngine.test.ts:[2m207:3
[22m[39m
    [90m205| [39m  
})[33m;[39m
    [90m206| [39m
    [90m207| [39m  
it('TC_SYNC_05: should allow 
discarding a failed item from 
the queueâ€¦
    [90m   | [39m  
[31m^[39m
    [90m208| [39m    [90m// 
Arrange[39m
    [90m209| [39m    
[35mconst[39m 
failedAction[33m:[39m 
[33mSyncAction[39m 
[33m=[39m {

[31m[2mâ¯â¯â¯â¯â¯â¯â¯â
¯â¯â¯â¯â¯â¯â¯â¯â¯â¯â
¯â¯â¯â¯â¯â¯[5/10]â¯[22m
[39m

[41m[1m FAIL [22m[49m __tes
ts__/services/VmindSyncEngine.t
est.ts[2m > 
[22mVmindSyncEngine[2m > 
[22mTC_SYNC_01: should add an 
action to the queue and 
process it successfully
[31m[1mAssertionError[22m: 
expected "vi.fn()" to be 
called 1 times, but got 0 
times[39m
[36m [2mâ¯[22m __tests__/se
rvices/VmindSyncEngine.test.ts:
[2m124:48[22m[39m
    [90m122| [39m
    [90m123| [39m    [90m// 
Assert[39m
    [90m124| [39m    expect(s
upabase.from('vocab_rows').upse
rt).toHaveBeenCalledTimes(1â€¦
    [90m   | [39m            
                               
    [31m^[39m
    [90m125| [39m    expect(O
bject.keys(dbStore).length).toB
e(0); // Queue should be emâ€¦
    [90m126| [39m    [34mexp
ect[39m(setSyncStatusMock)[33
m.[39m[34mtoHaveBeenCalledWit
h[39m([32m'saving'[39m)[33m
;[39m

[31m[2mâ¯â¯â¯â¯â¯â¯â¯â
¯â¯â¯â¯â¯â¯â¯â¯â¯â¯â
¯â¯â¯â¯â¯â¯[6/10]â¯[22m
[39m

[41m[1m FAIL [22m[49m __tes
ts__/services/VmindSyncEngine.t
est.ts[2m > 
[22mVmindSyncEngine[2m > 
[22mTC_SYNC_02: should retry 
a failed action with 
exponential backoff
[31m[1mAssertionError[22m: 
expected "vi.fn()" to be 
called 1 times, but got 0 
times[39m
[36m [2mâ¯[22m __tests__/se
rvices/VmindSyncEngine.test.ts:
[2m145:48[22m[39m
    [90m143| [39m    
    [90m144| [39m    [90m// 
Assert after first failure[39m
    [90m145| [39m    expect(s
upabase.from('vocab_rows').upse
rt).toHaveBeenCalledTimes(1â€¦
    [90m   | [39m            
                               
    [31m^[39m
    [90m146| [39m    
[35mconst[39m actionInDB 
[33m=[39m [33mObject[39m[3
3m.[39m[34mvalues[39m(dbStor
e)[[34m0[39m][33m;[39m
    [90m147| [39m    [34mexp
ect[39m(actionInDB[33m.[39mr
etries)[33m.[39m[34mtoBe[39
m([34m1[39m)[33m;[39m

[31m[2mâ¯â¯â¯â¯â¯â¯â¯â
¯â¯â¯â¯â¯â¯â¯â¯â¯â¯â
¯â¯â¯â¯â¯â¯[7/10]â¯[22m
[39m

[41m[1m FAIL [22m[49m __tes
ts__/services/VmindSyncEngine.t
est.ts[2m > 
[22mVmindSyncEngine[2m > 
[22mTC_SYNC_03: should mark 
an action as "failed" and 
pause after max retries
[31m[1mAssertionError[22m: 
expected "vi.fn()" to be 
called 5 times, but got 0 
times[39m
[36m [2mâ¯[22m __tests__/se
rvices/VmindSyncEngine.test.ts:
[2m177:48[22m[39m


[31m[2mâ¯â¯â¯â¯â¯â¯â¯â
¯â¯â¯â¯â¯â¯â¯â¯â¯â¯â
¯â¯â¯â¯â¯â¯[8/10]â¯[22m
[39m

[41m[1m FAIL [22m[49m __tes
ts__/services/VmindSyncEngine.t
est.ts[2m > 
[22mVmindSyncEngine[2m > 
[22mTC_SYNC_04: should allow 
manually retrying a failed item
[31m[1mError[22m: Test 
timed out in 5000ms.
If this is a long-running 
test, pass a timeout value as 
the last argument or configure 
it globally with 
"testTimeout".[39m
[36m [2mâ¯[22m __tests__/se
rvices/VmindSyncEngine.test.ts:
[2m186:3[22m[39m
    [90m184| [39m  
})[33m;[39m
    [90m185| [39m
    [90m186| [39m  
it('TC_SYNC_04: should allow 
manually retrying a failed 
item', asyncâ€¦
    [90m   | [39m  
[31m^[39m
    [90m187| [39m     
[90m// Arrange: Create a 
failed item[39m
    [90m188| [39m    
[35mconst[39m 
failedAction[33m:[39m 
[33mSyncAction[39m 
[33m=[39m {

[31m[2mâ¯â¯â¯â¯â¯â¯â¯â
¯â¯â¯â¯â¯â¯â¯â¯â¯â¯â
¯â¯â¯â¯â¯â¯[9/10]â¯[22m
[39m

[41m[1m FAIL [22m[49m __tes
ts__/services/VmindSyncEngine.t
est.ts[2m > 
[22mVmindSyncEngine[2m > 
[22mTC_SYNC_05: should allow 
discarding a failed item from 
the queue
[31m[1mError[22m: Test 
timed out in 5000ms.
If this is a long-running 
test, pass a timeout value as 
the last argument or configure 
it globally with 
"testTimeout".[39m
[36m [2mâ¯[22m __tests__/se
rvices/VmindSyncEngine.test.ts:
[2m214:3[22m[39m
    [90m212| [39m  
})[33m;[39m
    [90m213| [39m
    [90m214| [39m  
it('TC_SYNC_05: should allow 
discarding a failed item from 
the queueâ€¦
    [90m   | [39m  
[31m^[39m
    [90m215| [39m    [90m// 
Arrange[39m
    [90m216| [39m    
[35mconst[39m 
failedAction[33m:[39m 
[33mSyncAction[39m 
[33m=[39m {

[31m[2mâ¯â¯â¯â¯â¯â¯â¯â
¯â¯â¯â¯â¯â¯â¯â¯â¯â¯â
¯â¯â¯â¯â¯[10/10]â¯[22m[3
9m


[2m Test Files [22m [1m[31m2 failed[39m[22m[90m (2)[39m
[2m      Tests [22m [1m[31m10 failed[39m[22m[90m (10)[39m
[2m   Start at [22m 17:01:44
[2m   Duration [22m 27.40s[2m (transform 3.22s, setup 4.76s, import 3.58s, tests 20.57s, environment 19.65s)[22m

[1m[41m FAIL [49m[22m [31mTests failed. Watching for file changes...[39m
       [2mpress [22m[1mh[22m[2m to show help[22m[2m, [22m[2mpress [22m[1mq[22m[2m to quit[22m
c[3J[1m[44m RERUN [49m[22m [34m[2mservices/VmindSyncEngine.ts [22m[39m
       [2m Filename pattern: [22m[34mservices/VmindSyncEngine.test.ts[39m

 [31mâ¯[39m services/VmindSyncEngine.test.ts [2m([22m[2m5 tests[22m[2m | [22m[31m5 failed[39m[2m)[22m[33m 10158[2mms[22m[39m
[31m     [31mĂ—[31m TC_SYNC_01: should add an action to the queue and process it successfully[39m[32m 60[2mms[22m[39m
[31m     [31mĂ—[31m TC_SYNC_02: should retry a failed action with exponential backoff[39m[32m 27[2mms[22m[39m
[31m     [31mĂ—[31m TC_SYNC_03: should mark an action as "failed" and pause after max retries[39m[32m 11[2mms[22m[39m
[31m     [31mĂ—[31m TC_SYNC_04: should allow manually retrying a failed item[39m[33m 5018[2mms[22m[39m
[31m     [31mĂ—[31m TC_SYNC_05: should allow discarding a failed item from the queue[39m[33m 5024[2mms[22m[39m
 [31mâ¯[39m __tests__/services/VmindSyncEngine.test.ts [2m([22m[2m5 tests[22m[2m | [22m[31m5 failed[39m[2m)[22m[33m 10177[2mms[22m[39m
[31m     [31mĂ—[31m TC_SYNC_01: should add an action to the queue and process it successfully[39m[32m 58[2mms[22m[39m
[31m     [31mĂ—[31m TC_SYNC_02: should retry a failed action with exponential backoff[39m[32m 13[2mms[22m[39m
[31m     [31mĂ—[31m TC_SYNC_03: should mark an action as "failed" and pause after max retries[39m[32m 56[2mms[22m[39m
[31m     [31mĂ—[31m TC_SYNC_04: should allow manually retrying a failed item[39m[33m 5013[2mms[22m[39m
[31m     [31mĂ—[31m TC_SYNC_05: should allow discarding a failed item from the queue[39m[33m 5029[2mms[22m[39m

[31mâ¯â¯â¯â¯â¯â¯[39m[1
m[41m Failed Tests 10 [49m[2
2m[31mâ¯â¯â¯â¯â¯â¯â¯[3
9m

[41m[1m FAIL [22m[49m __tes
ts__/services/VmindSyncEngine.t
est.ts[2m > 
[22mVmindSyncEngine[2m > 
[22mTC_SYNC_01: should add an 
action to the queue and 
process it successfully
[31m[1mAssertionError[22m: 
expected "vi.fn()" to be 
called 1 times, but got 0 
times[39m
[36m [2mâ¯[22m __tests__/se
rvices/VmindSyncEngine.test.ts:
[2m124:48[22m[39m
    [90m122| [39m
    [90m123| [39m    [90m// 
Assert[39m
    [90m124| [39m    expect(s
upabase.from('vocab_rows').upse
rt).toHaveBeenCalledTimes(1â€¦
    [90m   | [39m            
                               
    [31m^[39m
    [90m125| [39m    expect(O
bject.keys(dbStore).length).toB
e(0); // Queue should be emâ€¦
    [90m126| [39m    [34mexp
ect[39m(setSyncStatusMock)[33
m.[39m[34mtoHaveBeenCalledWit
h[39m([32m'saving'[39m)[33m
;[39m

[31m[2mâ¯â¯â¯â¯â¯â¯â¯â
¯â¯â¯â¯â¯â¯â¯â¯â¯â¯â
¯â¯â¯â¯â¯â¯[1/10]â¯[22m
[39m

[41m[1m FAIL [22m[49m __tes
ts__/services/VmindSyncEngine.t
est.ts[2m > 
[22mVmindSyncEngine[2m > 
[22mTC_SYNC_02: should retry 
a failed action with 
exponential backoff
[31m[1mAssertionError[22m: 
expected "vi.fn()" to be 
called 1 times, but got 0 
times[39m
[36m [2mâ¯[22m __tests__/se
rvices/VmindSyncEngine.test.ts:
[2m145:48[22m[39m
    [90m143| [39m    
    [90m144| [39m    [90m// 
Assert after first failure[39m
    [90m145| [39m    expect(s
upabase.from('vocab_rows').upse
rt).toHaveBeenCalledTimes(1â€¦
    [90m   | [39m            
                               
    [31m^[39m
    [90m146| [39m    
[35mconst[39m actionInDB 
[33m=[39m [33mObject[39m[3
3m.[39m[34mvalues[39m(dbStor
e)[[34m0[39m][33m;[39m
    [90m147| [39m    [34mexp
ect[39m(actionInDB[33m.[39mr
etries)[33m.[39m[34mtoBe[39
m([34m1[39m)[33m;[39m

[31m[2mâ¯â¯â¯â¯â¯â¯â¯â
¯â¯â¯â¯â¯â¯â¯â¯â¯â¯â
¯â¯â¯â¯â¯â¯[2/10]â¯[22m
[39m

[41m[1m FAIL [22m[49m __tes
ts__/services/VmindSyncEngine.t
est.ts[2m > 
[22mVmindSyncEngine[2m > 
[22mTC_SYNC_03: should mark 
an action as "failed" and 
pause after max retries
[31m[1mAssertionError[22m: 
expected "vi.fn()" to be 
called 5 times, but got 0 
times[39m
[36m [2mâ¯[22m __tests__/se
rvices/VmindSyncEngine.test.ts:
[2m177:48[22m[39m


[31m[2mâ¯â¯â¯â¯â¯â¯â¯â
¯â¯â¯â¯â¯â¯â¯â¯â¯â¯â
¯â¯â¯â¯â¯â¯[3/10]â¯[22m
[39m

[41m[1m FAIL [22m[49m __tes
ts__/services/VmindSyncEngine.t
est.ts[2m > 
[22mVmindSyncEngine[2m > 
[22mTC_SYNC_04: should allow 
manually retrying a failed item
[31m[1mError[22m: Test 
timed out in 5000ms.
If this is a long-running 
test, pass a timeout value as 
the last argument or configure 
it globally with 
"testTimeout".[39m
[36m [2mâ¯[22m __tests__/se
rvices/VmindSyncEngine.test.ts:
[2m186:3[22m[39m
    [90m184| [39m  
})[33m;[39m
    [90m185| [39m
    [90m186| [39m  
it('TC_SYNC_04: should allow 
manually retrying a failed 
item', asyncâ€¦
    [90m   | [39m  
[31m^[39m
    [90m187| [39m     
[90m// Arrange: Create a 
failed item[39m
    [90m188| [39m    
[35mconst[39m 
failedAction[33m:[39m 
[33mSyncAction[39m 
[33m=[39m {

[31m[2mâ¯â¯â¯â¯â¯â¯â¯â
¯â¯â¯â¯â¯â¯â¯â¯â¯â¯â
¯â¯â¯â¯â¯â¯[4/10]â¯[22m
[39m

[41m[1m FAIL [22m[49m __tes
ts__/services/VmindSyncEngine.t
est.ts[2m > 
[22mVmindSyncEngine[2m > 
[22mTC_SYNC_05: should allow 
discarding a failed item from 
the queue
[31m[1mError[22m: Test 
timed out in 5000ms.
If this is a long-running 
test, pass a timeout value as 
the last argument or configure 
it globally with 
"testTimeout".[39m
[36m [2mâ¯[22m __tests__/se
rvices/VmindSyncEngine.test.ts:
[2m214:3[22m[39m
    [90m212| [39m  
})[33m;[39m
    [90m213| [39m
    [90m214| [39m  
it('TC_SYNC_05: should allow 
discarding a failed item from 
the queueâ€¦
    [90m   | [39m  
[31m^[39m
    [90m215| [39m    [90m// 
Arrange[39m
    [90m216| [39m    
[35mconst[39m 
failedAction[33m:[39m 
[33mSyncAction[39m 
[33m=[39m {

[31m[2mâ¯â¯â¯â¯â¯â¯â¯â
¯â¯â¯â¯â¯â¯â¯â¯â¯â¯â
¯â¯â¯â¯â¯â¯[5/10]â¯[22m
[39m

[41m[1m FAIL [22m[49m servi
ces/VmindSyncEngine.test.ts[2m
 > [22mVmindSyncEngine[2m > 
[22mTC_SYNC_01: should add an 
action to the queue and 
process it successfully
[31m[1mAssertionError[22m: 
expected "vi.fn()" to be 
called 1 times, but got 0 
times[39m
[36m [2mâ¯[22m services/Vmi
ndSyncEngine.test.ts:[2m117:48
[22m[39m
    [90m115| [39m
    [90m116| [39m    [90m// 
Assert[39m
    [90m117| [39m    expect(s
upabase.from('vocab_rows').upse
rt).toHaveBeenCalledTimes(1â€¦
    [90m   | [39m            
                               
    [31m^[39m
    [90m118| [39m    expect(O
bject.keys(dbStore).length).toB
e(0); // Queue should be emâ€¦
    [90m119| [39m    [34mexp
ect[39m(setSyncStatusMock)[33
m.[39m[34mtoHaveBeenCalledWit
h[39m([32m'saving'[39m)[33m
;[39m

[31m[2mâ¯â¯â¯â¯â¯â¯â¯â
¯â¯â¯â¯â¯â¯â¯â¯â¯â¯â
¯â¯â¯â¯â¯â¯[6/10]â¯[22m
[39m

[41m[1m FAIL [22m[49m servi
ces/VmindSyncEngine.test.ts[2m
 > [22mVmindSyncEngine[2m > 
[22mTC_SYNC_02: should retry 
a failed action with 
exponential backoff
[31m[1mAssertionError[22m: 
expected "vi.fn()" to be 
called 1 times, but got 0 
times[39m
[36m [2mâ¯[22m services/Vmi
ndSyncEngine.test.ts:[2m138:48
[22m[39m
    [90m136| [39m    
    [90m137| [39m    [90m// 
Assert after first failure[39m
    [90m138| [39m    expect(s
upabase.from('vocab_rows').upse
rt).toHaveBeenCalledTimes(1â€¦
    [90m   | [39m            
                               
    [31m^[39m
    [90m139| [39m    
[35mconst[39m actionInDB 
[33m=[39m [33mObject[39m[3
3m.[39m[34mvalues[39m(dbStor
e)[[34m0[39m][33m;[39m
    [90m140| [39m    [34mexp
ect[39m(actionInDB[33m.[39mr
etries)[33m.[39m[34mtoBe[39
m([34m1[39m)[33m;[39m

[31m[2mâ¯â¯â¯â¯â¯â¯â¯â
¯â¯â¯â¯â¯â¯â¯â¯â¯â¯â
¯â¯â¯â¯â¯â¯[7/10]â¯[22m
[39m

[41m[1m FAIL [22m[49m servi
ces/VmindSyncEngine.test.ts[2m
 > [22mVmindSyncEngine[2m > 
[22mTC_SYNC_03: should mark 
an action as "failed" and 
pause after max retries
[31m[1mAssertionError[22m: 
expected "vi.fn()" to be 
called 5 times, but got 0 
times[39m
[36m [2mâ¯[22m services/Vmi
ndSyncEngine.test.ts:[2m170:48
[22m[39m


[31m[2mâ¯â¯â¯â¯â¯â¯â¯â
¯â¯â¯â¯â¯â¯â¯â¯â¯â¯â
¯â¯â¯â¯â¯â¯[8/10]â¯[22m
[39m

[41m[1m FAIL [22m[49m servi
ces/VmindSyncEngine.test.ts[2m
 > [22mVmindSyncEngine[2m > 
[22mTC_SYNC_04: should allow 
manually retrying a failed item
[31m[1mError[22m: Test 
timed out in 5000ms.
If this is a long-running 
test, pass a timeout value as 
the last argument or configure 
it globally with 
"testTimeout".[39m
[36m [2mâ¯[22m services/Vmi
ndSyncEngine.test.ts:[2m179:3
[22m[39m
    [90m177| [39m  
})[33m;[39m
    [90m178| [39m
    [90m179| [39m  
it('TC_SYNC_04: should allow 
manually retrying a failed 
item', asyncâ€¦
    [90m   | [39m  
[31m^[39m
    [90m180| [39m     
[90m// Arrange: Create a 
failed item[39m
    [90m181| [39m    
[35mconst[39m 
failedAction[33m:[39m 
[33mSyncAction[39m 
[33m=[39m {

[31m[2mâ¯â¯â¯â¯â¯â¯â¯â
¯â¯â¯â¯â¯â¯â¯â¯â¯â¯â
¯â¯â¯â¯â¯â¯[9/10]â¯[22m
[39m

[41m[1m FAIL [22m[49m servi
ces/VmindSyncEngine.test.ts[2m
 > [22mVmindSyncEngine[2m > 
[22mTC_SYNC_05: should allow 
discarding a failed item from 
the queue
[31m[1mError[22m: Test 
timed out in 5000ms.
If this is a long-running 
test, pass a timeout value as 
the last argument or configure 
it globally with 
"testTimeout".[39m
[36m [2mâ¯[22m services/Vmi
ndSyncEngine.test.ts:[2m207:3
[22m[39m
    [90m205| [39m  
})[33m;[39m
    [90m206| [39m
    [90m207| [39m  
it('TC_SYNC_05: should allow 
discarding a failed item from 
the queueâ€¦
    [90m   | [39m  
[31m^[39m
    [90m208| [39m    [90m// 
Arrange[39m
    [90m209| [39m    
[35mconst[39m 
failedAction[33m:[39m 
[33mSyncAction[39m 
[33m=[39m {


[31m[2mâ¯â¯â¯â¯â¯â¯â¯â
¯â¯â¯â¯â¯â¯â¯â¯â¯â¯â
¯â¯â¯â¯â¯[10/10]â¯[22m[3
9m

[2m Test Files [22m [1m[31m2 failed[39m[22m[90m (2)[39m
[2m      Tests [22m [1m[31m10 failed[39m[22m[90m (10)[39m
[2m   Start at [22m 17:25:09
[2m   Duration [22m 25.15s

[1m[41m FAIL [49m[22m [31mTests failed. Watching for file changes...[39m
       [2mpress [22m[1mh[22m[2m to show help[22m[2m, [22m[2mpress [22m[1mq[22m[2m to quit[22m
c[3J[1m[44m RERUN [49m[22m [34m[2mservices/VmindSyncEngine.test.ts [22m[34mx2 [34m[39m
       [2m Filename pattern: [22m[34mservices/VmindSyncEngine.test.ts[39m

 [31mâ¯[39m __tests__/services/VmindSyncEngine.test.ts [2m([22m[2m5 tests[22m[2m | [22m[31m5 failed[39m[2m)[22m[33m 10177[2mms[22m[39m
[31m     [31mĂ—[31m TC_SYNC_01: should add an action to the queue and process it successfully[39m[32m 58[2mms[22m[39m
[31m     [31mĂ—[31m TC_SYNC_02: should retry a failed action with exponential backoff[39m[32m 13[2mms[22m[39m
[31m     [31mĂ—[31m TC_SYNC_03: should mark an action as "failed" and pause after max retries[39m[32m 56[2mms[22m[39m
[31m     [31mĂ—[31m TC_SYNC_04: should allow manually retrying a failed item[39m[33m 5013[2mms[22m[39m
[31m     [31mĂ—[31m TC_SYNC_05: should allow discarding a failed item from the queue[39m[33m 5029[2mms[22m[39m
 [31mâ¯[39m services/VmindSyncEngine.test.ts [2m([22m[2m6 tests[22m[2m | [22m[31m6 failed[39m[2m)[22m[33m 10159[2mms[22m[39m
[31m     [31mĂ—[31m TC_SYNC_01: should add an action to the queue and process it successfully[39m[32m 64[2mms[22m[39m
[31m     [31mĂ—[31m TC_SYNC_02: should retry a failed action with exponential backoff[39m[32m 13[2mms[22m[39m
[31m     [31mĂ—[31m TC_SYNC_03: should mark an action as "failed" and pause after max retries[39m[32m 7[2mms[22m[39m
[31m     [31mĂ—[31m TC_SYNC_04: should allow manually retrying a failed item[39m[33m 5012[2mms[22m[39m
[31m     [31mĂ—[31m TC_SYNC_05: should allow discarding a failed item from the queue[39m[33m 5043[2mms[22m[39m
[31m     [31mĂ—[31m TC_SYNC_06: should handle 23503 Foreign Key error by deferring the item[39m[32m 9[2mms[22m[39m

[31mâ¯â¯â¯â¯â¯â¯â¯[39m
[1m[41m Failed Tests 6 [49m
[22m[31mâ¯â¯â¯â¯â¯â¯â¯
[39m

[41m[1m FAIL [22m[49m servi
ces/VmindSyncEngine.test.ts[2m
 > [22mVmindSyncEngine[2m > 
[22mTC_SYNC_01: should add an 
action to the queue and 
process it successfully
[31m[1mAssertionError[22m: 
expected "vi.fn()" to be 
called 1 times, but got 0 
times[39m
[36m [2mâ¯[22m services/Vmi
ndSyncEngine.test.ts:[2m117:48
[22m[39m
    [90m115| [39m
    [90m116| [39m    [90m// 
Assert[39m
    [90m117| [39m    expect(s
upabase.from('vocab_rows').upse
rt).toHaveBeenCalledTimes(1â€¦
    [90m   | [39m            
                               
    [31m^[39m
    [90m118| [39m    expect(O
bject.keys(dbStore).length).toB
e(0); // Queue should be emâ€¦
    [90m119| [39m    [34mexp
ect[39m(setSyncStatusMock)[33
m.[39m[34mtoHaveBeenCalledWit
h[39m([32m'saving'[39m)[33m
;[39m

[31m[2mâ¯â¯â¯â¯â¯â¯â¯â
¯â¯â¯â¯â¯â¯â¯â¯â¯â¯â
¯â¯â¯â¯â¯â¯â¯[1/6]â¯[22
m[39m

[41m[1m FAIL [22m[49m servi
ces/VmindSyncEngine.test.ts[2m
 > [22mVmindSyncEngine[2m > 
[22mTC_SYNC_02: should retry 
a failed action with 
exponential backoff
[31m[1mAssertionError[22m: 
expected "vi.fn()" to be 
called 1 times, but got 0 
times[39m
[36m [2mâ¯[22m services/Vmi
ndSyncEngine.test.ts:[2m138:48
[22m[39m
    [90m136| [39m
    [90m137| [39m    [90m// 
Assert after first failure[39m
    [90m138| [39m    expect(s
upabase.from('vocab_rows').upse
rt).toHaveBeenCalledTimes(1â€¦
    [90m   | [39m            
                               
    [31m^[39m
    [90m139| [39m    
[35mconst[39m actionInDB 
[33m=[39m [33mObject[39m[3
3m.[39m[34mvalues[39m(dbStor
e)[[34m0[39m][33m;[39m
    [90m140| [39m    [34mexp
ect[39m(actionInDB[33m.[39mr
etries)[33m.[39m[34mtoBe[39
m([34m1[39m)[33m;[39m

[31m[2mâ¯â¯â¯â¯â¯â¯â¯â
¯â¯â¯â¯â¯â¯â¯â¯â¯â¯â
¯â¯â¯â¯â¯â¯â¯[2/6]â¯[22
m[39m

[41m[1m FAIL [22m[49m servi
ces/VmindSyncEngine.test.ts[2m
 > [22mVmindSyncEngine[2m > 
[22mTC_SYNC_03: should mark 
an action as "failed" and 
pause after max retries
[31m[1mAssertionError[22m: 
expected "vi.fn()" to be 
called 5 times, but got 0 
times[39m
[36m [2mâ¯[22m services/Vmi
ndSyncEngine.test.ts:[2m170:48
[22m[39m


[31m[2mâ¯â¯â¯â¯â¯â¯â¯â
¯â¯â¯â¯â¯â¯â¯â¯â¯â¯â
¯â¯â¯â¯â¯â¯â¯[3/6]â¯[22
m[39m

[41m[1m FAIL [22m[49m servi
ces/VmindSyncEngine.test.ts[2m
 > [22mVmindSyncEngine[2m > 
[22mTC_SYNC_04: should allow 
manually retrying a failed item
[31m[1mError[22m: Test 
timed out in 5000ms.
If this is a long-running 
test, pass a timeout value as 
the last argument or configure 
it globally with 
"testTimeout".[39m
[36m [2mâ¯[22m services/Vmi
ndSyncEngine.test.ts:[2m179:3
[22m[39m
    [90m177| [39m  
})[33m;[39m
    [90m178| [39m
    [90m179| [39m  
it('TC_SYNC_04: should allow 
manually retrying a failed 
item', asyncâ€¦
    [90m   | [39m  
[31m^[39m
    [90m180| [39m    [90m// 
Arrange: Create a failed 
item[39m
    [90m181| [39m    
[35mconst[39m 
failedAction[33m:[39m 
[33mSyncAction[39m 
[33m=[39m {

[31m[2mâ¯â¯â¯â¯â¯â¯â¯â
¯â¯â¯â¯â¯â¯â¯â¯â¯â¯â
¯â¯â¯â¯â¯â¯â¯[4/6]â¯[22
m[39m

[41m[1m FAIL [22m[49m servi
ces/VmindSyncEngine.test.ts[2m
 > [22mVmindSyncEngine[2m > 
[22mTC_SYNC_05: should allow 
discarding a failed item from 
the queue
[31m[1mError[22m: Test 
timed out in 5000ms.
If this is a long-running 
test, pass a timeout value as 
the last argument or configure 
it globally with 
"testTimeout".[39m
[36m [2mâ¯[22m services/Vmi
ndSyncEngine.test.ts:[2m207:3
[22m[39m
    [90m205| [39m  
})[33m;[39m
    [90m206| [39m
    [90m207| [39m  
it('TC_SYNC_05: should allow 
discarding a failed item from 
the queueâ€¦
    [90m   | [39m  
[31m^[39m
    [90m208| [39m    [90m// 
Arrange[39m
    [90m209| [39m    
[35mconst[39m 
failedAction[33m:[39m 
[33mSyncAction[39m 
[33m=[39m {

[31m[2mâ¯â¯â¯â¯â¯â¯â¯â
¯â¯â¯â¯â¯â¯â¯â¯â¯â¯â
¯â¯â¯â¯â¯â¯â¯[5/6]â¯[22
m[39m

[41m[1m FAIL [22m[49m servi
ces/VmindSyncEngine.test.ts[2m
 > [22mVmindSyncEngine[2m > 
[22mTC_SYNC_06: should handle 
23503 Foreign Key error by 
deferring the item
[31m[1mAssertionError[22m: 
expected "vi.fn()" to be 
called 2 times, but got 0 
times[39m
[36m [2mâ¯[22m services/Vmi
ndSyncEngine.test.ts:[2m267:48
[22m[39m
    [90m265| [39m
    [90m266| [39m    [90m// 
Check calls[39m
    [90m267| [39m    expect(s
upabase.from('vocab_rows').upse
rt).toHaveBeenCalledTimes(2â€¦
    [90m   | [39m            
                               
    [31m^[39m
    [90m268| [39m    expect(s
upabase.from('concept_levels').
upsert).toHaveBeenCalledTimâ€¦
    [90m269| [39m    [34mexp
ect[39m([33mObject[39m[33m.
[39m[34mkeys[39m(dbStore)[3
3m.[39mlength)[33m.[39m[34m
toBe[39m([34m0[39m)[33m;[3
9m [90m// Everything 
synced[39m

[31m[2mâ¯â¯â¯â¯â¯â¯â¯â
¯â¯â¯â¯â¯â¯â¯â¯â¯â¯â
¯â¯â¯â¯â¯â¯â¯[6/6]â¯[22
m[39m


[2m Test Files [22m [1m[31m2 failed[39m[22m[90m (2)[39m
[2m      Tests [22m [1m[31m11 failed[39m[22m[90m (11)[39m
[2m   Start at [22m 18:03:28
[2m   Duration [22m 11.62s

[1m[41m FAIL [49m[22m [31mTests failed. Watching for file changes...[39m
       [2mpress [22m[1mh[22m[2m to show help[22m[2m, [22m[2mpress [22m[1mq[22m[2m to quit[22m
c[3J[1m[44m RERUN [49m[22m [34m[2mservices/VmindSyncEngine.ts [22m[39m
       [2m Filename pattern: [22m[34mservices/VmindSyncEngine.test.ts[39m

 [31mâ¯[39m services/VmindSyncEngine.test.ts [2m([22m[2m6 tests[22m[2m | [22m[31m6 failed[39m[2m)[22m[33m 10109[2mms[22m[39m
[31m     [31mĂ—[31m TC_SYNC_01: should add an action to the queue and process it successfully[39m[32m 42[2mms[22m[39m
[31m     [31mĂ—[31m TC_SYNC_02: should retry a failed action with exponential backoff[39m[32m 9[2mms[22m[39m
[31m     [31mĂ—[31m TC_SYNC_03: should mark an action as "failed" and pause after max retries[39m[32m 8[2mms[22m[39m
[31m     [31mĂ—[31m TC_SYNC_04: should allow manually retrying a failed item[39m[33m 5017[2mms[22m[39m
[31m     [31mĂ—[31m TC_SYNC_05: should allow discarding a failed item from the queue[39m[33m 5017[2mms[22m[39m
[31m     [31mĂ—[31m TC_SYNC_06: should handle 23503 Foreign Key error by deferring the item[39m[32m 9[2mms[22m[39m
 [31mâ¯[39m __tests__/services/VmindSyncEngine.test.ts [2m([22m[2m5 tests[22m[2m | [22m[31m5 failed[39m[2m)[22m[33m 10120[2mms[22m[39m
[31m     [31mĂ—[31m TC_SYNC_01: should add an action to the queue and process it successfully[39m[32m 44[2mms[22m[39m
[31m     [31mĂ—[31m TC_SYNC_02: should retry a failed action with exponential backoff[39m[32m 10[2mms[22m[39m
[31m     [31mĂ—[31m TC_SYNC_03: should mark an action as "failed" and pause after max retries[39m[32m 22[2mms[22m[39m
[31m     [31mĂ—[31m TC_SYNC_04: should allow manually retrying a failed item[39m[33m 5017[2mms[22m[39m
[31m     [31mĂ—[31m TC_SYNC_05: should allow discarding a failed item from the queue[39m[33m 5018[2mms[22m[39m

[31mâ¯â¯â¯â¯â¯â¯[39m[1
m[41m Failed Tests 11 [49m[2
2m[31mâ¯â¯â¯â¯â¯â¯â¯[3
9m

[41m[1m FAIL [22m[49m __tes
ts__/services/VmindSyncEngine.t
est.ts[2m > 
[22mVmindSyncEngine[2m > 
[22mTC_SYNC_01: should add an 
action to the queue and 
process it successfully
[31m[1mAssertionError[22m: 
expected "vi.fn()" to be 
called 1 times, but got 0 
times[39m
[36m [2mâ¯[22m __tests__/se
rvices/VmindSyncEngine.test.ts:
[2m124:48[22m[39m
    [90m122| [39m
    [90m123| [39m    [90m// 
Assert[39m
    [90m124| [39m    expect(s
upabase.from('vocab_rows').upse
rt).toHaveBeenCalledTimes(1â€¦
    [90m   | [39m            
                               
    [31m^[39m
    [90m125| [39m    expect(O
bject.keys(dbStore).length).toB
e(0); // Queue should be emâ€¦
    [90m126| [39m    [34mexp
ect[39m(setSyncStatusMock)[33
m.[39m[34mtoHaveBeenCalledWit
h[39m([32m'saving'[39m)[33m
;[39m

[31m[2mâ¯â¯â¯â¯â¯â¯â¯â
¯â¯â¯â¯â¯â¯â¯â¯â¯â¯â
¯â¯â¯â¯â¯â¯[1/11]â¯[22m
[39m

[41m[1m FAIL [22m[49m __tes
ts__/services/VmindSyncEngine.t
est.ts[2m > 
[22mVmindSyncEngine[2m > 
[22mTC_SYNC_02: should retry 
a failed action with 
exponential backoff
[31m[1mAssertionError[22m: 
expected "vi.fn()" to be 
called 1 times, but got 0 
times[39m
[36m [2mâ¯[22m __tests__/se
rvices/VmindSyncEngine.test.ts:
[2m145:48[22m[39m
    [90m143| [39m    
    [90m144| [39m    [90m// 
Assert after first failure[39m
    [90m145| [39m    expect(s
upabase.from('vocab_rows').upse
rt).toHaveBeenCalledTimes(1â€¦
    [90m   | [39m            
                               
    [31m^[39m
    [90m146| [39m    
[35mconst[39m actionInDB 
[33m=[39m [33mObject[39m[3
3m.[39m[34mvalues[39m(dbStor
e)[[34m0[39m][33m;[39m
    [90m147| [39m    [34mexp
ect[39m(actionInDB[33m.[39mr
etries)[33m.[39m[34mtoBe[39
m([34m1[39m)[33m;[39m

[31m[2mâ¯â¯â¯â¯â¯â¯â¯â
¯â¯â¯â¯â¯â¯â¯â¯â¯â¯â
¯â¯â¯â¯â¯â¯[2/11]â¯[22m
[39m

[41m[1m FAIL [22m[49m __tes
ts__/services/VmindSyncEngine.t
est.ts[2m > 
[22mVmindSyncEngine[2m > 
[22mTC_SYNC_03: should mark 
an action as "failed" and 
pause after max retries
[31m[1mAssertionError[22m: 
expected "vi.fn()" to be 
called 5 times, but got 0 
times[39m
[36m [2mâ¯[22m __tests__/se
rvices/VmindSyncEngine.test.ts:
[2m177:48[22m[39m


[31m[2mâ¯â¯â¯â¯â¯â¯â¯â
¯â¯â¯â¯â¯â¯â¯â¯â¯â¯â
¯â¯â¯â¯â¯â¯[3/11]â¯[22m
[39m

[41m[1m FAIL [22m[49m __tes
ts__/services/VmindSyncEngine.t
est.ts[2m > 
[22mVmindSyncEngine[2m > 
[22mTC_SYNC_04: should allow 
manually retrying a failed item
[31m[1mError[22m: Test 
timed out in 5000ms.
If this is a long-running 
test, pass a timeout value as 
the last argument or configure 
it globally with 
"testTimeout".[39m
[36m [2mâ¯[22m __tests__/se
rvices/VmindSyncEngine.test.ts:
[2m186:3[22m[39m
    [90m184| [39m  
})[33m;[39m
    [90m185| [39m
    [90m186| [39m  
it('TC_SYNC_04: should allow 
manually retrying a failed 
item', asyncâ€¦
    [90m   | [39m  
[31m^[39m
    [90m187| [39m     
[90m// Arrange: Create a 
failed item[39m
    [90m188| [39m    
[35mconst[39m 
failedAction[33m:[39m 
[33mSyncAction[39m 
[33m=[39m {

[31m[2mâ¯â¯â¯â¯â¯â¯â¯â
¯â¯â¯â¯â¯â¯â¯â¯â¯â¯â
¯â¯â¯â¯â¯â¯[4/11]â¯[22m
[39m

[41m[1m FAIL [22m[49m __tes
ts__/services/VmindSyncEngine.t
est.ts[2m > 
[22mVmindSyncEngine[2m > 
[22mTC_SYNC_05: should allow 
discarding a failed item from 
the queue
[31m[1mError[22m: Test 
timed out in 5000ms.
If this is a long-running 
test, pass a timeout value as 
the last argument or configure 
it globally with 
"testTimeout".[39m
[36m [2mâ¯[22m __tests__/se
rvices/VmindSyncEngine.test.ts:
[2m214:3[22m[39m
    [90m212| [39m  
})[33m;[39m
    [90m213| [39m
    [90m214| [39m  
it('TC_SYNC_05: should allow 
discarding a failed item from 
the queueâ€¦
    [90m   | [39m  
[31m^[39m
    [90m215| [39m    [90m// 
Arrange[39m
    [90m216| [39m    
[35mconst[39m 
failedAction[33m:[39m 
[33mSyncAction[39m 
[33m=[39m {

[31m[2mâ¯â¯â¯â¯â¯â¯â¯â
¯â¯â¯â¯â¯â¯â¯â¯â¯â¯â
¯â¯â¯â¯â¯â¯[5/11]â¯[22m
[39m

[41m[1m FAIL [22m[49m servi
ces/VmindSyncEngine.test.ts[2m
 > [22mVmindSyncEngine[2m > 
[22mTC_SYNC_01: should add an 
action to the queue and 
process it successfully
[31m[1mAssertionError[22m: 
expected "vi.fn()" to be 
called 1 times, but got 0 
times[39m
[90m [2mâ¯[22m services/Vmi
ndSyncEngine.test.ts:[2m117:48
[22m[39m

[31m[2mâ¯â¯â¯â¯â¯â¯â¯â
¯â¯â¯â¯â¯â¯â¯â¯â¯â¯â
¯â¯â¯â¯â¯â¯[6/11]â¯[22m
[39m

[41m[1m FAIL [22m[49m servi
ces/VmindSyncEngine.test.ts[2m
 > [22mVmindSyncEngine[2m > 
[22mTC_SYNC_02: should retry 
a failed action with 
exponential backoff
[31m[1mAssertionError[22m: 
expected "vi.fn()" to be 
called 1 times, but got 0 
times[39m
[90m [2mâ¯[22m services/Vmi
ndSyncEngine.test.ts:[2m138:48
[22m[39m

[31m[2mâ¯â¯â¯â¯â¯â¯â¯â
¯â¯â¯â¯â¯â¯â¯â¯â¯â¯â
¯â¯â¯â¯â¯â¯[7/11]â¯[22m
[39m

[41m[1m FAIL [22m[49m servi
ces/VmindSyncEngine.test.ts[2m
 > [22mVmindSyncEngine[2m > 
[22mTC_SYNC_03: should mark 
an action as "failed" and 
pause after max retries
[31m[1mAssertionError[22m: 
expected "vi.fn()" to be 
called 5 times, but got 0 
times[39m
[90m [2mâ¯[22m services/Vmi
ndSyncEngine.test.ts:[2m170:48
[22m[39m

[31m[2mâ¯â¯â¯â¯â¯â¯â¯â
¯â¯â¯â¯â¯â¯â¯â¯â¯â¯â
¯â¯â¯â¯â¯â¯[8/11]â¯[22m
[39m

[41m[1m FAIL [22m[49m servi
ces/VmindSyncEngine.test.ts[2m
 > [22mVmindSyncEngine[2m > 
[22mTC_SYNC_04: should allow 
manually retrying a failed item
[31m[1mError[22m: Test 
timed out in 5000ms.
If this is a long-running 
test, pass a timeout value as 
the last argument or configure 
it globally with 
"testTimeout".[39m
[90m [2mâ¯[22m services/Vmi
ndSyncEngine.test.ts:[2m179:3
[22m[39m

[31m[2mâ¯â¯â¯â¯â¯â¯â¯â
¯â¯â¯â¯â¯â¯â¯â¯â¯â¯â
¯â¯â¯â¯â¯â¯[9/11]â¯[22m
[39m

[41m[1m FAIL [22m[49m servi
ces/VmindSyncEngine.test.ts[2m
 > [22mVmindSyncEngine[2m > 
[22mTC_SYNC_05: should allow 
discarding a failed item from 
the queue
[31m[1mError[22m: Test 
timed out in 5000ms.
If this is a long-running 
test, pass a timeout value as 
the last argument or configure 
it globally with 
"testTimeout".[39m
[90m [2mâ¯[22m services/Vmi
ndSyncEngine.test.ts:[2m207:3
[22m[39m

[31m[2mâ¯â¯â¯â¯â¯â¯â¯â
¯â¯â¯â¯â¯â¯â¯â¯â¯â¯â
¯â¯â¯â¯â¯[10/11]â¯[22m[3
9m

[41m[1m FAIL [22m[49m servi
ces/VmindSyncEngine.test.ts[2m
 > [22mVmindSyncEngine[2m > 
[22mTC_SYNC_06: should handle 
23503 Foreign Key error by 
deferring the item
[31m[1mAssertionError[22m: 
expected "vi.fn()" to be 
called 2 times, but got 0 
times[39m
[90m [2mâ¯[22m services/Vmi
ndSyncEngine.test.ts:[2m267:48
[22m[39m

[31m[2mâ¯â¯â¯â¯â¯â¯â¯â
¯â¯â¯â¯â¯â¯â¯â¯â¯â¯â
¯â¯â¯â¯â¯[11/11]â¯[22m[3
9m


[2m Test Files [22m [1m[31m2 failed[39m[22m[90m (2)[39m
[2m      Tests [22m [1m[31m11 failed[39m[22m[90m (11)[39m
[2m   Start at [22m 18:04:12
[2m   Duration [22m 25.83s

[1m[41m FAIL [49m[22m [31mTests failed. Watching for file changes...[39m
       [2mpress [22m[1mh[22m[2m to show help[22m[2m, [22m[2mpress [22m[1mq[22m[2m to quit[22m
c[3J[1m[44m RERUN [49m[22m [34m[2mservices/VmindSyncEngine.test.ts [22m[34mx4 [34m[39m
       [2m Filename pattern: [22m[34mservices/VmindSyncEngine.test.ts[39m

 [31mâ¯[39m __tests__/services/VmindSyncEngine.test.ts [2m([22m[2m5 tests[22m[2m | [22m[31m5 failed[39m[2m)[22m[33m 10120[2mms[22m[39m
[31m     [31mĂ—[31m TC_SYNC_01: should add an action to the queue and process it successfully[39m[32m 44[2mms[22m[39m
[31m     [31mĂ—[31m TC_SYNC_02: should retry a failed action with exponential backoff[39m[32m 10[2mms[22m[39m
[31m     [31mĂ—[31m TC_SYNC_03: should mark an action as "failed" and pause after max retries[39m[32m 22[2mms[22m[39m
[31m     [31mĂ—[31m TC_SYNC_04: should allow manually retrying a failed item[39m[33m 5017[2mms[22m[39m
[31m     [31mĂ—[31m TC_SYNC_05: should allow discarding a failed item from the queue[39m[33m 5018[2mms[22m[39m
 [31mâ¯[39m services/VmindSyncEngine.test.ts [2m([22m[2m6 tests[22m[2m | [22m[31m6 failed[39m[2m)[22m[33m 10133[2mms[22m[39m
[31m     [31mĂ—[31m TC_SYNC_01: should add an action to the queue and process it successfully[39m[32m 39[2mms[22m[39m
[31m     [31mĂ—[31m TC_SYNC_02: should retry a failed action with exponential backoff[39m[32m 13[2mms[22m[39m
[31m     [31mĂ—[31m TC_SYNC_03: should mark an action as "failed" and pause after max retries[39m[32m 5[2mms[22m[39m
[31m     [31mĂ—[31m TC_SYNC_04: should allow manually retrying a failed item[39m[33m 5021[2mms[22m[39m
[31m     [31mĂ—[31m TC_SYNC_05: should allow discarding a failed item from the queue[39m[33m 5032[2mms[22m[39m
[31m     [31mĂ—[31m TC_SYNC_06: should handle 23503 Foreign Key error by deferring the item[39m[32m 9[2mms[22m[39m

[31mâ¯â¯â¯â¯â¯â¯â¯[39m
[1m[41m Failed Tests 6 [49m
[22m[31mâ¯â¯â¯â¯â¯â¯â¯
[39m

[41m[1m FAIL [22m[49m servi
ces/VmindSyncEngine.test.ts[2m
 > [22mVmindSyncEngine[2m > 
[22mTC_SYNC_01: should add an 
action to the queue and 
process it successfully
[31m[1mAssertionError[22m: 
expected "vi.fn()" to be 
called 1 times, but got 0 
times[39m
[36m [2mâ¯[22m services/Vmi
ndSyncEngine.test.ts:[2m118:48
[22m[39m
    [90m116| [39m
    [90m117| [39m    [90m// 
Assert[39m
    [90m118| [39m    expect(s
upabase.from('vocab_rows').upse
rt).toHaveBeenCalledTimes(1â€¦
    [90m   | [39m            
                               
    [31m^[39m
    [90m119| [39m    expect(O
bject.keys(dbStore).length).toB
e(0); // Queue should be emâ€¦
    [90m120| [39m    [34mexp
ect[39m(setSyncStatusMock)[33
m.[39m[34mtoHaveBeenCalledWit
h[39m([32m'saving'[39m)[33m
;[39m

[31m[2mâ¯â¯â¯â¯â¯â¯â¯â
¯â¯â¯â¯â¯â¯â¯â¯â¯â¯â
¯â¯â¯â¯â¯â¯â¯[1/6]â¯[22
m[39m

[41m[1m FAIL [22m[49m servi
ces/VmindSyncEngine.test.ts[2m
 > [22mVmindSyncEngine[2m > 
[22mTC_SYNC_02: should retry 
a failed action with 
exponential backoff
[31m[1mAssertionError[22m: 
expected "vi.fn()" to be 
called 1 times, but got 0 
times[39m
[36m [2mâ¯[22m services/Vmi
ndSyncEngine.test.ts:[2m139:48
[22m[39m
    [90m137| [39m
    [90m138| [39m    [90m// 
Assert after first failure[39m
    [90m139| [39m    expect(s
upabase.from('vocab_rows').upse
rt).toHaveBeenCalledTimes(1â€¦
    [90m   | [39m            
                               
    [31m^[39m
    [90m140| [39m    
[35mconst[39m actionInDB 
[33m=[39m [33mObject[39m[3
3m.[39m[34mvalues[39m(dbStor
e)[[34m0[39m][33m;[39m
    [90m141| [39m    [34mexp
ect[39m(actionInDB[33m.[39mr
etries)[33m.[39m[34mtoBe[39
m([34m1[39m)[33m;[39m

[31m[2mâ¯â¯â¯â¯â¯â¯â¯â
¯â¯â¯â¯â¯â¯â¯â¯â¯â¯â
¯â¯â¯â¯â¯â¯â¯[2/6]â¯[22
m[39m

[41m[1m FAIL [22m[49m servi
ces/VmindSyncEngine.test.ts[2m
 > [22mVmindSyncEngine[2m > 
[22mTC_SYNC_03: should mark 
an action as "failed" and 
pause after max retries
[31m[1mAssertionError[22m: 
expected "vi.fn()" to be 
called 5 times, but got 0 
times[39m
[36m [2mâ¯[22m services/Vmi
ndSyncEngine.test.ts:[2m171:48
[22m[39m


[31m[2mâ¯â¯â¯â¯â¯â¯â¯â
¯â¯â¯â¯â¯â¯â¯â¯â¯â¯â
¯â¯â¯â¯â¯â¯â¯[3/6]â¯[22
m[39m

[41m[1m FAIL [22m[49m servi
ces/VmindSyncEngine.test.ts[2m
 > [22mVmindSyncEngine[2m > 
[22mTC_SYNC_04: should allow 
manually retrying a failed item
[31m[1mError[22m: Test 
timed out in 5000ms.
If this is a long-running 
test, pass a timeout value as 
the last argument or configure 
it globally with 
"testTimeout".[39m
[36m [2mâ¯[22m services/Vmi
ndSyncEngine.test.ts:[2m180:3
[22m[39m
    [90m178| [39m  
})[33m;[39m
    [90m179| [39m
    [90m180| [39m  
it('TC_SYNC_04: should allow 
manually retrying a failed 
item', asyncâ€¦
    [90m   | [39m  
[31m^[39m
    [90m181| [39m    [90m// 
Arrange: Create a failed 
item[39m
    [90m182| [39m    
[35mconst[39m 
failedAction[33m:[39m 
[33mSyncAction[39m 
[33m=[39m {

[31m[2mâ¯â¯â¯â¯â¯â¯â¯â
¯â¯â¯â¯â¯â¯â¯â¯â¯â¯â
¯â¯â¯â¯â¯â¯â¯[4/6]â¯[22
m[39m

[41m[1m FAIL [22m[49m servi
ces/VmindSyncEngine.test.ts[2m
 > [22mVmindSyncEngine[2m > 
[22mTC_SYNC_05: should allow 
discarding a failed item from 
the queue
[31m[1mError[22m: Test 
timed out in 5000ms.
If this is a long-running 
test, pass a timeout value as 
the last argument or configure 
it globally with 
"testTimeout".[39m
[36m [2mâ¯[22m services/Vmi
ndSyncEngine.test.ts:[2m208:3
[22m[39m
    [90m206| [39m  
})[33m;[39m
    [90m207| [39m
    [90m208| [39m  
it('TC_SYNC_05: should allow 
discarding a failed item from 
the queueâ€¦
    [90m   | [39m  
[31m^[39m
    [90m209| [39m    [90m// 
Arrange[39m
    [90m210| [39m    
[35mconst[39m 
failedAction[33m:[39m 
[33mSyncAction[39m 
[33m=[39m {

[31m[2mâ¯â¯â¯â¯â¯â¯â¯â
¯â¯â¯â¯â¯â¯â¯â¯â¯â¯â
¯â¯â¯â¯â¯â¯â¯[5/6]â¯[22
m[39m

[41m[1m FAIL [22m[49m servi
ces/VmindSyncEngine.test.ts[2m
 > [22mVmindSyncEngine[2m > 
[22mTC_SYNC_06: should handle 
23503 Foreign Key error by 
deferring the item
[31m[1mAssertionError[22m: 
expected "vi.fn()" to be 
called 2 times, but got 0 
times[39m
[36m [2mâ¯[22m services/Vmi
ndSyncEngine.test.ts:[2m268:48
[22m[39m
    [90m266| [39m
    [90m267| [39m    [90m// 
Check calls[39m
    [90m268| [39m    expect(s
upabase.from('vocab_rows').upse
rt).toHaveBeenCalledTimes(2â€¦
    [90m   | [39m            
                               
    [31m^[39m
    [90m269| [39m    expect(s
upabase.from('concept_levels').
upsert).toHaveBeenCalledTimâ€¦
    [90m270| [39m    [34mexp
ect[39m([33mObject[39m[33m.
[39m[34mkeys[39m(dbStore)[3
3m.[39mlength)[33m.[39m[34m
toBe[39m([34m0[39m)[33m;[3
9m [90m// Everything 
synced[39m

[31m[2mâ¯â¯â¯â¯â¯â¯â¯â
¯â¯â¯â¯â¯â¯â¯â¯â¯â¯â
¯â¯â¯â¯â¯â¯â¯[6/6]â¯[22
m[39m


[2m Test Files [22m [1m[31m2 failed[39m[22m[90m (2)[39m
[2m      Tests [22m [1m[31m11 failed[39m[22m[90m (11)[39m
[2m   Start at [22m 18:04:33
[2m   Duration [22m 11.35s

[1m[41m FAIL [49m[22m [31mTests failed. Watching for file changes...[39m
       [2mpress [22m[1mh[22m[2m to show help[22m[2m, [22m[2mpress [22m[1mq[22m[2m to quit[22m
[33mTest removed...[39m[2m [ __tests__/services/VmindSyncEngine.test.ts ]
[22m
c[3J[1m[44m RERUN [49m[22m [34m[2mservices/VmindSyncEngine.test.ts [22m[34mx5 [34m[39m
       [2m Filename pattern: [22m[34mservices/VmindSyncEngine.test.ts[39m

 [31mâ¯[39m services/VmindSyncEngine.test.ts [2m([22m[2m6 tests[22m[2m | [22m[31m6 failed[39m[2m)[22m[33m 10127[2mms[22m[39m
[31m     [31mĂ—[31m TC_SYNC_01: should add an action to the queue and process it successfully[39m[32m 41[2mms[22m[39m
[31m     [31mĂ—[31m TC_SYNC_02: should retry a failed action with exponential backoff[39m[32m 32[2mms[22m[39m
[31m     [31mĂ—[31m TC_SYNC_03: should mark an action as "failed" and pause after max retries[39m[32m 12[2mms[22m[39m
[31m     [31mĂ—[31m TC_SYNC_04: should allow manually retrying a failed item[39m[33m 5013[2mms[22m[39m
[31m     [31mĂ—[31m TC_SYNC_05: should allow discarding a failed item from the queue[39m[33m 5018[2mms[22m[39m
[31m     [31mĂ—[31m TC_SYNC_06: should handle 23503 Foreign Key error by deferring the item[39m[32m 3[2mms[22m[39m

[31mâ¯â¯â¯â¯â¯â¯â¯[39m
[1m[41m Failed Tests 6 [49m
[22m[31mâ¯â¯â¯â¯â¯â¯â¯
[39m

[41m[1m FAIL [22m[49m servi
ces/VmindSyncEngine.test.ts[2m
 > [22mVmindSyncEngine[2m > 
[22mTC_SYNC_01: should add an 
action to the queue and 
process it successfully
[31m[1mAssertionError[22m: 
expected "vi.fn()" to be 
called 1 times, but got 0 
times[39m
[36m [2mâ¯[22m services/Vmi
ndSyncEngine.test.ts:[2m119:48
[22m[39m
    [90m117| [39m
    [90m118| [39m    [90m// 
Assert[39m
    [90m119| [39m    expect(s
upabase.from('vocab_rows').upse
rt).toHaveBeenCalledTimes(1â€¦
    [90m   | [39m            
                               
    [31m^[39m
    [90m120| [39m    expect(O
bject.keys(dbStore).length).toB
e(0); // Queue should be emâ€¦
    [90m121| [39m    [34mexp
ect[39m(setSyncStatusMock)[33
m.[39m[34mtoHaveBeenCalledWit
h[39m([32m'saving'[39m)[33m
;[39m

[31m[2mâ¯â¯â¯â¯â¯â¯â¯â
¯â¯â¯â¯â¯â¯â¯â¯â¯â¯â
¯â¯â¯â¯â¯â¯â¯[1/6]â¯[22
m[39m

[41m[1m FAIL [22m[49m servi
ces/VmindSyncEngine.test.ts[2m
 > [22mVmindSyncEngine[2m > 
[22mTC_SYNC_02: should retry 
a failed action with 
exponential backoff
[31m[1mAssertionError[22m: 
expected "vi.fn()" to be 
called 1 times, but got 0 
times[39m
[36m [2mâ¯[22m services/Vmi
ndSyncEngine.test.ts:[2m140:48
[22m[39m
    [90m138| [39m
    [90m139| [39m    [90m// 
Assert after first failure[39m
    [90m140| [39m    expect(s
upabase.from('vocab_rows').upse
rt).toHaveBeenCalledTimes(1â€¦
    [90m   | [39m            
                               
    [31m^[39m
    [90m141| [39m    
[35mconst[39m actionInDB 
[33m=[39m [33mObject[39m[3
3m.[39m[34mvalues[39m(dbStor
e)[[34m0[39m][33m;[39m
    [90m142| [39m    [34mexp
ect[39m(actionInDB[33m.[39mr
etries)[33m.[39m[34mtoBe[39
m([34m1[39m)[33m;[39m

[31m[2mâ¯â¯â¯â¯â¯â¯â¯â
¯â¯â¯â¯â¯â¯â¯â¯â¯â¯â
¯â¯â¯â¯â¯â¯â¯[2/6]â¯[22
m[39m

[41m[1m FAIL [22m[49m servi
ces/VmindSyncEngine.test.ts[2m
 > [22mVmindSyncEngine[2m > 
[22mTC_SYNC_03: should mark 
an action as "failed" and 
pause after max retries
[31m[1mAssertionError[22m: 
expected "vi.fn()" to be 
called 5 times, but got 0 
times[39m
[36m [2mâ¯[22m services/Vmi
ndSyncEngine.test.ts:[2m172:48
[22m[39m


[31m[2mâ¯â¯â¯â¯â¯â¯â¯â
¯â¯â¯â¯â¯â¯â¯â¯â¯â¯â
¯â¯â¯â¯â¯â¯â¯[3/6]â¯[22
m[39m

[41m[1m FAIL [22m[49m servi
ces/VmindSyncEngine.test.ts[2m
 > [22mVmindSyncEngine[2m > 
[22mTC_SYNC_04: should allow 
manually retrying a failed item
[31m[1mError[22m: Test 
timed out in 5000ms.
If this is a long-running 
test, pass a timeout value as 
the last argument or configure 
it globally with 
"testTimeout".[39m
[36m [2mâ¯[22m services/Vmi
ndSyncEngine.test.ts:[2m181:3
[22m[39m
    [90m179| [39m  
})[33m;[39m
    [90m180| [39m
    [90m181| [39m  
it('TC_SYNC_04: should allow 
manually retrying a failed 
item', asyncâ€¦
    [90m   | [39m  
[31m^[39m
    [90m182| [39m    [90m// 
Arrange: Create a failed 
item[39m
    [90m183| [39m    
[35mconst[39m 
failedAction[33m:[39m 
[33mSyncAction[39m 
[33m=[39m {

[31m[2mâ¯â¯â¯â¯â¯â¯â¯â
¯â¯â¯â¯â¯â¯â¯â¯â¯â¯â
¯â¯â¯â¯â¯â¯â¯[4/6]â¯[22
m[39m

[41m[1m FAIL [22m[49m servi
ces/VmindSyncEngine.test.ts[2m
 > [22mVmindSyncEngine[2m > 
[22mTC_SYNC_05: should allow 
discarding a failed item from 
the queue
[31m[1mError[22m: Test 
timed out in 5000ms.
If this is a long-running 
test, pass a timeout value as 
the last argument or configure 
it globally with 
"testTimeout".[39m
[36m [2mâ¯[22m services/Vmi
ndSyncEngine.test.ts:[2m209:3
[22m[39m
    [90m207| [39m  
})[33m;[39m
    [90m208| [39m
    [90m209| [39m  
it('TC_SYNC_05: should allow 
discarding a failed item from 
the queueâ€¦
    [90m   | [39m  
[31m^[39m
    [90m210| [39m    [90m// 
Arrange[39m
    [90m211| [39m    
[35mconst[39m 
failedAction[33m:[39m 
[33mSyncAction[39m 
[33m=[39m {

[31m[2mâ¯â¯â¯â¯â¯â¯â¯â
¯â¯â¯â¯â¯â¯â¯â¯â¯â¯â
¯â¯â¯â¯â¯â¯â¯[5/6]â¯[22
m[39m

[41m[1m FAIL [22m[49m servi
ces/VmindSyncEngine.test.ts[2m
 > [22mVmindSyncEngine[2m > 
[22mTC_SYNC_06: should handle 
23503 Foreign Key error by 
deferring the item
[31m[1mAssertionError[22m: 
expected "vi.fn()" to be 
called 2 times, but got 0 
times[39m
[36m [2mâ¯[22m services/Vmi
ndSyncEngine.test.ts:[2m269:48
[22m[39m
    [90m267| [39m
    [90m268| [39m    [90m// 
Check calls[39m
    [90m269| [39m    expect(s
upabase.from('vocab_rows').upse
rt).toHaveBeenCalledTimes(2â€¦
    [90m   | [39m            
                               
    [31m^[39m
    [90m270| [39m    expect(s
upabase.from('concept_levels').
upsert).toHaveBeenCalledTimâ€¦
    [90m271| [39m    [34mexp
ect[39m([33mObject[39m[33m.
[39m[34mkeys[39m(dbStore)[3
3m.[39mlength)[33m.[39m[34m
toBe[39m([34m0[39m)[33m;[3
9m [90m// Everything 
synced[39m

[31m[2mâ¯â¯â¯â¯â¯â¯â¯â
¯â¯â¯â¯â¯â¯â¯â¯â¯â¯â
¯â¯â¯â¯â¯â¯â¯[6/6]â¯[22
m[39m


[2m Test Files [22m [1m[31m1 failed[39m[22m[90m (1)[39m
[2m      Tests [22m [1m[31m6 failed[39m[22m[90m (6)[39m
[2m   Start at [22m 18:09:47
[2m   Duration [22m 11.71s

[1m[41m FAIL [49m[22m [31mTests failed. Watching for file changes...[39m
       [2mpress [22m[1mh[22m[2m to show help[22m[2m, [22m[2mpress [22m[1mq[22m[2m to quit[22m
c[3J[1m[44m RERUN [49m[22m [34m[2mservices/VmindSyncEngine.test.ts [22m[34mx6 [34m[39m
       [2m Filename pattern: [22m[34mservices/VmindSyncEngine.test.ts[39m

 [31mâ¯[39m services/VmindSyncEngine.test.ts [2m([22m[2m6 tests[22m[2m | [22m[31m6 failed[39m[2m)[22m[33m 10085[2mms[22m[39m
[31m     [31mĂ—[31m TC_SYNC_01: should add an action to the queue and process it successfully[39m[32m 43[2mms[22m[39m
[31m     [31mĂ—[31m TC_SYNC_02: should retry a failed action with exponential backoff[39m[32m 13[2mms[22m[39m
[31m     [31mĂ—[31m TC_SYNC_03: should mark an action as "failed" and pause after max retries[39m[32m 7[2mms[22m[39m
[31m     [31mĂ—[31m TC_SYNC_04: should allow manually retrying a failed item[39m[33m 5008[2mms[22m[39m
[31m     [31mĂ—[31m TC_SYNC_05: should allow discarding a failed item from the queue[39m[33m 5004[2mms[22m[39m
[31m     [31mĂ—[31m TC_SYNC_06: should handle 23503 Foreign Key error by deferring the item[39m[32m 4[2mms[22m[39m

[31mâ¯â¯â¯â¯â¯â¯â¯[39m
[1m[41m Failed Tests 6 [49m
[22m[31mâ¯â¯â¯â¯â¯â¯â¯
[39m

[41m[1m FAIL [22m[49m servi
ces/VmindSyncEngine.test.ts[2m
 > [22mVmindSyncEngine[2m > 
[22mTC_SYNC_01: should add an 
action to the queue and 
process it successfully
[31m[1mAssertionError[22m: 
expected "vi.fn()" to be 
called 1 times, but got 0 
times[39m
[36m [2mâ¯[22m services/Vmi
ndSyncEngine.test.ts:[2m120:48
[22m[39m
    [90m118| [39m
    [90m119| [39m    [90m// 
Assert[39m
    [90m120| [39m    expect(s
upabase.from('vocab_rows').upse
rt).toHaveBeenCalledTimes(1â€¦
    [90m   | [39m            
                               
    [31m^[39m
    [90m121| [39m    expect(O
bject.keys(dbStore).length).toB
e(0); // Queue should be emâ€¦
    [90m122| [39m    [34mexp
ect[39m(setSyncStatusMock)[33
m.[39m[34mtoHaveBeenCalledWit
h[39m([32m'saving'[39m)[33m
;[39m

[31m[2mâ¯â¯â¯â¯â¯â¯â¯â
¯â¯â¯â¯â¯â¯â¯â¯â¯â¯â
¯â¯â¯â¯â¯â¯â¯[1/6]â¯[22
m[39m

[41m[1m FAIL [22m[49m servi
ces/VmindSyncEngine.test.ts[2m
 > [22mVmindSyncEngine[2m > 
[22mTC_SYNC_02: should retry 
a failed action with 
exponential backoff
[31m[1mAssertionError[22m: 
expected "vi.fn()" to be 
called 1 times, but got 0 
times[39m
[36m [2mâ¯[22m services/Vmi
ndSyncEngine.test.ts:[2m141:48
[22m[39m
    [90m139| [39m
    [90m140| [39m    [90m// 
Assert after first failure[39m
    [90m141| [39m    expect(s
upabase.from('vocab_rows').upse
rt).toHaveBeenCalledTimes(1â€¦
    [90m   | [39m            
                               
    [31m^[39m
    [90m142| [39m    
[35mconst[39m actionInDB 
[33m=[39m [33mObject[39m[3
3m.[39m[34mvalues[39m(dbStor
e)[[34m0[39m][33m;[39m
    [90m143| [39m    [34mexp
ect[39m(actionInDB[33m.[39mr
etries)[33m.[39m[34mtoBe[39
m([34m1[39m)[33m;[39m

[31m[2mâ¯â¯â¯â¯â¯â¯â¯â
¯â¯â¯â¯â¯â¯â¯â¯â¯â¯â
¯â¯â¯â¯â¯â¯â¯[2/6]â¯[22
m[39m

[41m[1m FAIL [22m[49m servi
ces/VmindSyncEngine.test.ts[2m
 > [22mVmindSyncEngine[2m > 
[22mTC_SYNC_03: should mark 
an action as "failed" and 
pause after max retries
[31m[1mAssertionError[22m: 
expected "vi.fn()" to be 
called 5 times, but got 0 
times[39m
[36m [2mâ¯[22m services/Vmi
ndSyncEngine.test.ts:[2m173:48
[22m[39m


[31m[2mâ¯â¯â¯â¯â¯â¯â¯â
¯â¯â¯â¯â¯â¯â¯â¯â¯â¯â
¯â¯â¯â¯â¯â¯â¯[3/6]â¯[22
m[39m

[41m[1m FAIL [22m[49m servi
ces/VmindSyncEngine.test.ts[2m
 > [22mVmindSyncEngine[2m > 
[22mTC_SYNC_04: should allow 
manually retrying a failed item
[31m[1mError[22m: Test 
timed out in 5000ms.
If this is a long-running 
test, pass a timeout value as 
the last argument or configure 
it globally with 
"testTimeout".[39m
[36m [2mâ¯[22m services/Vmi
ndSyncEngine.test.ts:[2m182:3
[22m[39m
    [90m180| [39m  
})[33m;[39m
    [90m181| [39m
    [90m182| [39m  
it('TC_SYNC_04: should allow 
manually retrying a failed 
item', asyncâ€¦
    [90m   | [39m  
[31m^[39m
    [90m183| [39m    [90m// 
Arrange: Create a failed 
item[39m
    [90m184| [39m    
[35mconst[39m 
failedAction[33m:[39m 
[33mSyncAction[39m 
[33m=[39m {

[31m[2mâ¯â¯â¯â¯â¯â¯â¯â
¯â¯â¯â¯â¯â¯â¯â¯â¯â¯â
¯â¯â¯â¯â¯â¯â¯[4/6]â¯[22
m[39m

[41m[1m FAIL [22m[49m servi
ces/VmindSyncEngine.test.ts[2m
 > [22mVmindSyncEngine[2m > 
[22mTC_SYNC_05: should allow 
discarding a failed item from 
the queue
[31m[1mError[22m: Test 
timed out in 5000ms.
If this is a long-running 
test, pass a timeout value as 
the last argument or configure 
it globally with 
"testTimeout".[39m
[36m [2mâ¯[22m services/Vmi
ndSyncEngine.test.ts:[2m210:3
[22m[39m
    [90m208| [39m  
})[33m;[39m
    [90m209| [39m
    [90m210| [39m  
it('TC_SYNC_05: should allow 
discarding a failed item from 
the queueâ€¦
    [90m   | [39m  
[31m^[39m
    [90m211| [39m    [90m// 
Arrange[39m
    [90m212| [39m    
[35mconst[39m 
failedAction[33m:[39m 
[33mSyncAction[39m 
[33m=[39m {

[31m[2mâ¯â¯â¯â¯â¯â¯â¯â
¯â¯â¯â¯â¯â¯â¯â¯â¯â¯â
¯â¯â¯â¯â¯â¯â¯[5/6]â¯[22
m[39m

[41m[1m FAIL [22m[49m servi
ces/VmindSyncEngine.test.ts[2m
 > [22mVmindSyncEngine[2m > 
[22mTC_SYNC_06: should handle 
23503 Foreign Key error by 
deferring the item
[31m[1mAssertionError[22m: 
expected "vi.fn()" to be 
called 2 times, but got 0 
times[39m
[36m [2mâ¯[22m services/Vmi
ndSyncEngine.test.ts:[2m270:48
[22m[39m
    [90m268| [39m
    [90m269| [39m    [90m// 
Check calls[39m
    [90m270| [39m    expect(s
upabase.from('vocab_rows').upse
rt).toHaveBeenCalledTimes(2â€¦
    [90m   | [39m            
                               
    [31m^[39m
    [90m271| [39m    expect(s
upabase.from('concept_levels').
upsert).toHaveBeenCalledTimâ€¦
    [90m272| [39m    [34mexp
ect[39m([33mObject[39m[33m.
[39m[34mkeys[39m(dbStore)[3
3m.[39mlength)[33m.[39m[34m
toBe[39m([34m0[39m)[33m;[3
9m [90m// Everything 
synced[39m

[31m[2mâ¯â¯â¯â¯â¯â¯â¯â
¯â¯â¯â¯â¯â¯â¯â¯â¯â¯â
¯â¯â¯â¯â¯â¯â¯[6/6]â¯[22
m[39m


[2m Test Files [22m [1m[31m1 failed[39m[22m[90m (1)[39m
[2m      Tests [22m [1m[31m6 failed[39m[22m[90m (6)[39m
[2m   Start at [22m 18:10:22
[2m   Duration [22m 11.40s

[1m[41m FAIL [49m[22m [31mTests failed. Watching for file changes...[39m
       [2mpress [22m[1mh[22m[2m to show help[22m[2m, [22m[2mpress [22m[1mq[22m[2m to quit[22m
c[3J[1m[44m RERUN [49m[22m [34m[2mservices/VmindSyncEngine.ts [22m[34mx7 [34m[39m
       [2m Filename pattern: [22m[34mservices/VmindSyncEngine.test.ts[39m

 [31mâ¯[39m services/VmindSyncEngine.test.ts [2m([22m[2m6 tests[22m[2m | [22m[31m6 failed[39m[2m)[22m[33m 10191[2mms[22m[39m
[31m     [31mĂ—[31m TC_SYNC_01: should add an action to the queue and process it successfully[39m[32m 111[2mms[22m[39m
[31m     [31mĂ—[31m TC_SYNC_02: should retry a failed action with exponential backoff[39m[32m 15[2mms[22m[39m
[31m     [31mĂ—[31m TC_SYNC_03: should mark an action as "failed" and pause after max retries[39m[32m 9[2mms[22m[39m
[31m     [31mĂ—[31m TC_SYNC_04: should allow manually retrying a failed item[39m[33m 5021[2mms[22m[39m
[31m     [31mĂ—[31m TC_SYNC_05: should allow discarding a failed item from the queue[39m[33m 5018[2mms[22m[39m
[31m     [31mĂ—[31m TC_SYNC_06: should handle 23503 Foreign Key error by deferring the item[39m[32m 6[2mms[22m[39m

[31mâ¯â¯â¯â¯â¯â¯â¯[39m
[1m[41m Failed Tests 6 [49m
[22m[31mâ¯â¯â¯â¯â¯â¯â¯
[39m

[41m[1m FAIL [22m[49m servi
ces/VmindSyncEngine.test.ts[2m
 > [22mVmindSyncEngine[2m > 
[22mTC_SYNC_01: should add an 
action to the queue and 
process it successfully
[31m[1mAssertionError[22m: 
expected "vi.fn()" to be 
called 1 times, but got 0 
times[39m
[36m [2mâ¯[22m services/Vmi
ndSyncEngine.test.ts:[2m120:48
[22m[39m
    [90m118| [39m
    [90m119| [39m    [90m// 
Assert[39m
    [90m120| [39m    expect(s
upabase.from('vocab_rows').upse
rt).toHaveBeenCalledTimes(1â€¦
    [90m   | [39m            
                               
    [31m^[39m
    [90m121| [39m    expect(O
bject.keys(dbStore).length).toB
e(0); // Queue should be emâ€¦
    [90m122| [39m    [34mexp
ect[39m(setSyncStatusMock)[33
m.[39m[34mtoHaveBeenCalledWit
h[39m([32m'saving'[39m)[33m
;[39m

[31m[2mâ¯â¯â¯â¯â¯â¯â¯â
¯â¯â¯â¯â¯â¯â¯â¯â¯â¯â
¯â¯â¯â¯â¯â¯â¯[1/6]â¯[22
m[39m

[41m[1m FAIL [22m[49m servi
ces/VmindSyncEngine.test.ts[2m
 > [22mVmindSyncEngine[2m > 
[22mTC_SYNC_02: should retry 
a failed action with 
exponential backoff
[31m[1mAssertionError[22m: 
expected "vi.fn()" to be 
called 1 times, but got 0 
times[39m
[36m [2mâ¯[22m services/Vmi
ndSyncEngine.test.ts:[2m141:48
[22m[39m
    [90m139| [39m
    [90m140| [39m    [90m// 
Assert after first failure[39m
    [90m141| [39m    expect(s
upabase.from('vocab_rows').upse
rt).toHaveBeenCalledTimes(1â€¦
    [90m   | [39m            
                               
    [31m^[39m
    [90m142| [39m    
[35mconst[39m actionInDB 
[33m=[39m [33mObject[39m[3
3m.[39m[34mvalues[39m(dbStor
e)[[34m0[39m][33m;[39m
    [90m143| [39m    [34mexp
ect[39m(actionInDB[33m.[39mr
etries)[33m.[39m[34mtoBe[39
m([34m1[39m)[33m;[39m

[31m[2mâ¯â¯â¯â¯â¯â¯â¯â
¯â¯â¯â¯â¯â¯â¯â¯â¯â¯â
¯â¯â¯â¯â¯â¯â¯[2/6]â¯[22
m[39m

[41m[1m FAIL [22m[49m servi
ces/VmindSyncEngine.test.ts[2m
 > [22mVmindSyncEngine[2m > 
[22mTC_SYNC_03: should mark 
an action as "failed" and 
pause after max retries
[31m[1mAssertionError[22m: 
expected "vi.fn()" to be 
called 5 times, but got 0 
times[39m
[36m [2mâ¯[22m services/Vmi
ndSyncEngine.test.ts:[2m173:48
[22m[39m


[31m[2mâ¯â¯â¯â¯â¯â¯â¯â
¯â¯â¯â¯â¯â¯â¯â¯â¯â¯â
¯â¯â¯â¯â¯â¯â¯[3/6]â¯[22
m[39m

[41m[1m FAIL [22m[49m servi
ces/VmindSyncEngine.test.ts[2m
 > [22mVmindSyncEngine[2m > 
[22mTC_SYNC_04: should allow 
manually retrying a failed item
[31m[1mError[22m: Test 
timed out in 5000ms.
If this is a long-running 
test, pass a timeout value as 
the last argument or configure 
it globally with 
"testTimeout".[39m
[36m [2mâ¯[22m services/Vmi
ndSyncEngine.test.ts:[2m182:3
[22m[39m
    [90m180| [39m  
})[33m;[39m
    [90m181| [39m
    [90m182| [39m  
it('TC_SYNC_04: should allow 
manually retrying a failed 
item', asyncâ€¦
    [90m   | [39m  
[31m^[39m
    [90m183| [39m    [90m// 
Arrange: Create a failed 
item[39m
    [90m184| [39m    
[35mconst[39m 
failedAction[33m:[39m 
[33mSyncAction[39m 
[33m=[39m {

[31m[2mâ¯â¯â¯â¯â¯â¯â¯â
¯â¯â¯â¯â¯â¯â¯â¯â¯â¯â
¯â¯â¯â¯â¯â¯â¯[4/6]â¯[22
m[39m

[41m[1m FAIL [22m[49m servi
ces/VmindSyncEngine.test.ts[2m
 > [22mVmindSyncEngine[2m > 
[22mTC_SYNC_05: should allow 
discarding a failed item from 
the queue
[31m[1mError[22m: Test 
timed out in 5000ms.
If this is a long-running 
test, pass a timeout value as 
the last argument or configure 
it globally with 
"testTimeout".[39m
[36m [2mâ¯[22m services/Vmi
ndSyncEngine.test.ts:[2m210:3
[22m[39m
    [90m208| [39m  
})[33m;[39m
    [90m209| [39m
    [90m210| [39m  
it('TC_SYNC_05: should allow 
discarding a failed item from 
the queueâ€¦
    [90m   | [39m  
[31m^[39m
    [90m211| [39m    [90m// 
Arrange[39m
    [90m212| [39m    
[35mconst[39m 
failedAction[33m:[39m 
[33mSyncAction[39m 
[33m=[39m {

[31m[2mâ¯â¯â¯â¯â¯â¯â¯â
¯â¯â¯â¯â¯â¯â¯â¯â¯â¯â
¯â¯â¯â¯â¯â¯â¯[5/6]â¯[22
m[39m

[41m[1m FAIL [22m[49m servi
ces/VmindSyncEngine.test.ts[2m
 > [22mVmindSyncEngine[2m > 
[22mTC_SYNC_06: should handle 
23503 Foreign Key error by 
deferring the item
[31m[1mAssertionError[22m: 
expected "vi.fn()" to be 
called 2 times, but got 0 
times[39m
[36m [2mâ¯[22m services/Vmi
ndSyncEngine.test.ts:[2m270:48
[22m[39m
    [90m268| [39m
    [90m269| [39m    [90m// 
Check calls[39m
    [90m270| [39m    expect(s
upabase.from('vocab_rows').upse
rt).toHaveBeenCalledTimes(2â€¦
    [90m   | [39m            
                               
    [31m^[39m
    [90m271| [39m    expect(s
upabase.from('concept_levels').
upsert).toHaveBeenCalledTimâ€¦
    [90m272| [39m    [34mexp
ect[39m([33mObject[39m[33m.
[39m[34mkeys[39m(dbStore)[3
3m.[39mlength)[33m.[39m[34m
toBe[39m([34m0[39m)[33m;[3
9m [90m// Everything 
synced[39m

[31m[2mâ¯â¯â¯â¯â¯â¯â¯â
¯â¯â¯â¯â¯â¯â¯â¯â¯â¯â
¯â¯â¯â¯â¯â¯â¯[6/6]â¯[22
m[39m


[2m Test Files [22m [1m[31m1 failed[39m[22m[90m (1)[39m
[2m      Tests [22m [1m[31m6 failed[39m[22m[90m (6)[39m
[2m   Start at [22m 18:15:59
[2m   Duration [22m 13.41s

[1m[41m FAIL [49m[22m [31mTests failed. Watching for file changes...[39m
       [2mpress [22m[1mh[22m[2m to show help[22m[2m, [22m[2mpress [22m[1mq[22m[2m to quit[22m
c[3J[1m[44m RERUN [49m[22m [34m[2mservices/VmindSyncEngine.test.ts [22m[34mx8 [34m[39m
       [2m Filename pattern: [22m[34mservices/VmindSyncEngine.test.ts[39m

[90mstderr[2m | services/Vmin
dSyncEngine.test.ts[2m > 
[22m[2mVmindSyncEngine[2m > 
[22m[2mTC_SYNC_06: should 
handle 23503 Foreign Key error 
by deferring the item
[22m[39mDEBUG_TEST: Starting 
Test Act Block

 [31mâ¯[39m services/VmindSyncEngine.test.ts [2m([22m[2m6 tests[22m[2m | [22m[31m6 failed[39m[2m)[22m[33m 10119[2mms[22m[39m
[31m     [31mĂ—[31m TC_SYNC_01: should add an action to the queue and process it successfully[39m[32m 48[2mms[22m[39m
[31m     [31mĂ—[31m TC_SYNC_02: should retry a failed action with exponential backoff[39m[32m 15[2mms[22m[39m
[31m     [31mĂ—[31m TC_SYNC_03: should mark an action as "failed" and pause after max retries[39m[32m 15[2mms[22m[39m
[31m     [31mĂ—[31m TC_SYNC_04: should allow manually retrying a failed item[39m[33m 5011[2mms[22m[39m
[31m     [31mĂ—[31m TC_SYNC_05: should allow discarding a failed item from the queue[39m[33m 5009[2mms[22m[39m
[31m     [31mĂ—[31m TC_SYNC_06: should handle 23503 Foreign Key error by deferring the item[39m[32m 10[2mms[22m[39m

[31mâ¯â¯â¯â¯â¯â¯â¯[39m
[1m[41m Failed Tests 6 [49m
[22m[31mâ¯â¯â¯â¯â¯â¯â¯
[39m

[41m[1m FAIL [22m[49m servi
ces/VmindSyncEngine.test.ts[2m
 > [22mVmindSyncEngine[2m > 
[22mTC_SYNC_01: should add an 
action to the queue and 
process it successfully
[31m[1mAssertionError[22m: 
expected "vi.fn()" to be 
called 1 times, but got 0 
times[39m
[36m [2mâ¯[22m services/Vmi
ndSyncEngine.test.ts:[2m120:48
[22m[39m
    [90m118| [39m
    [90m119| [39m    [90m// 
Assert[39m
    [90m120| [39m    expect(s
upabase.from('vocab_rows').upse
rt).toHaveBeenCalledTimes(1â€¦
    [90m   | [39m            
                               
    [31m^[39m
    [90m121| [39m    expect(O
bject.keys(dbStore).length).toB
e(0); // Queue should be emâ€¦
    [90m122| [39m    [34mexp
ect[39m(setSyncStatusMock)[33
m.[39m[34mtoHaveBeenCalledWit
h[39m([32m'saving'[39m)[33m
;[39m

[31m[2mâ¯â¯â¯â¯â¯â¯â¯â
¯â¯â¯â¯â¯â¯â¯â¯â¯â¯â
¯â¯â¯â¯â¯â¯â¯[1/6]â¯[22
m[39m

[41m[1m FAIL [22m[49m servi
ces/VmindSyncEngine.test.ts[2m
 > [22mVmindSyncEngine[2m > 
[22mTC_SYNC_02: should retry 
a failed action with 
exponential backoff
[31m[1mAssertionError[22m: 
expected "vi.fn()" to be 
called 1 times, but got 0 
times[39m
[36m [2mâ¯[22m services/Vmi
ndSyncEngine.test.ts:[2m141:48
[22m[39m
    [90m139| [39m
    [90m140| [39m    [90m// 
Assert after first failure[39m
    [90m141| [39m    expect(s
upabase.from('vocab_rows').upse
rt).toHaveBeenCalledTimes(1â€¦
    [90m   | [39m            
                               
    [31m^[39m
    [90m142| [39m    
[35mconst[39m actionInDB 
[33m=[39m [33mObject[39m[3
3m.[39m[34mvalues[39m(dbStor
e)[[34m0[39m][33m;[39m
    [90m143| [39m    [34mexp
ect[39m(actionInDB[33m.[39mr
etries)[33m.[39m[34mtoBe[39
m([34m1[39m)[33m;[39m

[31m[2mâ¯â¯â¯â¯â¯â¯â¯â
¯â¯â¯â¯â¯â¯â¯â¯â¯â¯â
¯â¯â¯â¯â¯â¯â¯[2/6]â¯[22
m[39m

[41m[1m FAIL [22m[49m servi
ces/VmindSyncEngine.test.ts[2m
 > [22mVmindSyncEngine[2m > 
[22mTC_SYNC_03: should mark 
an action as "failed" and 
pause after max retries
[31m[1mAssertionError[22m: 
expected "vi.fn()" to be 
called 5 times, but got 0 
times[39m
[36m [2mâ¯[22m services/Vmi
ndSyncEngine.test.ts:[2m173:48
[22m[39m


[31m[2mâ¯â¯â¯â¯â¯â¯â¯â
¯â¯â¯â¯â¯â¯â¯â¯â¯â¯â
¯â¯â¯â¯â¯â¯â¯[3/6]â¯[22
m[39m

[41m[1m FAIL [22m[49m servi
ces/VmindSyncEngine.test.ts[2m
 > [22mVmindSyncEngine[2m > 
[22mTC_SYNC_04: should allow 
manually retrying a failed item
[31m[1mError[22m: Test 
timed out in 5000ms.
If this is a long-running 
test, pass a timeout value as 
the last argument or configure 
it globally with 
"testTimeout".[39m
[36m [2mâ¯[22m services/Vmi
ndSyncEngine.test.ts:[2m182:3
[22m[39m
    [90m180| [39m  
})[33m;[39m
    [90m181| [39m
    [90m182| [39m  
it('TC_SYNC_04: should allow 
manually retrying a failed 
item', asyncâ€¦
    [90m   | [39m  
[31m^[39m
    [90m183| [39m    [90m// 
Arrange: Create a failed 
item[39m
    [90m184| [39m    
[35mconst[39m 
failedAction[33m:[39m 
[33mSyncAction[39m 
[33m=[39m {

[31m[2mâ¯â¯â¯â¯â¯â¯â¯â
¯â¯â¯â¯â¯â¯â¯â¯â¯â¯â
¯â¯â¯â¯â¯â¯â¯[4/6]â¯[22
m[39m

[41m[1m FAIL [22m[49m servi
ces/VmindSyncEngine.test.ts[2m
 > [22mVmindSyncEngine[2m > 
[22mTC_SYNC_05: should allow 
discarding a failed item from 
the queue
[31m[1mError[22m: Test 
timed out in 5000ms.
If this is a long-running 
test, pass a timeout value as 
the last argument or configure 
it globally with 
"testTimeout".[39m
[36m [2mâ¯[22m services/Vmi
ndSyncEngine.test.ts:[2m210:3
[22m[39m
    [90m208| [39m  
})[33m;[39m
    [90m209| [39m
    [90m210| [39m  
it('TC_SYNC_05: should allow 
discarding a failed item from 
the queueâ€¦
    [90m   | [39m  
[31m^[39m
    [90m211| [39m    [90m// 
Arrange[39m
    [90m212| [39m    
[35mconst[39m 
failedAction[33m:[39m 
[33mSyncAction[39m 
[33m=[39m {

[31m[2mâ¯â¯â¯â¯â¯â¯â¯â
¯â¯â¯â¯â¯â¯â¯â¯â¯â¯â
¯â¯â¯â¯â¯â¯â¯[5/6]â¯[22
m[39m

[41m[1m FAIL [22m[49m servi
ces/VmindSyncEngine.test.ts[2m
 > [22mVmindSyncEngine[2m > 
[22mTC_SYNC_06: should handle 
23503 Foreign Key error by 
deferring the item
[31m[1mTypeError[22m: 
engine.error is not a 
function[39m
[36m [2mâ¯[22m services/Vmi
ndSyncEngine.test.ts:[2m256:14
[22m[39m
    [90m254| [39m
    [90m255| [39m      
[90m// Push the dependency 
SECOND[39m
    [90m256| [39m      
engine.error('DEBUG_TEST: 
Pushing dependency'); // 
Intentional tâ€¦
    [90m   | [39m            
 [31m^[39m
    [90m257| [39m      consol
e[33m.[39m[34merror[39m([3
2m'DEBUG_TEST: Pushing 
dependency'[39m)[33m;[39m
    [90m258| [39m      engine
.push('UPSERT_CONCEPT_LEVEL', 
{ level: { id: 'level1', conâ€¦
[90m [2mâ¯[22m node_modules
/@testing-library/react/dist/ac
t-compat.js:[2m47:24[22m[39m
[90m [2mâ¯[22m process.env.
NODE_ENV.exports.act node_modul
es/react/cjs/react.development.
js:[2m814:22[22m[39m
[90m [2mâ¯[22m 
Proxy.<anonymous> node_modules/
@testing-library/react/dist/act
-compat.js:[2m46:25[22m[39m
[90m [2mâ¯[22m services/Vmi
ndSyncEngine.test.ts:[2m250:11
[22m[39m

[31m[2mâ¯â¯â¯â¯â¯â¯â¯â
¯â¯â¯â¯â¯â¯â¯â¯â¯â¯â
¯â¯â¯â¯â¯â¯â¯[6/6]â¯[22
m[39m


[2m Test Files [22m [1m[31m1 failed[39m[22m[90m (1)[39m
[2m      Tests [22m [1m[31m6 failed[39m[22m[90m (6)[39m
[2m   Start at [22m 18:17:15
[2m   Duration [22m 12.25s

[1m[41m FAIL [49m[22m [31mTests failed. Watching for file changes...[39m
       [2mpress [22m[1mh[22m[2m to show help[22m[2m, [22m[2mpress [22m[1mq[22m[2m to quit[22m
c[3J[1m[44m RERUN [49m[22m [34m[2mservices/VmindSyncEngine.ts [22m[34mx9 [34m[39m
       [2m Filename pattern: [22m[34mservices/VmindSyncEngine.test.ts[39m

[90mstderr[2m | services/Vmin
dSyncEngine.test.ts[2m > 
[22m[2mVmindSyncEngine[2m > 
[22m[2mTC_SYNC_06: should 
handle 23503 Foreign Key error 
by deferring the item
[22m[39mDEBUG_TEST: Starting 
Test Act Block
DEBUG_TEST: Pushing dependency
DEBUG_TEST: Running Timers

[90mstderr[2m | services/Vmin
dSyncEngine.test.ts[2m > 
[22m[2mVmindSyncEngine[2m > 
[22m[2mTC_SYNC_06: should 
handle 23503 Foreign Key error 
by deferring the item
[22m[39mDEBUG_TEST: Timers 
Done

 [31mâ¯[39m services/VmindSyncEngine.test.ts [2m([22m[2m6 tests[22m[2m | [22m[31m6 failed[39m[2m)[22m[33m 10185[2mms[22m[39m
[31m     [31mĂ—[31m TC_SYNC_01: should add an action to the queue and process it successfully[39m[32m 45[2mms[22m[39m
[31m     [31mĂ—[31m TC_SYNC_02: should retry a failed action with exponential backoff[39m[32m 50[2mms[22m[39m
[31m     [31mĂ—[31m TC_SYNC_03: should mark an action as "failed" and pause after max retries[39m[32m 7[2mms[22m[39m
[31m     [31mĂ—[31m TC_SYNC_04: should allow manually retrying a failed item[39m[33m 5028[2mms[22m[39m
[31m     [31mĂ—[31m TC_SYNC_05: should allow discarding a failed item from the queue[39m[33m 5019[2mms[22m[39m
[31m     [31mĂ—[31m TC_SYNC_06: should handle 23503 Foreign Key error by deferring the item[39m[32m 28[2mms[22m[39m

[31mâ¯â¯â¯â¯â¯â¯â¯[39m
[1m[41m Failed Tests 6 [49m
[22m[31mâ¯â¯â¯â¯â¯â¯â¯
[39m

[41m[1m FAIL [22m[49m servi
ces/VmindSyncEngine.test.ts[2m
 > [22mVmindSyncEngine[2m > 
[22mTC_SYNC_01: should add an 
action to the queue and 
process it successfully
[31m[1mAssertionError[22m: 
expected "vi.fn()" to be 
called 1 times, but got 0 
times[39m
[36m [2mâ¯[22m services/Vmi
ndSyncEngine.test.ts:[2m120:48
[22m[39m
    [90m118| [39m
    [90m119| [39m    [90m// 
Assert[39m
    [90m120| [39m    expect(s
upabase.from('vocab_rows').upse
rt).toHaveBeenCalledTimes(1â€¦
    [90m   | [39m            
                               
    [31m^[39m
    [90m121| [39m    expect(O
bject.keys(dbStore).length).toB
e(0); // Queue should be emâ€¦
    [90m122| [39m    [34mexp
ect[39m(setSyncStatusMock)[33
m.[39m[34mtoHaveBeenCalledWit
h[39m([32m'saving'[39m)[33m
;[39m

[31m[2mâ¯â¯â¯â¯â¯â¯â¯â
¯â¯â¯â¯â¯â¯â¯â¯â¯â¯â
¯â¯â¯â¯â¯â¯â¯[1/6]â¯[22
m[39m

[41m[1m FAIL [22m[49m servi
ces/VmindSyncEngine.test.ts[2m
 > [22mVmindSyncEngine[2m > 
[22mTC_SYNC_02: should retry 
a failed action with 
exponential backoff
[31m[1mAssertionError[22m: 
expected "vi.fn()" to be 
called 1 times, but got 0 
times[39m
[36m [2mâ¯[22m services/Vmi
ndSyncEngine.test.ts:[2m141:48
[22m[39m
    [90m139| [39m
    [90m140| [39m    [90m// 
Assert after first failure[39m
    [90m141| [39m    expect(s
upabase.from('vocab_rows').upse
rt).toHaveBeenCalledTimes(1â€¦
    [90m   | [39m            
                               
    [31m^[39m
    [90m142| [39m    
[35mconst[39m actionInDB 
[33m=[39m [33mObject[39m[3
3m.[39m[34mvalues[39m(dbStor
e)[[34m0[39m][33m;[39m
    [90m143| [39m    [34mexp
ect[39m(actionInDB[33m.[39mr
etries)[33m.[39m[34mtoBe[39
m([34m1[39m)[33m;[39m

[31m[2mâ¯â¯â¯â¯â¯â¯â¯â
¯â¯â¯â¯â¯â¯â¯â¯â¯â¯â
¯â¯â¯â¯â¯â¯â¯[2/6]â¯[22
m[39m

[41m[1m FAIL [22m[49m servi
ces/VmindSyncEngine.test.ts[2m
 > [22mVmindSyncEngine[2m > 
[22mTC_SYNC_03: should mark 
an action as "failed" and 
pause after max retries
[31m[1mAssertionError[22m: 
expected "vi.fn()" to be 
called 5 times, but got 0 
times[39m
[36m [2mâ¯[22m services/Vmi
ndSyncEngine.test.ts:[2m173:48
[22m[39m


[31m[2mâ¯â¯â¯â¯â¯â¯â¯â
¯â¯â¯â¯â¯â¯â¯â¯â¯â¯â
¯â¯â¯â¯â¯â¯â¯[3/6]â¯[22
m[39m

[41m[1m FAIL [22m[49m servi
ces/VmindSyncEngine.test.ts[2m
 > [22mVmindSyncEngine[2m > 
[22mTC_SYNC_04: should allow 
manually retrying a failed item
[31m[1mError[22m: Test 
timed out in 5000ms.
If this is a long-running 
test, pass a timeout value as 
the last argument or configure 
it globally with 
"testTimeout".[39m
[36m [2mâ¯[22m services/Vmi
ndSyncEngine.test.ts:[2m182:3
[22m[39m
    [90m180| [39m  
})[33m;[39m
    [90m181| [39m
    [90m182| [39m  
it('TC_SYNC_04: should allow 
manually retrying a failed 
item', asyncâ€¦
    [90m   | [39m  
[31m^[39m
    [90m183| [39m    [90m// 
Arrange: Create a failed 
item[39m
    [90m184| [39m    
[35mconst[39m 
failedAction[33m:[39m 
[33mSyncAction[39m 
[33m=[39m {

[31m[2mâ¯â¯â¯â¯â¯â¯â¯â
¯â¯â¯â¯â¯â¯â¯â¯â¯â¯â
¯â¯â¯â¯â¯â¯â¯[4/6]â¯[22
m[39m

[41m[1m FAIL [22m[49m servi
ces/VmindSyncEngine.test.ts[2m
 > [22mVmindSyncEngine[2m > 
[22mTC_SYNC_05: should allow 
discarding a failed item from 
the queue
[31m[1mError[22m: Test 
timed out in 5000ms.
If this is a long-running 
test, pass a timeout value as 
the last argument or configure 
it globally with 
"testTimeout".[39m
[36m [2mâ¯[22m services/Vmi
ndSyncEngine.test.ts:[2m210:3
[22m[39m
    [90m208| [39m  
})[33m;[39m
    [90m209| [39m
    [90m210| [39m  
it('TC_SYNC_05: should allow 
discarding a failed item from 
the queueâ€¦
    [90m   | [39m  
[31m^[39m
    [90m211| [39m    [90m// 
Arrange[39m
    [90m212| [39m    
[35mconst[39m 
failedAction[33m:[39m 
[33mSyncAction[39m 
[33m=[39m {

[31m[2mâ¯â¯â¯â¯â¯â¯â¯â
¯â¯â¯â¯â¯â¯â¯â¯â¯â¯â
¯â¯â¯â¯â¯â¯â¯[5/6]â¯[22
m[39m

[41m[1m FAIL [22m[49m servi
ces/VmindSyncEngine.test.ts[2m
 > [22mVmindSyncEngine[2m > 
[22mTC_SYNC_06: should handle 
23503 Foreign Key error by 
deferring the item
[31m[1mAssertionError[22m: 
expected "vi.fn()" to be 
called 2 times, but got 0 
times[39m
[36m [2mâ¯[22m services/Vmi
ndSyncEngine.test.ts:[2m275:48
[22m[39m
    [90m273| [39m
    [90m274| [39m    [90m// 
Check calls[39m
    [90m275| [39m    expect(s
upabase.from('vocab_rows').upse
rt).toHaveBeenCalledTimes(2â€¦
    [90m   | [39m            
                               
    [31m^[39m
    [90m276| [39m    expect(s
upabase.from('concept_levels').
upsert).toHaveBeenCalledTimâ€¦
    [90m277| [39m    [34mexp
ect[39m([33mObject[39m[33m.
[39m[34mkeys[39m(dbStore)[3
3m.[39mlength)[33m.[39m[34m
toBe[39m([34m0[39m)[33m;[3
9m [90m// Everything 
synced[39m

[31m[2mâ¯â¯â¯â¯â¯â¯â¯â
¯â¯â¯â¯â¯â¯â¯â¯â¯â¯â
¯â¯â¯â¯â¯â¯â¯[6/6]â¯[22
m[39m


[2m Test Files [22m [1m[31m1 failed[39m[22m[90m (1)[39m
[2m      Tests [22m [1m[31m6 failed[39m[22m[90m (6)[39m
[2m   Start at [22m 18:17:32
[2m   Duration [22m 12.90s

[1m[41m FAIL [49m[22m [31mTests failed. Watching for file changes...[39m
       [2mpress [22m[1mh[22m[2m to show help[22m[2m, [22m[2mpress [22m[1mq[22m[2m to quit[22m
c[3J[1m[44m RERUN [49m[22m [34m[2mservices/VmindSyncEngine.test.ts [22m[34mx10 [34m[39m
       [2m Filename pattern: [22m[34mservices/VmindSyncEngine.test.ts[39m

[90mstderr[2m | services/Vmin
dSyncEngine.test.ts[2m > 
[22m[2mVmindSyncEngine[2m > 
[22m[2mTC_SYNC_06: should 
handle 23503 Foreign Key error 
by deferring the item
[22m[39mDEBUG_TEST: Starting 
Test Act Block
DEBUG_TEST: Pushing dependency
DEBUG_TEST: Running Timers

[90mstderr[2m | services/Vmin
dSyncEngine.test.ts[2m > 
[22m[2mVmindSyncEngine[2m > 
[22m[2mTC_SYNC_06: should 
handle 23503 Foreign Key error 
by deferring the item
[22m[39mDEBUG_TEST: Timers 
Done

 [31mâ¯[39m services/VmindSyncEngine.test.ts [2m([22m[2m6 tests[22m[2m | [22m[31m6 failed[39m[2m)[22m[33m 10185[2mms[22m[39m
[31m     [31mĂ—[31m TC_SYNC_01: should add an action to the queue and process it successfully[39m[32m 79[2mms[22m[39m
[31m     [31mĂ—[31m TC_SYNC_02: should retry a failed action with exponential backoff[39m[32m 10[2mms[22m[39m
[31m     [31mĂ—[31m TC_SYNC_03: should mark an action as "failed" and pause after max retries[39m[32m 8[2mms[22m[39m
[31m     [31mĂ—[31m TC_SYNC_04: should allow manually retrying a failed item[39m[33m 5033[2mms[22m[39m
[31m     [31mĂ—[31m TC_SYNC_05: should allow discarding a failed item from the queue[39m[33m 5022[2mms[22m[39m
[31m     [31mĂ—[31m TC_SYNC_06: should handle 23503 Foreign Key error by deferring the item[39m[32m 17[2mms[22m[39m

[31mâ¯â¯â¯â¯â¯â¯â¯[39m
[1m[41m Failed Tests 6 [49m
[22m[31mâ¯â¯â¯â¯â¯â¯â¯
[39m

[41m[1m FAIL [22m[49m servi
ces/VmindSyncEngine.test.ts[2m
 > [22mVmindSyncEngine[2m > 
[22mTC_SYNC_01: should add an 
action to the queue and 
process it successfully
[31m[1mAssertionError[22m: 
expected "vi.fn()" to be 
called 1 times, but got 0 
times[39m
[36m [2mâ¯[22m services/Vmi
ndSyncEngine.test.ts:[2m120:48
[22m[39m
    [90m118| [39m
    [90m119| [39m    [90m// 
Assert[39m
    [90m120| [39m    expect(s
upabase.from('vocab_rows').upse
rt).toHaveBeenCalledTimes(1â€¦
    [90m   | [39m            
                               
    [31m^[39m
    [90m121| [39m    expect(O
bject.keys(dbStore).length).toB
e(0); // Queue should be emâ€¦
    [90m122| [39m    [34mexp
ect[39m(setSyncStatusMock)[33
m.[39m[34mtoHaveBeenCalledWit
h[39m([32m'saving'[39m)[33m
;[39m

[31m[2mâ¯â¯â¯â¯â¯â¯â¯â
¯â¯â¯â¯â¯â¯â¯â¯â¯â¯â
¯â¯â¯â¯â¯â¯â¯[1/6]â¯[22
m[39m

[41m[1m FAIL [22m[49m servi
ces/VmindSyncEngine.test.ts[2m
 > [22mVmindSyncEngine[2m > 
[22mTC_SYNC_02: should retry 
a failed action with 
exponential backoff
[31m[1mAssertionError[22m: 
expected "vi.fn()" to be 
called 1 times, but got 0 
times[39m
[36m [2mâ¯[22m services/Vmi
ndSyncEngine.test.ts:[2m141:48
[22m[39m
    [90m139| [39m
    [90m140| [39m    [90m// 
Assert after first failure[39m
    [90m141| [39m    expect(s
upabase.from('vocab_rows').upse
rt).toHaveBeenCalledTimes(1â€¦
    [90m   | [39m            
                               
    [31m^[39m
    [90m142| [39m    
[35mconst[39m actionInDB 
[33m=[39m [33mObject[39m[3
3m.[39m[34mvalues[39m(dbStor
e)[[34m0[39m][33m;[39m
    [90m143| [39m    [34mexp
ect[39m(actionInDB[33m.[39mr
etries)[33m.[39m[34mtoBe[39
m([34m1[39m)[33m;[39m

[31m[2mâ¯â¯â¯â¯â¯â¯â¯â
¯â¯â¯â¯â¯â¯â¯â¯â¯â¯â
¯â¯â¯â¯â¯â¯â¯[2/6]â¯[22
m[39m

[41m[1m FAIL [22m[49m servi
ces/VmindSyncEngine.test.ts[2m
 > [22mVmindSyncEngine[2m > 
[22mTC_SYNC_03: should mark 
an action as "failed" and 
pause after max retries
[31m[1mAssertionError[22m: 
expected "vi.fn()" to be 
called 5 times, but got 0 
times[39m
[36m [2mâ¯[22m services/Vmi
ndSyncEngine.test.ts:[2m173:48
[22m[39m


[31m[2mâ¯â¯â¯â¯â¯â¯â¯â
¯â¯â¯â¯â¯â¯â¯â¯â¯â¯â
¯â¯â¯â¯â¯â¯â¯[3/6]â¯[22
m[39m

[41m[1m FAIL [22m[49m servi
ces/VmindSyncEngine.test.ts[2m
 > [22mVmindSyncEngine[2m > 
[22mTC_SYNC_04: should allow 
manually retrying a failed item
[31m[1mError[22m: Test 
timed out in 5000ms.
If this is a long-running 
test, pass a timeout value as 
the last argument or configure 
it globally with 
"testTimeout".[39m
[36m [2mâ¯[22m services/Vmi
ndSyncEngine.test.ts:[2m182:3
[22m[39m
    [90m180| [39m  
})[33m;[39m
    [90m181| [39m
    [90m182| [39m  
it('TC_SYNC_04: should allow 
manually retrying a failed 
item', asyncâ€¦
    [90m   | [39m  
[31m^[39m
    [90m183| [39m    [90m// 
Arrange: Create a failed 
item[39m
    [90m184| [39m    
[35mconst[39m 
failedAction[33m:[39m 
[33mSyncAction[39m 
[33m=[39m {

[31m[2mâ¯â¯â¯â¯â¯â¯â¯â
¯â¯â¯â¯â¯â¯â¯â¯â¯â¯â
¯â¯â¯â¯â¯â¯â¯[4/6]â¯[22
m[39m

[41m[1m FAIL [22m[49m servi
ces/VmindSyncEngine.test.ts[2m
 > [22mVmindSyncEngine[2m > 
[22mTC_SYNC_05: should allow 
discarding a failed item from 
the queue
[31m[1mError[22m: Test 
timed out in 5000ms.
If this is a long-running 
test, pass a timeout value as 
the last argument or configure 
it globally with 
"testTimeout".[39m
[36m [2mâ¯[22m services/Vmi
ndSyncEngine.test.ts:[2m210:3
[22m[39m
    [90m208| [39m  
})[33m;[39m
    [90m209| [39m
    [90m210| [39m  
it('TC_SYNC_05: should allow 
discarding a failed item from 
the queueâ€¦
    [90m   | [39m  
[31m^[39m
    [90m211| [39m    [90m// 
Arrange[39m
    [90m212| [39m    
[35mconst[39m 
failedAction[33m:[39m 
[33mSyncAction[39m 
[33m=[39m {

[31m[2mâ¯â¯â¯â¯â¯â¯â¯â
¯â¯â¯â¯â¯â¯â¯â¯â¯â¯â
¯â¯â¯â¯â¯â¯â¯[5/6]â¯[22
m[39m

[41m[1m FAIL [22m[49m servi
ces/VmindSyncEngine.test.ts[2m
 > [22mVmindSyncEngine[2m > 
[22mTC_SYNC_06: should handle 
23503 Foreign Key error by 
deferring the item
[31m[1mAssertionError[22m: 
expected "vi.fn()" to be 
called 2 times, but got 0 
times[39m
[36m [2mâ¯[22m services/Vmi
ndSyncEngine.test.ts:[2m275:48
[22m[39m
    [90m273| [39m
    [90m274| [39m    [90m// 
Check calls[39m
    [90m275| [39m    expect(s
upabase.from('vocab_rows').upse
rt).toHaveBeenCalledTimes(2â€¦
    [90m   | [39m            
                               
    [31m^[39m
    [90m276| [39m    expect(s
upabase.from('concept_levels').
upsert).toHaveBeenCalledTimâ€¦
    [90m277| [39m    [34mexp
ect[39m([33mObject[39m[33m.
[39m[34mkeys[39m(dbStore)[3
3m.[39mlength)[33m.[39m[34m
toBe[39m([34m0[39m)[33m;[3
9m [90m// Everything 
synced[39m

[31m[2mâ¯â¯â¯â¯â¯â¯â¯â
¯â¯â¯â¯â¯â¯â¯â¯â¯â¯â
¯â¯â¯â¯â¯â¯â¯[6/6]â¯[22
m[39m


[2m Test Files [22m [1m[31m1 failed[39m[22m[90m (1)[39m
[2m      Tests [22m [1m[31m6 failed[39m[22m[90m (6)[39m
[2m   Start at [22m 18:17:51
[2m   Duration [22m 12.62s

[1m[41m FAIL [49m[22m [31mTests failed. Watching for file changes...[39m
       [2mpress [22m[1mh[22m[2m to show help[22m[2m, [22m[2mpress [22m[1mq[22m[2m to quit[22m
c[3J[1m[44m RERUN [49m[22m [34m[2mservices/VmindSyncEngine.test.ts [22m[34mx11 [34m[39m
       [2m Filename pattern: [22m[34mservices/VmindSyncEngine.test.ts[39m

[90mstderr[2m | services/Vmin
dSyncEngine.test.ts[2m > 
[22m[2mVmindSyncEngine[2m > 
[22m[2mTC_SYNC_06: should 
handle 23503 Foreign Key error 
by deferring the item
[22m[39mDEBUG_TEST: Starting 
Test Act Block
DEBUG_TEST: Pushing dependency
DEBUG_TEST: Running Timers

[90mstderr[2m | services/Vmin
dSyncEngine.test.ts[2m > 
[22m[2mVmindSyncEngine[2m > 
[22m[2mTC_SYNC_06: should 
handle 23503 Foreign Key error 
by deferring the item
[22m[39mDEBUG_TEST: Timers 
Done

 [31mâ¯[39m services/VmindSyncEngine.test.ts [2m([22m[2m6 tests[22m[2m | [22m[31m6 failed[39m[2m)[22m[33m 10191[2mms[22m[39m
[31m     [31mĂ—[31m TC_SYNC_01: should add an action to the queue and process it successfully[39m[32m 78[2mms[22m[39m
[31m     [31mĂ—[31m TC_SYNC_02: should retry a failed action with exponential backoff[39m[32m 46[2mms[22m[39m
[31m     [31mĂ—[31m TC_SYNC_03: should mark an action as "failed" and pause after max retries[39m[32m 9[2mms[22m[39m
[31m     [31mĂ—[31m TC_SYNC_04: should allow manually retrying a failed item[39m[33m 5025[2mms[22m[39m
[31m     [31mĂ—[31m TC_SYNC_05: should allow discarding a failed item from the queue[39m[33m 5015[2mms[22m[39m
[31m     [31mĂ—[31m TC_SYNC_06: should handle 23503 Foreign Key error by deferring the item[39m[32m 9[2mms[22m[39m

[31mâ¯â¯â¯â¯â¯â¯â¯[39m
[1m[41m Failed Tests 6 [49m
[22m[31mâ¯â¯â¯â¯â¯â¯â¯
[39m

[41m[1m FAIL [22m[49m servi
ces/VmindSyncEngine.test.ts[2m
 > [22mVmindSyncEngine[2m > 
[22mTC_SYNC_01: should add an 
action to the queue and 
process it successfully
[31m[1mAssertionError[22m: 
expected "vi.fn()" to be 
called 1 times, but got 0 
times[39m
[36m [2mâ¯[22m services/Vmi
ndSyncEngine.test.ts:[2m125:48
[22m[39m
    [90m123| [39m
    [90m124| [39m    [90m// 
Assert[39m
    [90m125| [39m    expect(s
upabase.from('vocab_rows').upse
rt).toHaveBeenCalledTimes(1â€¦
    [90m   | [39m            
                               
    [31m^[39m
    [90m126| [39m    expect(O
bject.keys(dbStore).length).toB
e(0); // Queue should be emâ€¦
    [90m127| [39m    [34mexp
ect[39m(setSyncStatusMock)[33
m.[39m[34mtoHaveBeenCalledWit
h[39m([32m'saving'[39m)[33m
;[39m

[31m[2mâ¯â¯â¯â¯â¯â¯â¯â
¯â¯â¯â¯â¯â¯â¯â¯â¯â¯â
¯â¯â¯â¯â¯â¯â¯[1/6]â¯[22
m[39m

[41m[1m FAIL [22m[49m servi
ces/VmindSyncEngine.test.ts[2m
 > [22mVmindSyncEngine[2m > 
[22mTC_SYNC_02: should retry 
a failed action with 
exponential backoff
[31m[1mAssertionError[22m: 
expected "vi.fn()" to be 
called 1 times, but got 0 
times[39m
[36m [2mâ¯[22m services/Vmi
ndSyncEngine.test.ts:[2m146:48
[22m[39m
    [90m144| [39m
    [90m145| [39m    [90m// 
Assert after first failure[39m
    [90m146| [39m    expect(s
upabase.from('vocab_rows').upse
rt).toHaveBeenCalledTimes(1â€¦
    [90m   | [39m            
                               
    [31m^[39m
    [90m147| [39m    
[35mconst[39m actionInDB 
[33m=[39m [33mObject[39m[3
3m.[39m[34mvalues[39m(dbStor
e)[[34m0[39m][33m;[39m
    [90m148| [39m    [34mexp
ect[39m(actionInDB[33m.[39mr
etries)[33m.[39m[34mtoBe[39
m([34m1[39m)[33m;[39m

[31m[2mâ¯â¯â¯â¯â¯â¯â¯â
¯â¯â¯â¯â¯â¯â¯â¯â¯â¯â
¯â¯â¯â¯â¯â¯â¯[2/6]â¯[22
m[39m

[41m[1m FAIL [22m[49m servi
ces/VmindSyncEngine.test.ts[2m
 > [22mVmindSyncEngine[2m > 
[22mTC_SYNC_03: should mark 
an action as "failed" and 
pause after max retries
[31m[1mAssertionError[22m: 
expected "vi.fn()" to be 
called 5 times, but got 0 
times[39m
[36m [2mâ¯[22m services/Vmi
ndSyncEngine.test.ts:[2m178:48
[22m[39m


[31m[2mâ¯â¯â¯â¯â¯â¯â¯â
¯â¯â¯â¯â¯â¯â¯â¯â¯â¯â
¯â¯â¯â¯â¯â¯â¯[3/6]â¯[22
m[39m

[41m[1m FAIL [22m[49m servi
ces/VmindSyncEngine.test.ts[2m
 > [22mVmindSyncEngine[2m > 
[22mTC_SYNC_04: should allow 
manually retrying a failed item
[31m[1mError[22m: Test 
timed out in 5000ms.
If this is a long-running 
test, pass a timeout value as 
the last argument or configure 
it globally with 
"testTimeout".[39m
[36m [2mâ¯[22m services/Vmi
ndSyncEngine.test.ts:[2m187:3
[22m[39m
    [90m185| [39m  
})[33m;[39m
    [90m186| [39m
    [90m187| [39m  
it('TC_SYNC_04: should allow 
manually retrying a failed 
item', asyncâ€¦
    [90m   | [39m  
[31m^[39m
    [90m188| [39m    [90m// 
Arrange: Create a failed 
item[39m
    [90m189| [39m    
[35mconst[39m 
failedAction[33m:[39m 
[33mSyncAction[39m 
[33m=[39m {

[31m[2mâ¯â¯â¯â¯â¯â¯â¯â
¯â¯â¯â¯â¯â¯â¯â¯â¯â¯â
¯â¯â¯â¯â¯â¯â¯[4/6]â¯[22
m[39m

[41m[1m FAIL [22m[49m servi
ces/VmindSyncEngine.test.ts[2m
 > [22mVmindSyncEngine[2m > 
[22mTC_SYNC_05: should allow 
discarding a failed item from 
the queue
[31m[1mError[22m: Test 
timed out in 5000ms.
If this is a long-running 
test, pass a timeout value as 
the last argument or configure 
it globally with 
"testTimeout".[39m
[36m [2mâ¯[22m services/Vmi
ndSyncEngine.test.ts:[2m215:3
[22m[39m
    [90m213| [39m  
})[33m;[39m
    [90m214| [39m
    [90m215| [39m  
it('TC_SYNC_05: should allow 
discarding a failed item from 
the queueâ€¦
    [90m   | [39m  
[31m^[39m
    [90m216| [39m    [90m// 
Arrange[39m
    [90m217| [39m    
[35mconst[39m 
failedAction[33m:[39m 
[33mSyncAction[39m 
[33m=[39m {

[31m[2mâ¯â¯â¯â¯â¯â¯â¯â
¯â¯â¯â¯â¯â¯â¯â¯â¯â¯â
¯â¯â¯â¯â¯â¯â¯[5/6]â¯[22
m[39m

[41m[1m FAIL [22m[49m servi
ces/VmindSyncEngine.test.ts[2m
 > [22mVmindSyncEngine[2m > 
[22mTC_SYNC_06: should handle 
23503 Foreign Key error by 
deferring the item
[31m[1mAssertionError[22m: 
expected "vi.fn()" to be 
called 2 times, but got 0 
times[39m
[36m [2mâ¯[22m services/Vmi
ndSyncEngine.test.ts:[2m285:48
[22m[39m
    [90m283| [39m
    [90m284| [39m    [90m// 
Check calls[39m
    [90m285| [39m    expect(s
upabase.from('vocab_rows').upse
rt).toHaveBeenCalledTimes(2â€¦
    [90m   | [39m            
                               
    [31m^[39m
    [90m286| [39m    expect(s
upabase.from('concept_levels').
upsert).toHaveBeenCalledTimâ€¦
    [90m287| [39m    [34mexp
ect[39m([33mObject[39m[33m.
[39m[34mkeys[39m(dbStore)[3
3m.[39mlength)[33m.[39m[34m
toBe[39m([34m0[39m)[33m;[3
9m [90m// Everything 
synced[39m

[31m[2mâ¯â¯â¯â¯â¯â¯â¯â
¯â¯â¯â¯â¯â¯â¯â¯â¯â¯â
¯â¯â¯â¯â¯â¯â¯[6/6]â¯[22
m[39m


[2m Test Files [22m [1m[31m1 failed[39m[22m[90m (1)[39m
[2m      Tests [22m [1m[31m6 failed[39m[22m[90m (6)[39m
[2m   Start at [22m 18:18:38
[2m   Duration [22m 12.01s

[1m[41m FAIL [49m[22m [31mTests failed. Watching for file changes...[39m
       [2mpress [22m[1mh[22m[2m to show help[22m[2m, [22m[2mpress [22m[1mq[22m[2m to quit[22m
c[3J[1m[44m RERUN [49m[22m [34m[2mservices/VmindSyncEngine.test.ts [22m[34mx12 [34m[39m
       [2m Filename pattern: [22m[34mservices/VmindSyncEngine.test.ts[39m

[90mstderr[2m | services/Vmin
dSyncEngine.test.ts[2m > 
[22m[2mVmindSyncEngine[2m > 
[22m[2mTC_SYNC_06: should 
handle 23503 Foreign Key error 
by deferring the item
[22m[39mDEBUG_TEST: Starting 
Test Act Block
DEBUG_TEST: Pushing dependency
DEBUG_TEST: Running Timers

[90mstderr[2m | services/Vmin
dSyncEngine.test.ts[2m > 
[22m[2mVmindSyncEngine[2m > 
[22m[2mTC_SYNC_06: should 
handle 23503 Foreign Key error 
by deferring the item
[22m[39mDEBUG_TEST: Timers 
Done

 [31mâ¯[39m services/VmindSyncEngine.test.ts [2m([22m[2m6 tests[22m[2m | [22m[31m6 failed[39m[2m)[22m[33m 10085[2mms[22m[39m
[31m     [31mĂ—[31m TC_SYNC_01: should add an action to the queue and process it successfully[39m[32m 42[2mms[22m[39m
[31m     [31mĂ—[31m TC_SYNC_02: should retry a failed action with exponential backoff[39m[32m 9[2mms[22m[39m
[31m     [31mĂ—[31m TC_SYNC_03: should mark an action as "failed" and pause after max retries[39m[32m 6[2mms[22m[39m
[31m     [31mĂ—[31m TC_SYNC_04: should allow manually retrying a failed item[39m[33m 5011[2mms[22m[39m
[31m     [31mĂ—[31m TC_SYNC_05: should allow discarding a failed item from the queue[39m[33m 5008[2mms[22m[39m
[31m     [31mĂ—[31m TC_SYNC_06: should handle 23503 Foreign Key error by deferring the item[39m[32m 3[2mms[22m[39m

[31mâ¯â¯â¯â¯â¯â¯â¯[39m
[1m[41m Failed Tests 6 [49m
[22m[31mâ¯â¯â¯â¯â¯â¯â¯
[39m

[41m[1m FAIL [22m[49m servi
ces/VmindSyncEngine.test.ts[2m
 > [22mVmindSyncEngine[2m > 
[22mTC_SYNC_01: should add an 
action to the queue and 
process it successfully
[31m[1mAssertionError[22m: 
expected "vi.fn()" to be 
called 1 times, but got 0 
times[39m
[36m [2mâ¯[22m services/Vmi
ndSyncEngine.test.ts:[2m125:48
[22m[39m
    [90m123| [39m
    [90m124| [39m    [90m// 
Assert[39m
    [90m125| [39m    expect(s
upabase.from('vocab_rows').upse
rt).toHaveBeenCalledTimes(1â€¦
    [90m   | [39m            
                               
    [31m^[39m
    [90m126| [39m    expect(O
bject.keys(dbStore).length).toB
e(0); // Queue should be emâ€¦
    [90m127| [39m    [34mexp
ect[39m(setSyncStatusMock)[33
m.[39m[34mtoHaveBeenCalledWit
h[39m([32m'saving'[39m)[33m
;[39m

[31m[2mâ¯â¯â¯â¯â¯â¯â¯â
¯â¯â¯â¯â¯â¯â¯â¯â¯â¯â
¯â¯â¯â¯â¯â¯â¯[1/6]â¯[22
m[39m

[41m[1m FAIL [22m[49m servi
ces/VmindSyncEngine.test.ts[2m
 > [22mVmindSyncEngine[2m > 
[22mTC_SYNC_02: should retry 
a failed action with 
exponential backoff
[31m[1mAssertionError[22m: 
expected "vi.fn()" to be 
called 1 times, but got 0 
times[39m
[36m [2mâ¯[22m services/Vmi
ndSyncEngine.test.ts:[2m146:48
[22m[39m
    [90m144| [39m
    [90m145| [39m    [90m// 
Assert after first failure[39m
    [90m146| [39m    expect(s
upabase.from('vocab_rows').upse
rt).toHaveBeenCalledTimes(1â€¦
    [90m   | [39m            
                               
    [31m^[39m
    [90m147| [39m    
[35mconst[39m actionInDB 
[33m=[39m [33mObject[39m[3
3m.[39m[34mvalues[39m(dbStor
e)[[34m0[39m][33m;[39m
    [90m148| [39m    [34mexp
ect[39m(actionInDB[33m.[39mr
etries)[33m.[39m[34mtoBe[39
m([34m1[39m)[33m;[39m

[31m[2mâ¯â¯â¯â¯â¯â¯â¯â
¯â¯â¯â¯â¯â¯â¯â¯â¯â¯â
¯â¯â¯â¯â¯â¯â¯[2/6]â¯[22
m[39m

[41m[1m FAIL [22m[49m servi
ces/VmindSyncEngine.test.ts[2m
 > [22mVmindSyncEngine[2m > 
[22mTC_SYNC_03: should mark 
an action as "failed" and 
pause after max retries
[31m[1mAssertionError[22m: 
expected "vi.fn()" to be 
called 5 times, but got 0 
times[39m
[36m [2mâ¯[22m services/Vmi
ndSyncEngine.test.ts:[2m178:48
[22m[39m


[31m[2mâ¯â¯â¯â¯â¯â¯â¯â
¯â¯â¯â¯â¯â¯â¯â¯â¯â¯â
¯â¯â¯â¯â¯â¯â¯[3/6]â¯[22
m[39m

[41m[1m FAIL [22m[49m servi
ces/VmindSyncEngine.test.ts[2m
 > [22mVmindSyncEngine[2m > 
[22mTC_SYNC_04: should allow 
manually retrying a failed item
[31m[1mError[22m: Test 
timed out in 5000ms.
If this is a long-running 
test, pass a timeout value as 
the last argument or configure 
it globally with 
"testTimeout".[39m
[36m [2mâ¯[22m services/Vmi
ndSyncEngine.test.ts:[2m187:3
[22m[39m
    [90m185| [39m  
})[33m;[39m
    [90m186| [39m
    [90m187| [39m  
it('TC_SYNC_04: should allow 
manually retrying a failed 
item', asyncâ€¦
    [90m   | [39m  
[31m^[39m
    [90m188| [39m    [90m// 
Arrange: Create a failed 
item[39m
    [90m189| [39m    
[35mconst[39m 
failedAction[33m:[39m 
[33mSyncAction[39m 
[33m=[39m {

[31m[2mâ¯â¯â¯â¯â¯â¯â¯â
¯â¯â¯â¯â¯â¯â¯â¯â¯â¯â
¯â¯â¯â¯â¯â¯â¯[4/6]â¯[22
m[39m

[41m[1m FAIL [22m[49m servi
ces/VmindSyncEngine.test.ts[2m
 > [22mVmindSyncEngine[2m > 
[22mTC_SYNC_05: should allow 
discarding a failed item from 
the queue
[31m[1mError[22m: Test 
timed out in 5000ms.
If this is a long-running 
test, pass a timeout value as 
the last argument or configure 
it globally with 
"testTimeout".[39m
[36m [2mâ¯[22m services/Vmi
ndSyncEngine.test.ts:[2m215:3
[22m[39m
    [90m213| [39m  
})[33m;[39m
    [90m214| [39m
    [90m215| [39m  
it('TC_SYNC_05: should allow 
discarding a failed item from 
the queueâ€¦
    [90m   | [39m  
[31m^[39m
    [90m216| [39m    [90m// 
Arrange[39m
    [90m217| [39m    
[35mconst[39m 
failedAction[33m:[39m 
[33mSyncAction[39m 
[33m=[39m {

[31m[2mâ¯â¯â¯â¯â¯â¯â¯â
¯â¯â¯â¯â¯â¯â¯â¯â¯â¯â
¯â¯â¯â¯â¯â¯â¯[5/6]â¯[22
m[39m

[41m[1m FAIL [22m[49m servi
ces/VmindSyncEngine.test.ts[2m
 > [22mVmindSyncEngine[2m > 
[22mTC_SYNC_06: should handle 
23503 Foreign Key error by 
deferring the item
[31m[1mAssertionError[22m: 
expected "vi.fn()" to be 
called 2 times, but got 0 
times[39m
[36m [2mâ¯[22m services/Vmi
ndSyncEngine.test.ts:[2m285:48
[22m[39m

    [90m283| [39m
    [90m284| [39m    [90m// 
Check calls[39m
    [90m285| [39m    expect(s
upabase.from('vocab_rows').upse
rt).toHaveBeenCalledTimes(2â€¦
    [90m   | [39m            
                               
    [31m^[39m
    [90m286| [39m    expect(s
upabase.from('concept_levels').
upsert).toHaveBeenCalledTimâ€¦
    [90m287| [39m    [34mexp
ect[39m([33mObject[39m[33m.
[39m[34mkeys[39m(dbStore)[3
3m.[39mlength)[33m.[39m[34m
toBe[39m([34m0[39m)[33m;[3
9m [90m// Everything 
synced[39m

[31m[2mâ¯â¯â¯â¯â¯â¯â¯â
¯â¯â¯â¯â¯â¯â¯â¯â¯â¯â
¯â¯â¯â¯â¯â¯â¯[6/6]â¯[22
m[39m

[2m Test Files [22m [1m[31m1 failed[39m[22m[90m (1)[39m
[2m      Tests [22m [1m[31m6 failed[39m[22m[90m (6)[39m
[2m   Start at [22m 18:18:58
[2m   Duration [22m 11.34s

[1m[41m FAIL [49m[22m [31mTests failed. Watching for file changes...[39m
       [2mpress [22m[1mh[22m[2m to show help[22m[2m, [22m[2mpress [22m[1mq[22m[2m to quit[22m
c[3J[1m[44m RERUN [49m[22m [34m[2mservices/VmindSyncEngine.test.ts [22m[34mx13 [34m[39m
       [2m Filename pattern: [22m[34mservices/VmindSyncEngine.test.ts[39m

[90mstderr[2m | services/Vmin
dSyncEngine.test.ts[2m > 
[22m[2mVmindSyncEngine[2m > 
[22m[2mTC_SYNC_06: should 
handle 23503 Foreign Key error 
by deferring the item
[22m[39mDEBUG_TEST: Starting 
Test Act Block
DEBUG_TEST: Pushing dependency
DEBUG_TEST: Running Timers

[90mstderr[2m | services/Vmin
dSyncEngine.test.ts[2m > 
[22m[2mVmindSyncEngine[2m > 
[22m[2mTC_SYNC_06: should 
handle 23503 Foreign Key error 
by deferring the item
[22m[39mDEBUG_TEST: Timers 
Done

 [31mâ¯[39m services/VmindSyncEngine.test.ts [2m([22m[2m6 tests[22m[2m | [22m[31m6 failed[39m[2m)[22m[33m 10114[2mms[22m[39m
[31m     [31mĂ—[31m TC_SYNC_01: should add an action to the queue and process it successfully[39m[32m 49[2mms[22m[39m
[31m     [31mĂ—[31m TC_SYNC_02: should retry a failed action with exponential backoff[39m[32m 15[2mms[22m[39m
[31m     [31mĂ—[31m TC_SYNC_03: should mark an action as "failed" and pause after max retries[39m[32m 11[2mms[22m[39m
[31m     [31mĂ—[31m TC_SYNC_04: should allow manually retrying a failed item[39m[33m 5014[2mms[22m[39m
[31m     [31mĂ—[31m TC_SYNC_05: should allow discarding a failed item from the queue[39m[33m 5012[2mms[22m[39m
[31m     [31mĂ—[31m TC_SYNC_06: should handle 23503 Foreign Key error by deferring the item[39m[32m 5[2mms[22m[39m

[31mâ¯â¯â¯â¯â¯â¯â¯[39m
[1m[41m Failed Tests 6 [49m
[22m[31mâ¯â¯â¯â¯â¯â¯â¯
[39m

[41m[1m FAIL [22m[49m servi
ces/VmindSyncEngine.test.ts[2m
 > [22mVmindSyncEngine[2m > 
[22mTC_SYNC_01: should add an 
action to the queue and 
process it successfully
[31m[1mAssertionError[22m: 
expected "vi.fn()" to be 
called 1 times, but got 0 
times[39m
[36m [2mâ¯[22m services/Vmi
ndSyncEngine.test.ts:[2m125:48
[22m[39m
    [90m123| [39m
    [90m124| [39m    [90m// 
Assert[39m
    [90m125| [39m    expect(s
upabase.from('vocab_rows').upse
rt).toHaveBeenCalledTimes(1â€¦
    [90m   | [39m            
                               
    [31m^[39m
    [90m126| [39m    expect(O
bject.keys(dbStore).length).toB
e(0); // Queue should be emâ€¦
    [90m127| [39m    [34mexp
ect[39m(setSyncStatusMock)[33
m.[39m[34mtoHaveBeenCalledWit
h[39m([32m'saving'[39m)[33m
;[39m

[31m[2mâ¯â¯â¯â¯â¯â¯â¯â
¯â¯â¯â¯â¯â¯â¯â¯â¯â¯â
¯â¯â¯â¯â¯â¯â¯[1/6]â¯[22
m[39m

[41m[1m FAIL [22m[49m servi
ces/VmindSyncEngine.test.ts[2m
 > [22mVmindSyncEngine[2m > 
[22mTC_SYNC_02: should retry 
a failed action with 
exponential backoff
[31m[1mAssertionError[22m: 
expected "vi.fn()" to be 
called 1 times, but got 0 
times[39m
[36m [2mâ¯[22m services/Vmi
ndSyncEngine.test.ts:[2m146:48
[22m[39m
    [90m144| [39m
    [90m145| [39m    [90m// 
Assert after first failure[39m
    [90m146| [39m    expect(s
upabase.from('vocab_rows').upse
rt).toHaveBeenCalledTimes(1â€¦
    [90m   | [39m            
                               
    [31m^[39m
    [90m147| [39m    
[35mconst[39m actionInDB 
[33m=[39m [33mObject[39m[3
3m.[39m[34mvalues[39m(dbStor
e)[[34m0[39m][33m;[39m
    [90m148| [39m    [34mexp
ect[39m(actionInDB[33m.[39mr
etries)[33m.[39m[34mtoBe[39
m([34m1[39m)[33m;[39m

[31m[2mâ¯â¯â¯â¯â¯â¯â¯â
¯â¯â¯â¯â¯â¯â¯â¯â¯â¯â
¯â¯â¯â¯â¯â¯â¯[2/6]â¯[22
m[39m

[41m[1m FAIL [22m[49m servi
ces/VmindSyncEngine.test.ts[2m
 > [22mVmindSyncEngine[2m > 
[22mTC_SYNC_03: should mark 
an action as "failed" and 
pause after max retries
[31m[1mAssertionError[22m: 
expected "vi.fn()" to be 
called 5 times, but got 0 
times[39m
[36m [2mâ¯[22m services/Vmi
ndSyncEngine.test.ts:[2m178:48
[22m[39m


[31m[2mâ¯â¯â¯â¯â¯â¯â¯â
¯â¯â¯â¯â¯â¯â¯â¯â¯â¯â
¯â¯â¯â¯â¯â¯â¯[3/6]â¯[22
m[39m

[41m[1m FAIL [22m[49m servi
ces/VmindSyncEngine.test.ts[2m
 > [22mVmindSyncEngine[2m > 
[22mTC_SYNC_04: should allow 
manually retrying a failed item
[31m[1mError[22m: Test 
timed out in 5000ms.
If this is a long-running 
test, pass a timeout value as 
the last argument or configure 
it globally with 
"testTimeout".[39m
[36m [2mâ¯[22m services/Vmi
ndSyncEngine.test.ts:[2m187:3
[22m[39m
    [90m185| [39m  
})[33m;[39m
    [90m186| [39m
    [90m187| [39m  
it('TC_SYNC_04: should allow 
manually retrying a failed 
item', asyncâ€¦
    [90m   | [39m  
[31m^[39m
    [90m188| [39m    [90m// 
Arrange: Create a failed 
item[39m
    [90m189| [39m    
[35mconst[39m 
failedAction[33m:[39m 
[33mSyncAction[39m 
[33m=[39m {

[31m[2mâ¯â¯â¯â¯â¯â¯â¯â
¯â¯â¯â¯â¯â¯â¯â¯â¯â¯â
¯â¯â¯â¯â¯â¯â¯[4/6]â¯[22
m[39m

[41m[1m FAIL [22m[49m servi
ces/VmindSyncEngine.test.ts[2m
 > [22mVmindSyncEngine[2m > 
[22mTC_SYNC_05: should allow 
discarding a failed item from 
the queue
[31m[1mError[22m: Test 
timed out in 5000ms.
If this is a long-running 
test, pass a timeout value as 
the last argument or configure 
it globally with 
"testTimeout".[39m
[36m [2mâ¯[22m services/Vmi
ndSyncEngine.test.ts:[2m215:3
[22m[39m
    [90m213| [39m  
})[33m;[39m
    [90m214| [39m
    [90m215| [39m  
it('TC_SYNC_05: should allow 
discarding a failed item from 
the queueâ€¦
    [90m   | [39m  
[31m^[39m
    [90m216| [39m    [90m// 
Arrange[39m
    [90m217| [39m    
[35mconst[39m 
failedAction[33m:[39m 
[33mSyncAction[39m 
[33m=[39m {

[31m[2mâ¯â¯â¯â¯â¯â¯â¯â
¯â¯â¯â¯â¯â¯â¯â¯â¯â¯â
¯â¯â¯â¯â¯â¯â¯[5/6]â¯[22
m[39m

[41m[1m FAIL [22m[49m servi
ces/VmindSyncEngine.test.ts[2m
 > [22mVmindSyncEngine[2m > 
[22mTC_SYNC_06: should handle 
23503 Foreign Key error by 
deferring the item
[31m[1mAssertionError[22m: 
expected "vi.fn()" to be 
called 3 times, but got 0 
times[39m
[36m [2mâ¯[22m services/Vmi
ndSyncEngine.test.ts:[2m285:24
[22m[39m
    [90m283| [39m
    [90m284| [39m    [90m// 
Check calls[39m
    [90m285| [39m    [34mexp
ect[39m(upsertMock)[33m.[39m
[34mtoHaveBeenCalledTimes[39m
([34m3[39m)[33m;[39m
    [90m   | [39m            
           [31m^[39m
    [90m286| [39m    [34mexp
ect[39m([33mObject[39m[33m.
[39m[34mkeys[39m(dbStore)[3
3m.[39mlength)[33m.[39m[34m
toBe[39m([34m0[39m)[33m;[3
9m [90m// Everything 
synced[39m
    [90m287| [39m  
})[33m;[39m

[31m[2mâ¯â¯â¯â¯â¯â¯â¯â
¯â¯â¯â¯â¯â¯â¯â¯â¯â¯â
¯â¯â¯â¯â¯â¯â¯[6/6]â¯[22
m[39m


[2m Test Files [22m [1m[31m1 failed[39m[22m[90m (1)[39m
[2m      Tests [22m [1m[31m6 failed[39m[22m[90m (6)[39m
[2m   Start at [22m 18:19:26
[2m   Duration [22m 11.99s

[1m[41m FAIL [49m[22m [31mTests failed. Watching for file changes...[39m
       [2mpress [22m[1mh[22m[2m to show help[22m[2m, [22m[2mpress [22m[1mq[22m[2m to quit[22m
c[3J[1m[44m RERUN [49m[22m [34m[2mservices/VmindSyncEngine.ts [22m[34mx14 [34m[39m
       [2m Filename pattern: [22m[34mservices/VmindSyncEngine.test.ts[39m

[90mstderr[2m | services/Vmin
dSyncEngine.test.ts[2m > 
[22m[2mVmindSyncEngine[2m > 
[22m[2mTC_SYNC_06: should 
handle 23503 Foreign Key error 
by deferring the item
[22m[39mDEBUG_TEST: Starting 
Test Act Block
DEBUG_TEST: Pushing dependency
DEBUG_TEST: Running Timers

[90mstderr[2m | services/Vmin
dSyncEngine.test.ts[2m > 
[22m[2mVmindSyncEngine[2m > 
[22m[2mTC_SYNC_06: should 
handle 23503 Foreign Key error 
by deferring the item
[22m[39mDEBUG_TEST: Timers 
Done

 [31mâ¯[39m services/VmindSyncEngine.test.ts [2m([22m[2m6 tests[22m[2m | [22m[31m6 failed[39m[2m)[22m[33m 10076[2mms[22m[39m
[31m     [31mĂ—[31m TC_SYNC_01: should add an action to the queue and process it successfully[39m[32m 24[2mms[22m[39m
[31m     [31mĂ—[31m TC_SYNC_02: should retry a failed action with exponential backoff[39m[32m 6[2mms[22m[39m
[31m     [31mĂ—[31m TC_SYNC_03: should mark an action as "failed" and pause after max retries[39m[32m 4[2mms[22m[39m
[31m     [31mĂ—[31m TC_SYNC_04: should allow manually retrying a failed item[39m[33m 5013[2mms[22m[39m
[31m     [31mĂ—[31m TC_SYNC_05: should allow discarding a failed item from the queue[39m[33m 5010[2mms[22m[39m
[31m     [31mĂ—[31m TC_SYNC_06: should handle 23503 Foreign Key error by deferring the item[39m[32m 12[2mms[22m[39m

[31mâ¯â¯â¯â¯â¯â¯â¯[39m
[1m[41m Failed Tests 6 [49m
[22m[31mâ¯â¯â¯â¯â¯â¯â¯
[39m

[41m[1m FAIL [22m[49m servi
ces/VmindSyncEngine.test.ts[2m
 > [22mVmindSyncEngine[2m > 
[22mTC_SYNC_01: should add an 
action to the queue and 
process it successfully
[31m[1mAssertionError[22m: 
expected "vi.fn()" to be 
called 1 times, but got 0 
times[39m
[36m [2mâ¯[22m services/Vmi
ndSyncEngine.test.ts:[2m125:48
[22m[39m
    [90m123| [39m
    [90m124| [39m    [90m// 
Assert[39m
    [90m125| [39m    expect(s
upabase.from('vocab_rows').upse
rt).toHaveBeenCalledTimes(1â€¦
    [90m   | [39m            
                               
    [31m^[39m
    [90m126| [39m    expect(O
bject.keys(dbStore).length).toB
e(0); // Queue should be emâ€¦
    [90m127| [39m    [34mexp
ect[39m(setSyncStatusMock)[33
m.[39m[34mtoHaveBeenCalledWit
h[39m([32m'saving'[39m)[33m
;[39m

[31m[2mâ¯â¯â¯â¯â¯â¯â¯â
¯â¯â¯â¯â¯â¯â¯â¯â¯â¯â
¯â¯â¯â¯â¯â¯â¯[1/6]â¯[22
m[39m

[41m[1m FAIL [22m[49m servi
ces/VmindSyncEngine.test.ts[2m
 > [22mVmindSyncEngine[2m > 
[22mTC_SYNC_02: should retry 
a failed action with 
exponential backoff
[31m[1mAssertionError[22m: 
expected "vi.fn()" to be 
called 1 times, but got 0 
times[39m
[36m [2mâ¯[22m services/Vmi
ndSyncEngine.test.ts:[2m146:48
[22m[39m
    [90m144| [39m
    [90m145| [39m    [90m// 
Assert after first failure[39m
    [90m146| [39m    expect(s
upabase.from('vocab_rows').upse
rt).toHaveBeenCalledTimes(1â€¦
    [90m   | [39m            
                               
    [31m^[39m
    [90m147| [39m    
[35mconst[39m actionInDB 
[33m=[39m [33mObject[39m[3
3m.[39m[34mvalues[39m(dbStor
e)[[34m0[39m][33m;[39m
    [90m148| [39m    [34mexp
ect[39m(actionInDB[33m.[39mr
etries)[33m.[39m[34mtoBe[39
m([34m1[39m)[33m;[39m

[31m[2mâ¯â¯â¯â¯â¯â¯â¯â
¯â¯â¯â¯â¯â¯â¯â¯â¯â¯â
¯â¯â¯â¯â¯â¯â¯[2/6]â¯[22
m[39m

[41m[1m FAIL [22m[49m servi
ces/VmindSyncEngine.test.ts[2m
 > [22mVmindSyncEngine[2m > 
[22mTC_SYNC_03: should mark 
an action as "failed" and 
pause after max retries
[31m[1mAssertionError[22m: 
expected "vi.fn()" to be 
called 5 times, but got 0 
times[39m
[36m [2mâ¯[22m services/Vmi
ndSyncEngine.test.ts:[2m178:48
[22m[39m


[31m[2mâ¯â¯â¯â¯â¯â¯â¯â
¯â¯â¯â¯â¯â¯â¯â¯â¯â¯â
¯â¯â¯â¯â¯â¯â¯[3/6]â¯[22
m[39m

[41m[1m FAIL [22m[49m servi
ces/VmindSyncEngine.test.ts[2m
 > [22mVmindSyncEngine[2m > 
[22mTC_SYNC_04: should allow 
manually retrying a failed item
[31m[1mError[22m: Test 
timed out in 5000ms.
If this is a long-running 
test, pass a timeout value as 
the last argument or configure 
it globally with 
"testTimeout".[39m
[36m [2mâ¯[22m services/Vmi
ndSyncEngine.test.ts:[2m187:3
[22m[39m
    [90m185| [39m  
})[33m;[39m
    [90m186| [39m
    [90m187| [39m  
it('TC_SYNC_04: should allow 
manually retrying a failed 
item', asyncâ€¦
    [90m   | [39m  
[31m^[39m
    [90m188| [39m    [90m// 
Arrange: Create a failed 
item[39m
    [90m189| [39m    
[35mconst[39m 
failedAction[33m:[39m 
[33mSyncAction[39m 
[33m=[39m {

[31m[2mâ¯â¯â¯â¯â¯â¯â¯â
¯â¯â¯â¯â¯â¯â¯â¯â¯â¯â
¯â¯â¯â¯â¯â¯â¯[4/6]â¯[22
m[39m

[41m[1m FAIL [22m[49m servi
ces/VmindSyncEngine.test.ts[2m
 > [22mVmindSyncEngine[2m > 
[22mTC_SYNC_05: should allow 
discarding a failed item from 
the queue
[31m[1mError[22m: Test 
timed out in 5000ms.
If this is a long-running 
test, pass a timeout value as 
the last argument or configure 
it globally with 
"testTimeout".[39m
[36m [2mâ¯[22m services/Vmi
ndSyncEngine.test.ts:[2m215:3
[22m[39m
    [90m213| [39m  
})[33m;[39m
    [90m214| [39m
    [90m215| [39m  
it('TC_SYNC_05: should allow 
discarding a failed item from 
the queueâ€¦
    [90m   | [39m  
[31m^[39m
    [90m216| [39m    [90m// 
Arrange[39m
    [90m217| [39m    
[35mconst[39m 
failedAction[33m:[39m 
[33mSyncAction[39m 
[33m=[39m {

[31m[2mâ¯â¯â¯â¯â¯â¯â¯â
¯â¯â¯â¯â¯â¯â¯â¯â¯â¯â
¯â¯â¯â¯â¯â¯â¯[5/6]â¯[22
m[39m

[41m[1m FAIL [22m[49m servi
ces/VmindSyncEngine.test.ts[2m
 > [22mVmindSyncEngine[2m > 
[22mTC_SYNC_06: should handle 
23503 Foreign Key error by 
deferring the item
[31m[1mAssertionError[22m: 
expected "vi.fn()" to be 
called 3 times, but got 0 
times[39m
[36m [2mâ¯[22m services/Vmi
ndSyncEngine.test.ts:[2m285:24
[22m[39m
    [90m283| [39m
    [90m284| [39m    [90m// 
Check calls[39m
    [90m285| [39m    [34mexp
ect[39m(upsertMock)[33m.[39m
[34mtoHaveBeenCalledTimes[39m
([34m3[39m)[33m;[39m
    [90m   | [39m            
           [31m^[39m
    [90m286| [39m    [34mexp
ect[39m([33mObject[39m[33m.
[39m[34mkeys[39m(dbStore)[3
3m.[39mlength)[33m.[39m[34m
toBe[39m([34m0[39m)[33m;[3
9m [90m// Everything 
synced[39m
    [90m287| [39m  
})[33m;[39m

[31m[2mâ¯â¯â¯â¯â¯â¯â¯â
¯â¯â¯â¯â¯â¯â¯â¯â¯â¯â
¯â¯â¯â¯â¯â¯â¯[6/6]â¯[22
m[39m


[2m Test Files [22m [1m[31m1 failed[39m[22m[90m (1)[39m
[2m      Tests [22m [1m[31m6 failed[39m[22m[90m (6)[39m
[2m   Start at [22m 18:21:45
[2m   Duration [22m 11.46s

[1m[41m FAIL [49m[22m [31mTests failed. Watching for file changes...[39m
       [2mpress [22m[1mh[22m[2m to show help[22m[2m, [22m[2mpress [22m[1mq[22m[2m to quit[22m
c[3J[1m[44m RERUN [49m[22m [34m[2mservices/VmindSyncEngine.ts [22m[34mx15 [34m[39m
       [2m Filename pattern: [22m[34mservices/VmindSyncEngine.test.ts[39m

[90mstderr[2m | services/Vmin
dSyncEngine.test.ts[2m > 
[22m[2mVmindSyncEngine[2m > 
[22m[2mTC_SYNC_06: should 
handle 23503 Foreign Key error 
by deferring the item
[22m[39mDEBUG_TEST: Starting 
Test Act Block
DEBUG_TEST: Pushing dependency
DEBUG_TEST: Running Timers

[90mstderr[2m | services/Vmin
dSyncEngine.test.ts[2m > 
[22m[2mVmindSyncEngine[2m > 
[22m[2mTC_SYNC_06: should 
handle 23503 Foreign Key error 
by deferring the item
[22m[39mDEBUG_TEST: Timers 
Done

 [31mâ¯[39m services/VmindSyncEngine.test.ts [2m([22m[2m6 tests[22m[2m | [22m[31m6 failed[39m[2m)[22m[33m 10108[2mms[22m[39m
[31m     [31mĂ—[31m TC_SYNC_01: should add an action to the queue and process it successfully[39m[32m 24[2mms[22m[39m
[31m     [31mĂ—[31m TC_SYNC_02: should retry a failed action with exponential backoff[39m[32m 7[2mms[22m[39m
[31m     [31mĂ—[31m TC_SYNC_03: should mark an action as "failed" and pause after max retries[39m[32m 3[2mms[22m[39m
[31m     [31mĂ—[31m TC_SYNC_04: should allow manually retrying a failed item[39m[33m 5036[2mms[22m[39m
[31m     [31mĂ—[31m TC_SYNC_05: should allow discarding a failed item from the queue[39m[33m 5020[2mms[22m[39m
[31m     [31mĂ—[31m TC_SYNC_06: should handle 23503 Foreign Key error by deferring the item[39m[32m 10[2mms[22m[39m

[31mâ¯â¯â¯â¯â¯â¯â¯[39m
[1m[41m Failed Tests 6 [49m
[22m[31mâ¯â¯â¯â¯â¯â¯â¯
[39m

[41m[1m FAIL [22m[49m servi
ces/VmindSyncEngine.test.ts[2m
 > [22mVmindSyncEngine[2m > 
[22mTC_SYNC_01: should add an 
action to the queue and 
process it successfully
[31m[1mAssertionError[22m: 
expected "vi.fn()" to be 
called 1 times, but got 0 
times[39m
[90m [2mâ¯[22m services/Vmi
ndSyncEngine.test.ts:[2m125:48
[22m[39m

[31m[2mâ¯â¯â¯â¯â¯â¯â¯â
¯â¯â¯â¯â¯â¯â¯â¯â¯â¯â
¯â¯â¯â¯â¯â¯â¯[1/6]â¯[22
m[39m

[41m[1m FAIL [22m[49m servi
ces/VmindSyncEngine.test.ts[2m
 > [22mVmindSyncEngine[2m > 
[22mTC_SYNC_02: should retry 
a failed action with 
exponential backoff
[31m[1mAssertionError[22m: 
expected "vi.fn()" to be 
called 1 times, but got 0 
times[39m
[90m [2mâ¯[22m services/Vmi
ndSyncEngine.test.ts:[2m146:48
[22m[39m

[31m[2mâ¯â¯â¯â¯â¯â¯â¯â
¯â¯â¯â¯â¯â¯â¯â¯â¯â¯â
¯â¯â¯â¯â¯â¯â¯[2/6]â¯[22
m[39m

[41m[1m FAIL [22m[49m servi
ces/VmindSyncEngine.test.ts[2m
 > [22mVmindSyncEngine[2m > 
[22mTC_SYNC_03: should mark 
an action as "failed" and 
pause after max retries
[31m[1mAssertionError[22m: 
expected "vi.fn()" to be 
called 5 times, but got 0 
times[39m
[90m [2mâ¯[22m services/Vmi
ndSyncEngine.test.ts:[2m178:48
[22m[39m

[31m[2mâ¯â¯â¯â¯â¯â¯â¯â
¯â¯â¯â¯â¯â¯â¯â¯â¯â¯â
¯â¯â¯â¯â¯â¯â¯[3/6]â¯[22
m[39m

[41m[1m FAIL [22m[49m servi
ces/VmindSyncEngine.test.ts[2m
 > [22mVmindSyncEngine[2m > 
[22mTC_SYNC_04: should allow 
manually retrying a failed item
[31m[1mError[22m: Test 
timed out in 5000ms.
If this is a long-running 
test, pass a timeout value as 
the last argument or configure 
it globally with 
"testTimeout".[39m
[90m [2mâ¯[22m services/Vmi
ndSyncEngine.test.ts:[2m187:3
[22m[39m

[31m[2mâ¯â¯â¯â¯â¯â¯â¯â
¯â¯â¯â¯â¯â¯â¯â¯â¯â¯â
¯â¯â¯â¯â¯â¯â¯[4/6]â¯[22
m[39m

[41m[1m FAIL [22m[49m servi
ces/VmindSyncEngine.test.ts[2m
 > [22mVmindSyncEngine[2m > 
[22mTC_SYNC_05: should allow 
discarding a failed item from 
the queue
[31m[1mError[22m: Test 
timed out in 5000ms.
If this is a long-running 
test, pass a timeout value as 
the last argument or configure 
it globally with 
"testTimeout".[39m
[90m [2mâ¯[22m services/Vmi
ndSyncEngine.test.ts:[2m215:3
[22m[39m

[31m[2mâ¯â¯â¯â¯â¯â¯â¯â
¯â¯â¯â¯â¯â¯â¯â¯â¯â¯â
¯â¯â¯â¯â¯â¯â¯[5/6]â¯[22
m[39m

[41m[1m FAIL [22m[49m servi
ces/VmindSyncEngine.test.ts[2m
 > [22mVmindSyncEngine[2m > 
[22mTC_SYNC_06: should handle 
23503 Foreign Key error by 
deferring the item
[31m[1mAssertionError[22m: 
expected "vi.fn()" to be 
called 3 times, but got 0 
times[39m
[90m [2mâ¯[22m services/Vmi
ndSyncEngine.test.ts:[2m285:24
[22m[39m

[31m[2mâ¯â¯â¯â¯â¯â¯â¯â
¯â¯â¯â¯â¯â¯â¯â¯â¯â¯â
¯â¯â¯â¯â¯â¯â¯[6/6]â¯[22
m[39m


[2m Test Files [22m [1m[31m1 failed[39m[22m[90m (1)[39m
[2m      Tests [22m [1m[31m6 failed[39m[22m[90m (6)[39m
[2m   Start at [22m 18:23:28
[2m   Duration [22m 11.28s

[1m[41m FAIL [49m[22m [31mTests failed. Watching for file changes...[39m
       [2mpress [22m[1mh[22m[2m to show help[22m[2m, [22m[2mpress [22m[1mq[22m[2m to quit[22m
c[3J[1m[44m RERUN [49m[22m [34m[2mservices/VmindSyncEngine.test.ts [22m[34mx16 [34m[39m
       [2m Filename pattern: [22m[34mservices/VmindSyncEngine.test.ts[39m

 [31mâ¯[39m services/VmindSyncEngine.test.ts [2m([22m[2m6 tests[22m[2m | [22m[31m6 failed[39m[2m)[22m[33m 10114[2mms[22m[39m
[31m     [31mĂ—[31m TC_SYNC_01: should add an action to the queue and process it successfully[39m[32m 38[2mms[22m[39m
[31m     [31mĂ—[31m TC_SYNC_02: should retry a failed action with exponential backoff[39m[32m 9[2mms[22m[39m
[31m     [31mĂ—[31m TC_SYNC_03: should mark an action as "failed" and pause after max retries[39m[32m 8[2mms[22m[39m
[31m     [31mĂ—[31m TC_SYNC_04: should allow manually retrying a failed item[39m[33m 5011[2mms[22m[39m
[31m     [31mĂ—[31m TC_SYNC_05: should allow discarding a failed item from the queue[39m[33m 5031[2mms[22m[39m
[31m     [31mĂ—[31m TC_SYNC_06: should handle 23503 Foreign Key error by deferring the item[39m[32m 11[2mms[22m[39m

[31mâ¯â¯â¯â¯â¯â¯â¯[39m
[1m[41m Failed Tests 6 [49m
[22m[31mâ¯â¯â¯â¯â¯â¯â¯
[39m

[41m[1m FAIL [22m[49m servi
ces/VmindSyncEngine.test.ts[2m
 > [22mVmindSyncEngine[2m > 
[22mTC_SYNC_01: should add an 
action to the queue and 
process it successfully
[31m[1mAssertionError[22m: 
expected "vi.fn()" to be 
called 1 times, but got 0 
times[39m
[36m [2mâ¯[22m services/Vmi
ndSyncEngine.test.ts:[2m125:48
[22m[39m
    [90m123| [39m
    [90m124| [39m    [90m// 
Assert[39m
    [90m125| [39m    expect(s
upabase.from('vocab_rows').upse
rt).toHaveBeenCalledTimes(1â€¦
    [90m   | [39m            
                               
    [31m^[39m
    [90m126| [39m    expect(O
bject.keys(dbStore).length).toB
e(0); // Queue should be emâ€¦
    [90m127| [39m    [34mexp
ect[39m(setSyncStatusMock)[33
m.[39m[34mtoHaveBeenCalledWit
h[39m([32m'saving'[39m)[33m
;[39m

[31m[2mâ¯â¯â¯â¯â¯â¯â¯â
¯â¯â¯â¯â¯â¯â¯â¯â¯â¯â
¯â¯â¯â¯â¯â¯â¯[1/6]â¯[22
m[39m

[41m[1m FAIL [22m[49m servi
ces/VmindSyncEngine.test.ts[2m
 > [22mVmindSyncEngine[2m > 
[22mTC_SYNC_02: should retry 
a failed action with 
exponential backoff
[31m[1mAssertionError[22m: 
expected "vi.fn()" to be 
called 1 times, but got 0 
times[39m
[36m [2mâ¯[22m services/Vmi
ndSyncEngine.test.ts:[2m146:48
[22m[39m
    [90m144| [39m
    [90m145| [39m    [90m// 
Assert after first failure[39m
    [90m146| [39m    expect(s
upabase.from('vocab_rows').upse
rt).toHaveBeenCalledTimes(1â€¦
    [90m   | [39m            
                               
    [31m^[39m
    [90m147| [39m    
[35mconst[39m actionInDB 
[33m=[39m [33mObject[39m[3
3m.[39m[34mvalues[39m(dbStor
e)[[34m0[39m][33m;[39m
    [90m148| [39m    [34mexp
ect[39m(actionInDB[33m.[39mr
etries)[33m.[39m[34mtoBe[39
m([34m1[39m)[33m;[39m

[31m[2mâ¯â¯â¯â¯â¯â¯â¯â
¯â¯â¯â¯â¯â¯â¯â¯â¯â¯â
¯â¯â¯â¯â¯â¯â¯[2/6]â¯[22
m[39m

[41m[1m FAIL [22m[49m servi
ces/VmindSyncEngine.test.ts[2m
 > [22mVmindSyncEngine[2m > 
[22mTC_SYNC_03: should mark 
an action as "failed" and 
pause after max retries
[31m[1mAssertionError[22m: 
expected "vi.fn()" to be 
called 5 times, but got 0 
times[39m
[36m [2mâ¯[22m services/Vmi
ndSyncEngine.test.ts:[2m178:48
[22m[39m


[31m[2mâ¯â¯â¯â¯â¯â¯â¯â
¯â¯â¯â¯â¯â¯â¯â¯â¯â¯â
¯â¯â¯â¯â¯â¯â¯[3/6]â¯[22
m[39m

[41m[1m FAIL [22m[49m servi
ces/VmindSyncEngine.test.ts[2m
 > [22mVmindSyncEngine[2m > 
[22mTC_SYNC_04: should allow 
manually retrying a failed item
[31m[1mError[22m: Test 
timed out in 5000ms.
If this is a long-running 
test, pass a timeout value as 
the last argument or configure 
it globally with 
"testTimeout".[39m
[36m [2mâ¯[22m services/Vmi
ndSyncEngine.test.ts:[2m187:3
[22m[39m
    [90m185| [39m  
})[33m;[39m
    [90m186| [39m
    [90m187| [39m  
it('TC_SYNC_04: should allow 
manually retrying a failed 
item', asyncâ€¦
    [90m   | [39m  
[31m^[39m
    [90m188| [39m    [90m// 
Arrange: Create a failed 
item[39m
    [90m189| [39m    
[35mconst[39m 
failedAction[33m:[39m 
[33mSyncAction[39m 
[33m=[39m {

[31m[2mâ¯â¯â¯â¯â¯â¯â¯â
¯â¯â¯â¯â¯â¯â¯â¯â¯â¯â
¯â¯â¯â¯â¯â¯â¯[4/6]â¯[22
m[39m

[41m[1m FAIL [22m[49m servi
ces/VmindSyncEngine.test.ts[2m
 > [22mVmindSyncEngine[2m > 
[22mTC_SYNC_05: should allow 
discarding a failed item from 
the queue
[31m[1mError[22m: Test 
timed out in 5000ms.
If this is a long-running 
test, pass a timeout value as 
the last argument or configure 
it globally with 
"testTimeout".[39m
[36m [2mâ¯[22m services/Vmi
ndSyncEngine.test.ts:[2m215:3
[22m[39m
    [90m213| [39m  
})[33m;[39m
    [90m214| [39m
    [90m215| [39m  
it('TC_SYNC_05: should allow 
discarding a failed item from 
the queueâ€¦
    [90m   | [39m  
[31m^[39m
    [90m216| [39m    [90m// 
Arrange[39m
    [90m217| [39m    
[35mconst[39m 
failedAction[33m:[39m 
[33mSyncAction[39m 
[33m=[39m {

[31m[2mâ¯â¯â¯â¯â¯â¯â¯â
¯â¯â¯â¯â¯â¯â¯â¯â¯â¯â
¯â¯â¯â¯â¯â¯â¯[5/6]â¯[22
m[39m

[41m[1m FAIL [22m[49m servi
ces/VmindSyncEngine.test.ts[2m
 > [22mVmindSyncEngine[2m > 
[22mTC_SYNC_06: should handle 
23503 Foreign Key error by 
deferring the item
[31m[1mAssertionError[22m: 
expected "vi.fn()" to be 
called 3 times, but got 0 
times[39m
[36m [2mâ¯[22m services/Vmi
ndSyncEngine.test.ts:[2m280:24
[22m[39m
    [90m278| [39m
    [90m279| [39m    [90m// 
Check calls[39m
    [90m280| [39m    [34mexp
ect[39m(upsertMock)[33m.[39m
[34mtoHaveBeenCalledTimes[39m
([34m3[39m)[33m;[39m
    [90m   | [39m            
           [31m^[39m
    [90m281| [39m    [34mexp
ect[39m([33mObject[39m[33m.
[39m[34mkeys[39m(dbStore)[3
3m.[39mlength)[33m.[39m[34m
toBe[39m([34m0[39m)[33m;[3
9m [90m// Everything 
synced[39m
    [90m282| [39m  
})[33m;[39m

[31m[2mâ¯â¯â¯â¯â¯â¯â¯â
¯â¯â¯â¯â¯â¯â¯â¯â¯â¯â
¯â¯â¯â¯â¯â¯â¯[6/6]â¯[22
m[39m


[2m Test Files [22m [1m[31m1 failed[39m[22m[90m (1)[39m
[2m      Tests [22m [1m[31m6 failed[39m[22m[90m (6)[39m
[2m   Start at [22m 18:23:43
[2m   Duration [22m 11.85s

[1m[41m FAIL [49m[22m [31mTests failed. Watching for file changes...[39m
       [2mpress [22m[1mh[22m[2m to show help[22m[2m, [22m[2mpress [22m[1mq[22m[2m to quit[22m
c[3J[1m[44m RERUN [49m[22m [34m[2mservices/VmindSyncEngine.ts [22m[34mx17 [34m[39m
       [2m Filename pattern: [22m[34mservices/VmindSyncEngine.test.ts[39m

 [31mâ¯[39m services/VmindSyncEngine.test.ts [2m([22m[2m6 tests[22m[2m | [22m[31m6 failed[39m[2m)[22m[33m 10148[2mms[22m[39m
[31m     [31mĂ—[31m TC_SYNC_01: should add an action to the queue and process it successfully[39m[32m 67[2mms[22m[39m
[31m     [31mĂ—[31m TC_SYNC_02: should retry a failed action with exponential backoff[39m[32m 9[2mms[22m[39m
[31m     [31mĂ—[31m TC_SYNC_03: should mark an action as "failed" and pause after max retries[39m[32m 26[2mms[22m[39m
[31m     [31mĂ—[31m TC_SYNC_04: should allow manually retrying a failed item[39m[33m 5024[2mms[22m[39m
[31m     [31mĂ—[31m TC_SYNC_05: should allow discarding a failed item from the queue[39m[33m 5009[2mms[22m[39m
[31m     [31mĂ—[31m TC_SYNC_06: should handle 23503 Foreign Key error by deferring the item[39m[32m 5[2mms[22m[39m

[31mâ¯â¯â¯â¯â¯â¯â¯[39m
[1m[41m Failed Tests 6 [49m
[22m[31mâ¯â¯â¯â¯â¯â¯â¯
[39m

[41m[1m FAIL [22m[49m servi
ces/VmindSyncEngine.test.ts[2m
 > [22mVmindSyncEngine[2m > 
[22mTC_SYNC_01: should add an 
action to the queue and 
process it successfully
[31m[1mAssertionError[22m: 
expected "vi.fn()" to be 
called 1 times, but got 0 
times[39m
[36m [2mâ¯[22m services/Vmi
ndSyncEngine.test.ts:[2m125:48
[22m[39m
    [90m123| [39m
    [90m124| [39m    [90m// 
Assert[39m
    [90m125| [39m    expect(s
upabase.from('vocab_rows').upse
rt).toHaveBeenCalledTimes(1â€¦
    [90m   | [39m            
                               
    [31m^[39m
    [90m126| [39m    expect(O
bject.keys(dbStore).length).toB
e(0); // Queue should be emâ€¦
    [90m127| [39m    [34mexp
ect[39m(setSyncStatusMock)[33
m.[39m[34mtoHaveBeenCalledWit
h[39m([32m'saving'[39m)[33m
;[39m

[31m[2mâ¯â¯â¯â¯â¯â¯â¯â
¯â¯â¯â¯â¯â¯â¯â¯â¯â¯â
¯â¯â¯â¯â¯â¯â¯[1/6]â¯[22
m[39m

[41m[1m FAIL [22m[49m servi
ces/VmindSyncEngine.test.ts[2m
 > [22mVmindSyncEngine[2m > 
[22mTC_SYNC_02: should retry 
a failed action with 
exponential backoff
[31m[1mAssertionError[22m: 
expected "vi.fn()" to be 
called 1 times, but got 0 
times[39m
[36m [2mâ¯[22m services/Vmi
ndSyncEngine.test.ts:[2m146:48
[22m[39m
    [90m144| [39m
    [90m145| [39m    [90m// 
Assert after first failure[39m
    [90m146| [39m    expect(s
upabase.from('vocab_rows').upse
rt).toHaveBeenCalledTimes(1â€¦
    [90m   | [39m            
                               
    [31m^[39m
    [90m147| [39m    
[35mconst[39m actionInDB 
[33m=[39m [33mObject[39m[3
3m.[39m[34mvalues[39m(dbStor
e)[[34m0[39m][33m;[39m
    [90m148| [39m    [34mexp
ect[39m(actionInDB[33m.[39mr
etries)[33m.[39m[34mtoBe[39
m([34m1[39m)[33m;[39m

[31m[2mâ¯â¯â¯â¯â¯â¯â¯â
¯â¯â¯â¯â¯â¯â¯â¯â¯â¯â
¯â¯â¯â¯â¯â¯â¯[2/6]â¯[22
m[39m

[41m[1m FAIL [22m[49m servi
ces/VmindSyncEngine.test.ts[2m
 > [22mVmindSyncEngine[2m > 
[22mTC_SYNC_03: should mark 
an action as "failed" and 
pause after max retries
[31m[1mAssertionError[22m: 
expected "vi.fn()" to be 
called 5 times, but got 0 
times[39m
[36m [2mâ¯[22m services/Vmi
ndSyncEngine.test.ts:[2m178:48
[22m[39m


[31m[2mâ¯â¯â¯â¯â¯â¯â¯â
¯â¯â¯â¯â¯â¯â¯â¯â¯â¯â
¯â¯â¯â¯â¯â¯â¯[3/6]â¯[22
m[39m

[41m[1m FAIL [22m[49m servi
ces/VmindSyncEngine.test.ts[2m
 > [22mVmindSyncEngine[2m > 
[22mTC_SYNC_04: should allow 
manually retrying a failed item
[31m[1mError[22m: Test 
timed out in 5000ms.
If this is a long-running 
test, pass a timeout value as 
the last argument or configure 
it globally with 
"testTimeout".[39m
[36m [2mâ¯[22m services/Vmi
ndSyncEngine.test.ts:[2m187:3
[22m[39m
    [90m185| [39m  
})[33m;[39m
    [90m186| [39m
    [90m187| [39m  
it('TC_SYNC_04: should allow 
manually retrying a failed 
item', asyncâ€¦
    [90m   | [39m  
[31m^[39m
    [90m188| [39m    [90m// 
Arrange: Create a failed 
item[39m
    [90m189| [39m    
[35mconst[39m 
failedAction[33m:[39m 
[33mSyncAction[39m 
[33m=[39m {

[31m[2mâ¯â¯â¯â¯â¯â¯â¯â
¯â¯â¯â¯â¯â¯â¯â¯â¯â¯â
¯â¯â¯â¯â¯â¯â¯[4/6]â¯[22
m[39m

[41m[1m FAIL [22m[49m servi
ces/VmindSyncEngine.test.ts[2m
 > [22mVmindSyncEngine[2m > 
[22mTC_SYNC_05: should allow 
discarding a failed item from 
the queue
[31m[1mError[22m: Test 
timed out in 5000ms.
If this is a long-running 
test, pass a timeout value as 
the last argument or configure 
it globally with 
"testTimeout".[39m
[36m [2mâ¯[22m services/Vmi
ndSyncEngine.test.ts:[2m215:3
[22m[39m
    [90m213| [39m  
})[33m;[39m
    [90m214| [39m
    [90m215| [39m  
it('TC_SYNC_05: should allow 
discarding a failed item from 
the queueâ€¦
    [90m   | [39m  
[31m^[39m
    [90m216| [39m    [90m// 
Arrange[39m
    [90m217| [39m    
[35mconst[39m 
failedAction[33m:[39m 
[33mSyncAction[39m 
[33m=[39m {

[31m[2mâ¯â¯â¯â¯â¯â¯â¯â
¯â¯â¯â¯â¯â¯â¯â¯â¯â¯â
¯â¯â¯â¯â¯â¯â¯[5/6]â¯[22
m[39m

[41m[1m FAIL [22m[49m servi
ces/VmindSyncEngine.test.ts[2m
 > [22mVmindSyncEngine[2m > 
[22mTC_SYNC_06: should handle 
23503 Foreign Key error by 
deferring the item
[31m[1mAssertionError[22m: 
expected "vi.fn()" to be 
called 3 times, but got 0 
times[39m
[36m [2mâ¯[22m services/Vmi
ndSyncEngine.test.ts:[2m280:24
[22m[39m
    [90m278| [39m
    [90m279| [39m    [90m// 
Check calls[39m
    [90m280| [39m    [34mexp
ect[39m(upsertMock)[33m.[39m
[34mtoHaveBeenCalledTimes[39m
([34m3[39m)[33m;[39m
    [90m   | [39m            
           [31m^[39m
    [90m281| [39m    [34mexp
ect[39m([33mObject[39m[33m.
[39m[34mkeys[39m(dbStore)[3
3m.[39mlength)[33m.[39m[34m
toBe[39m([34m0[39m)[33m;[3
9m [90m// Everything 
synced[39m
    [90m282| [39m  
})[33m;[39m

[31m[2mâ¯â¯â¯â¯â¯â¯â¯â
¯â¯â¯â¯â¯â¯â¯â¯â¯â¯â
¯â¯â¯â¯â¯â¯â¯[6/6]â¯[22
m[39m


[2m Test Files [22m [1m[31m1 failed[39m[22m[90m (1)[39m
[2m      Tests [22m [1m[31m6 failed[39m[22m[90m (6)[39m
[2m   Start at [22m 18:29:02
[2m   Duration [22m 13.19s

[1m[41m FAIL [49m[22m [31mTests failed. Watching for file changes...[39m
       [2mpress [22m[1mh[22m[2m to show help[22m[2m, [22m[2mpress [22m[1mq[22m[2m to quit[22m
^C
