
> of-copy-215---2-lam-gon-interface-batch-delete@0.0.0 test
> vitest AnkiSessionControls.test.tsx


[1m[44m DEV [49m[22m [34mv4.0.16 [39m[90mC:/Users/Thanhdafa/Documents/of-copy-215---2-lam-gon-interface-batch-delete[39m

 [31mâ¯[39m features/anki/__tests__/AnkiSessionControls.test.tsx [2m([22m[2m3 tests[22m[2m | [22m[31m3 failed[39m[2m)[22m[32m 138[2mms[22m[39m
[31m     [31mĂ—[31m TC: Render Layout - Edit Design and AutoPlay buttons exist[39m[32m 103[2mms[22m[39m
[31m     [31mĂ—[31m TC: AutoPlay Toggle - Clicking toggles state[39m[32m 15[2mms[22m[39m
[31m     [31mĂ—[31m TC: Edit Design - Clicking opens modal and saves[39m[32m 16[2mms[22m[39m
node.exe : 
At C:\Program Files\nodejs\npm.ps1:29 
char:3
+   & $NODE_EXE $NPM_CLI_JS $args
+   ~~~~~~~~~~~~~~~~~~~~~~~~~~~~~
    + CategoryInfo          : NotSpec 
   ified: (:String) [], RemoteExcept  
  ion
    + FullyQualifiedErrorId : NativeC 
   ommandError
 
[31mâ¯â¯â¯â¯â¯â¯â¯[39m[1m[4
1m Failed Tests 3 [49m[22m[31mâ¯â
¯â¯â¯â¯â¯â¯[39m

[41m[1m FAIL [22m[49m features/ank
i/__tests__/AnkiSessionControls.test.t
sx[2m > [22mAnkiSessionScreen 
Controls[2m > [22mTC: Render Layout 
- Edit Design and AutoPlay buttons 
exist
[41m[1m FAIL [22m[49m features/ank
i/__tests__/AnkiSessionControls.test.t
sx[2m > [22mAnkiSessionScreen 
Controls[2m > [22mTC: AutoPlay 
Toggle - Clicking toggles state
[41m[1m FAIL [22m[49m features/ank
i/__tests__/AnkiSessionControls.test.t
sx[2m > [22mAnkiSessionScreen 
Controls[2m > [22mTC: Edit Design - 
Clicking opens modal and saves
[31m[1mTypeError[22m: Cannot read 
properties of undefined (reading 
'map')[39m
[36m [2mâ¯[22m createQuestion util
s/studySessionGenerator.ts:[2m27:49[
22m[39m
    [90m 25| [39m        
actualAnswer = evaluateFormula(relatio
n.answerFormula, row, taâ€¦
    [90m 26| [39m    } 
[35melse[39m {
    [90m 27| [39m        
actualAnswer = 
relation.answerColumnIds.map(id => 
row.cols[id]â€¦
    [90m   | [39m                   
                             
[31m^[39m
    [90m 28| [39m    }
    [90m 29| [39m
[90m [2mâ¯[22m features/anki/AnkiS
essionScreen.tsx:[2m107:19[22m[39m
[90m [2mâ¯[22m mountMemo node_modu
les/react-dom/cjs/react-dom-client.dev
elopment.js:[2m8777:23[22m[39m
[90m [2mâ¯[22m Object.useMemo node
_modules/react-dom/cjs/react-dom-clien
t.development.js:[2m26216:18[22m[39
m
[90m [2mâ¯[22m 
process.env.NODE_ENV.exports.useMemo n
ode_modules/react/cjs/react.developmen
t.js:[2m1251:34[22m[39m
[90m [2mâ¯[22m AnkiSessionScreen f
eatures/anki/AnkiSessionScreen.tsx:[2
m90:40[22m[39m
[90m [2mâ¯[22m 
Object.react_stack_bottom_frame node_m
odules/react-dom/cjs/react-dom-client.
development.js:[2m25904:20[22m[39m
[90m [2mâ¯[22m renderWithHooks nod
e_modules/react-dom/cjs/react-dom-clie
nt.development.js:[2m7662:22[22m[39
m
[90m [2mâ¯[22m 
updateFunctionComponent node_modules/r
eact-dom/cjs/react-dom-client.developm
ent.js:[2m10166:19[22m[39m
[90m [2mâ¯[22m beginWork node_modu
les/react-dom/cjs/react-dom-client.dev
elopment.js:[2m11778:18[22m[39m

[31m[2mâ¯â¯â¯â¯â¯â¯â¯â¯â¯â
¯â¯â¯â¯â¯â¯â¯â¯â¯â¯â¯â¯â¯â
¯â¯[1/3]â¯[22m[39m


[2m Test Files [22m [1m[31m1 failed[39m[22m[90m (1)[39m
[2m      Tests [22m [1m[31m3 failed[39m[22m[90m (3)[39m
[2m   Start at [22m 00:49:03
[2m   Duration [22m 4.51s[2m (transform 1.29s, setup 784ms, import 1.72s, tests 138ms, environment 1.40s)[22m

[1m[41m FAIL [49m[22m [31mTests failed. Watching for file changes...[39m
       [2mpress [22m[1mh[22m[2m to show help[22m[2m, [22m[2mpress [22m[1mq[22m[2m to quit[22m
c[3J[1m[44m RERUN [49m[22m [34m[2mfeatures/anki/__tests__/AnkiSessionControls.test.tsx [22m[34mx1 [34m[39m
       [2m Filename pattern: [22m[34mAnkiSessionControls.test.tsx[39m

 [31mâ¯[39m features/anki/__tests__/AnkiSessionControls.test.tsx [2m([22m[2m3 tests[22m[2m | [22m[31m3 failed[39m[2m)[22m[32m 79[2mms[22m[39m
[31m     [31mĂ—[31m TC: Render Layout - Edit Design and AutoPlay buttons exist[39m[32m 58[2mms[22m[39m
[31m     [31mĂ—[31m TC: AutoPlay Toggle - Clicking toggles state[39m[32m 9[2mms[22m[39m
[31m     [31mĂ—[31m TC: Edit Design - Clicking opens modal and saves[39m[32m 8[2mms[22m[39m

[31mâ¯â¯â¯â¯â¯â¯â¯[39m[1m[4
1m Failed Tests 3 [49m[22m[31mâ¯â
¯â¯â¯â¯â¯â¯[39m

[41m[1m FAIL [22m[49m features/ank
i/__tests__/AnkiSessionControls.test.t
sx[2m > [22mAnkiSessionScreen 
Controls[2m > [22mTC: Render Layout 
- Edit Design and AutoPlay buttons 
exist
[41m[1m FAIL [22m[49m features/ank
i/__tests__/AnkiSessionControls.test.t
sx[2m > [22mAnkiSessionScreen 
Controls[2m > [22mTC: AutoPlay 
Toggle - Clicking toggles state
[41m[1m FAIL [22m[49m features/ank
i/__tests__/AnkiSessionControls.test.t
sx[2m > [22mAnkiSessionScreen 
Controls[2m > [22mTC: Edit Design - 
Clicking opens modal and saves
[31m[1mTypeError[22m: Cannot read 
properties of undefined (reading 
'map')[39m
[36m [2mâ¯[22m createQuestion util
s/studySessionGenerator.ts:[2m27:49[
22m[39m
    [90m 25| [39m        
actualAnswer = evaluateFormula(relatio
n.answerFormula, row, taâ€¦
    [90m 26| [39m    } 
[35melse[39m {
    [90m 27| [39m        
actualAnswer = 
relation.answerColumnIds.map(id => 
row.cols[id]â€¦
    [90m   | [39m                   
                             
[31m^[39m
    [90m 28| [39m    }
    [90m 29| [39m
[90m [2mâ¯[22m features/anki/AnkiS
essionScreen.tsx:[2m107:19[22m[39m
[90m [2mâ¯[22m mountMemo node_modu
les/react-dom/cjs/react-dom-client.dev
elopment.js:[2m8777:23[22m[39m
[90m [2mâ¯[22m Object.useMemo node
_modules/react-dom/cjs/react-dom-clien
t.development.js:[2m26216:18[22m[39
m
[90m [2mâ¯[22m 
process.env.NODE_ENV.exports.useMemo n
ode_modules/react/cjs/react.developmen
t.js:[2m1251:34[22m[39m
[90m [2mâ¯[22m AnkiSessionScreen f
eatures/anki/AnkiSessionScreen.tsx:[2
m90:40[22m[39m
[90m [2mâ¯[22m 
Object.react_stack_bottom_frame node_m
odules/react-dom/cjs/react-dom-client.
development.js:[2m25904:20[22m[39m
[90m [2mâ¯[22m renderWithHooks nod
e_modules/react-dom/cjs/react-dom-clie
nt.development.js:[2m7662:22[22m[39
m
[90m [2mâ¯[22m 
updateFunctionComponent node_modules/r
eact-dom/cjs/react-dom-client.developm
ent.js:[2m10166:19[22m[39m
[90m [2mâ¯[22m beginWork node_modu
les/react-dom/cjs/react-dom-client.dev
elopment.js:[2m11778:18[22m[39m

[31m[2mâ¯â¯â¯â¯â¯â¯â¯â¯â¯â
¯â¯â¯â¯â¯â¯â¯â¯â¯â¯â¯â¯â¯â
¯â¯[1/3]â¯[22m[39m


[2m Test Files [22m [1m[31m1 failed[39m[22m[90m (1)[39m
[2m      Tests [22m [1m[31m3 failed[39m[22m[90m (3)[39m
[2m   Start at [22m 00:50:09
[2m   Duration [22m 1.43s

[1m[41m FAIL [49m[22m [31mTests failed. Watching for file changes...[39m
       [2mpress [22m[1mh[22m[2m to show help[22m[2m, [22m[2mpress [22m[1mq[22m[2m to quit[22m
c[3J[1m[44m RERUN [49m[22m [34m[2mfeatures/anki/__tests__/AnkiSessionControls.test.tsx [22m[34mx2 [34m[39m
       [2m Filename pattern: [22m[34mAnkiSessionControls.test.tsx[39m

[90mstdout[2m | features/anki/__tests__/AnkiSessionControls.test.tsx[2m > [22m[2mAnkiSessionScreen Controls[2m > [22m[2mTC: Render Layout - Edit Design and AutoPlay buttons exist
[22m[39mTest Setup Tables: [{"id":"t1","name":"Test Table","rows":[{"id":"row1","data":{"front":"Hello"}}],"relations":[{"id":"r1","name":"Basic","compatibleModes":["Flashcards"],"design":{"front":{},"back":{}}}]}]
Test Setup Session: {"id":"anki-1","startTime":1766166658153,"config":{},"newQueue":[],"learnQueue":[],"reviewQueue":[],"learningQueue":[],"history":[],"currentCard":{"rowId":"row1","tableId":"t1","relationId":"r1","state":"New"}}

[90mstdout[2m | features/anki/__tests__/AnkiSessionControls.test.tsx[2m > [22m[2mAnkiSessionScreen Controls[2m > [22m[2mTC: Render Layout - Edit Design and AutoPlay buttons exist
[22m[39mComponent Selector: {
  card: { rowId: [32m'row1'[39m, tableId: [32m't1'[39m, relationId: [32m'r1'[39m, state: [32m'New'[39m },
  tId: [32m't1'[39m,
  rId: [32m'row1'[39m,
  relId: [32m'r1'[39m
}
Component Selector: {
  card: { rowId: [32m'row1'[39m, tableId: [32m't1'[39m, relationId: [32m'r1'[39m, state: [32m'New'[39m },
  tId: [32m't1'[39m,
  rId: [32m'row1'[39m,
  relId: [32m'r1'[39m
}

[90mstdout[2m | features/anki/__tests__/AnkiSessionControls.test.tsx[2m > [22m[2mAnkiSessionScreen Controls[2m > [22m[2mTC: AutoPlay Toggle - Clicking toggles state
[22m[39mTest Setup Tables: [{"id":"t1","name":"Test Table","rows":[{"id":"row1","data":{"front":"Hello"}}],"relations":[{"id":"r1","name":"Basic","compatibleModes":["Flashcards"],"design":{"front":{},"back":{}}}]}]
Test Setup Session: {"id":"anki-1","startTime":1766166658153,"config":{},"newQueue":[],"learnQueue":[],"reviewQueue":[],"learningQueue":[],"history":[],"currentCard":{"rowId":"row1","tableId":"t1","relationId":"r1","state":"New"}}

[90mstdout[2m | features/anki/__tests__/AnkiSessionControls.test.tsx[2m > [22m[2mAnkiSessionScreen Controls[2m > [22m[2mTC: AutoPlay Toggle - Clicking toggles state
[22m[39mComponent Selector: {
  card: { rowId: [32m'row1'[39m, tableId: [32m't1'[39m, relationId: [32m'r1'[39m, state: [32m'New'[39m },
  tId: [32m't1'[39m,
  rId: [32m'row1'[39m,
  relId: [32m'r1'[39m
}
Component Selector: {
  card: { rowId: [32m'row1'[39m, tableId: [32m't1'[39m, relationId: [32m'r1'[39m, state: [32m'New'[39m },
  tId: [32m't1'[39m,
  rId: [32m'row1'[39m,
  relId: [32m'r1'[39m
}

[90mstdout[2m | features/anki/__tests__/AnkiSessionControls.test.tsx[2m > [22m[2mAnkiSessionScreen Controls[2m > [22m[2mTC: Edit Design - Clicking opens modal and saves
[22m[39mTest Setup Tables: [{"id":"t1","name":"Test Table","rows":[{"id":"row1","data":{"front":"Hello"}}],"relations":[{"id":"r1","name":"Basic","compatibleModes":["Flashcards"],"design":{"front":{},"back":{}}}]}]
Test Setup Session: {"id":"anki-1","startTime":1766166658153,"config":{},"newQueue":[],"learnQueue":[],"reviewQueue":[],"learningQueue":[],"history":[],"currentCard":{"rowId":"row1","tableId":"t1","relationId":"r1","state":"New"}}

[90mstdout[2m | features/anki/__tests__/AnkiSessionControls.test.tsx[2m > [22m[2mAnkiSessionScreen Controls[2m > [22m[2mTC: Edit Design - Clicking opens modal and saves
[22m[39mComponent Selector: {
  card: { rowId: [32m'row1'[39m, tableId: [32m't1'[39m, relationId: [32m'r1'[39m, state: [32m'New'[39m },
  tId: [32m't1'[39m,
  rId: [32m'row1'[39m,
  relId: [32m'r1'[39m
}
Component Selector: {
  card: { rowId: [32m'row1'[39m, tableId: [32m't1'[39m, relationId: [32m'r1'[39m, state: [32m'New'[39m },
  tId: [32m't1'[39m,
  rId: [32m'row1'[39m,
  relId: [32m'r1'[39m
}

 [31mâ¯[39m features/anki/__tests__/AnkiSessionControls.test.tsx [2m([22m[2m3 tests[22m[2m | [22m[31m3 failed[39m[2m)[22m[32m 223[2mms[22m[39m
[31m     [31mĂ—[31m TC: Render Layout - Edit Design and AutoPlay buttons exist[39m[32m 167[2mms[22m[39m
[31m     [31mĂ—[31m TC: AutoPlay Toggle - Clicking toggles state[39m[32m 23[2mms[22m[39m
[31m     [31mĂ—[31m TC: Edit Design - Clicking opens modal and saves[39m[32m 24[2mms[22m[39m

[31mâ¯â¯â¯â¯â¯â¯â¯[39m[1m[4
1m Failed Tests 3 [49m[22m[31mâ¯â
¯â¯â¯â¯â¯â¯[39m

[41m[1m FAIL [22m[49m features/ank
i/__tests__/AnkiSessionControls.test.t
sx[2m > [22mAnkiSessionScreen 
Controls[2m > [22mTC: Render Layout 
- Edit Design and AutoPlay buttons 
exist
[41m[1m FAIL [22m[49m features/ank
i/__tests__/AnkiSessionControls.test.t
sx[2m > [22mAnkiSessionScreen 
Controls[2m > [22mTC: AutoPlay 
Toggle - Clicking toggles state
[41m[1m FAIL [22m[49m features/ank
i/__tests__/AnkiSessionControls.test.t
sx[2m > [22mAnkiSessionScreen 
Controls[2m > [22mTC: Edit Design - 
Clicking opens modal and saves
[31m[1mTypeError[22m: Cannot read 
properties of undefined (reading 
'map')[39m
[36m [2mâ¯[22m createQuestion util
s/studySessionGenerator.ts:[2m27:49[
22m[39m
    [90m 25| [39m        
actualAnswer = evaluateFormula(relatio
n.answerFormula, row, taâ€¦
    [90m 26| [39m    } 
[35melse[39m {
    [90m 27| [39m        
actualAnswer = 
relation.answerColumnIds.map(id => 
row.cols[id]â€¦
    [90m   | [39m                   
                             
[31m^[39m
    [90m 28| [39m    }
    [90m 29| [39m
[90m [2mâ¯[22m features/anki/AnkiS
essionScreen.tsx:[2m108:19[22m[39m
[90m [2mâ¯[22m mountMemo node_modu
les/react-dom/cjs/react-dom-client.dev
elopment.js:[2m8777:23[22m[39m
[90m [2mâ¯[22m Object.useMemo node
_modules/react-dom/cjs/react-dom-clien
t.development.js:[2m26216:18[22m[39
m
[90m [2mâ¯[22m 
process.env.NODE_ENV.exports.useMemo n
ode_modules/react/cjs/react.developmen
t.js:[2m1251:34[22m[39m
[90m [2mâ¯[22m AnkiSessionScreen f
eatures/anki/AnkiSessionScreen.tsx:[2
m91:40[22m[39m
[90m [2mâ¯[22m 
Object.react_stack_bottom_frame node_m
odules/react-dom/cjs/react-dom-client.
development.js:[2m25904:20[22m[39m
[90m [2mâ¯[22m renderWithHooks nod
e_modules/react-dom/cjs/react-dom-clie
nt.development.js:[2m7662:22[22m[39
m
[90m [2mâ¯[22m 
updateFunctionComponent node_modules/r
eact-dom/cjs/react-dom-client.developm
ent.js:[2m10166:19[22m[39m
[90m [2mâ¯[22m beginWork node_modu
les/react-dom/cjs/react-dom-client.dev
elopment.js:[2m11778:18[22m[39m

[31m[2mâ¯â¯â¯â¯â¯â¯â¯â¯â¯â
¯â¯â¯â¯â¯â¯â¯â¯â¯â¯â¯â¯â¯â
¯â¯[1/3]â¯[22m[39m


[2m Test Files [22m [1m[31m1 failed[39m[22m[90m (1)[39m
[2m      Tests [22m [1m[31m3 failed[39m[22m[90m (3)[39m
[2m   Start at [22m 00:50:50
[2m   Duration [22m 2.78s

[1m[41m FAIL [49m[22m [31mTests failed. Watching for file changes...[39m
       [2mpress [22m[1mh[22m[2m to show help[22m[2m, [22m[2mpress [22m[1mq[22m[2m to quit[22m
c[3J[1m[44m RERUN [49m[22m [34m[2mfeatures/anki/AnkiSessionScreen.tsx [22m[34mx3 [34m[39m
       [2m Filename pattern: [22m[34mAnkiSessionControls.test.tsx[39m

[90mstdout[2m | features/anki/__tests__/AnkiSessionControls.test.tsx[2m > [22m[2mAnkiSessionScreen Controls[2m > [22m[2mTC: Render Layout - Edit Design and AutoPlay buttons exist
[22m[39mTest Setup Tables: [{"id":"t1","name":"Test Table","rows":[{"id":"row1","data":{"front":"Hello"}}],"relations":[{"id":"r1","name":"Basic","compatibleModes":["Flashcards"],"design":{"front":{},"back":{}}}]}]
Test Setup Session: {"id":"anki-1","startTime":1766166667093,"config":{},"newQueue":[],"learnQueue":[],"reviewQueue":[],"learningQueue":[],"history":[],"currentCard":{"rowId":"row1","tableId":"t1","relationId":"r1","state":"New"}}

[90mstdout[2m | features/anki/__tests__/AnkiSessionControls.test.tsx[2m > [22m[2mAnkiSessionScreen Controls[2m > [22m[2mTC: Render Layout - Edit Design and AutoPlay buttons exist
[22m[39mComponent Selector: {
  card: { rowId: [32m'row1'[39m, tableId: [32m't1'[39m, relationId: [32m'r1'[39m, state: [32m'New'[39m },
  tId: [32m't1'[39m,
  rId: [32m'row1'[39m,
  relId: [32m'r1'[39m
}
Component Selector: {
  card: { rowId: [32m'row1'[39m, tableId: [32m't1'[39m, relationId: [32m'r1'[39m, state: [32m'New'[39m },
  tId: [32m't1'[39m,
  rId: [32m'row1'[39m,
  relId: [32m'r1'[39m
}

[90mstdout[2m | features/anki/__tests__/AnkiSessionControls.test.tsx[2m > [22m[2mAnkiSessionScreen Controls[2m > [22m[2mTC: AutoPlay Toggle - Clicking toggles state
[22m[39mTest Setup Tables: [{"id":"t1","name":"Test Table","rows":[{"id":"row1","data":{"front":"Hello"}}],"relations":[{"id":"r1","name":"Basic","compatibleModes":["Flashcards"],"design":{"front":{},"back":{}}}]}]
Test Setup Session: {"id":"anki-1","startTime":1766166667093,"config":{},"newQueue":[],"learnQueue":[],"reviewQueue":[],"learningQueue":[],"history":[],"currentCard":{"rowId":"row1","tableId":"t1","relationId":"r1","state":"New"}}

[90mstdout[2m | features/anki/__tests__/AnkiSessionControls.test.tsx[2m > [22m[2mAnkiSessionScreen Controls[2m > [22m[2mTC: AutoPlay Toggle - Clicking toggles state
[22m[39mComponent Selector: {
  card: { rowId: [32m'row1'[39m, tableId: [32m't1'[39m, relationId: [32m'r1'[39m, state: [32m'New'[39m },
  tId: [32m't1'[39m,
  rId: [32m'row1'[39m,
  relId: [32m'r1'[39m
}
Component Selector: {
  card: { rowId: [32m'row1'[39m, tableId: [32m't1'[39m, relationId: [32m'r1'[39m, state: [32m'New'[39m },
  tId: [32m't1'[39m,
  rId: [32m'row1'[39m,
  relId: [32m'r1'[39m
}

[90mstdout[2m | features/anki/__tests__/AnkiSessionControls.test.tsx[2m > [22m[2mAnkiSessionScreen Controls[2m > [22m[2mTC: Edit Design - Clicking opens modal and saves
[22m[39mTest Setup Tables: [{"id":"t1","name":"Test Table","rows":[{"id":"row1","data":{"front":"Hello"}}],"relations":[{"id":"r1","name":"Basic","compatibleModes":["Flashcards"],"design":{"front":{},"back":{}}}]}]
Test Setup Session: {"id":"anki-1","startTime":1766166667093,"config":{},"newQueue":[],"learnQueue":[],"reviewQueue":[],"learningQueue":[],"history":[],"currentCard":{"rowId":"row1","tableId":"t1","relationId":"r1","state":"New"}}

[90mstdout[2m | features/anki/__tests__/AnkiSessionControls.test.tsx[2m > [22m[2mAnkiSessionScreen Controls[2m > [22m[2mTC: Edit Design - Clicking opens modal and saves
[22m[39mComponent Selector: {
  card: { rowId: [32m'row1'[39m, tableId: [32m't1'[39m, relationId: [32m'r1'[39m, state: [32m'New'[39m },
  tId: [32m't1'[39m,
  rId: [32m'row1'[39m,
  relId: [32m'r1'[39m
}
Component Selector: {
  card: { rowId: [32m'row1'[39m, tableId: [32m't1'[39m, relationId: [32m'r1'[39m, state: [32m'New'[39m },
  tId: [32m't1'[39m,
  rId: [32m'row1'[39m,
  relId: [32m'r1'[39m
}

 [31mâ¯[39m features/anki/__tests__/AnkiSessionControls.test.tsx [2m([22m[2m3 tests[22m[2m | [22m[31m3 failed[39m[2m)[22m[32m 245[2mms[22m[39m
[31m     [31mĂ—[31m TC: Render Layout - Edit Design and AutoPlay buttons exist[39m[32m 135[2mms[22m[39m
[31m     [31mĂ—[31m TC: AutoPlay Toggle - Clicking toggles state[39m[32m 41[2mms[22m[39m
[31m     [31mĂ—[31m TC: Edit Design - Clicking opens modal and saves[39m[32m 58[2mms[22m[39m

[31mâ¯â¯â¯â¯â¯â¯â¯[39m[1m[4
1m Failed Tests 3 [49m[22m[31mâ¯â
¯â¯â¯â¯â¯â¯[39m

[41m[1m FAIL [22m[49m features/ank
i/__tests__/AnkiSessionControls.test.t
sx[2m > [22mAnkiSessionScreen 
Controls[2m > [22mTC: Render Layout 
- Edit Design and AutoPlay buttons 
exist
[41m[1m FAIL [22m[49m features/ank
i/__tests__/AnkiSessionControls.test.t
sx[2m > [22mAnkiSessionScreen 
Controls[2m > [22mTC: AutoPlay 
Toggle - Clicking toggles state
[41m[1m FAIL [22m[49m features/ank
i/__tests__/AnkiSessionControls.test.t
sx[2m > [22mAnkiSessionScreen 
Controls[2m > [22mTC: Edit Design - 
Clicking opens modal and saves
[31m[1mTypeError[22m: Cannot read 
properties of undefined (reading 
'map')[39m
[36m [2mâ¯[22m createQuestion util
s/studySessionGenerator.ts:[2m27:49[
22m[39m
    [90m 25| [39m        
actualAnswer = evaluateFormula(relatio
n.answerFormula, row, taâ€¦
    [90m 26| [39m    } 
[35melse[39m {
    [90m 27| [39m        
actualAnswer = 
relation.answerColumnIds.map(id => 
row.cols[id]â€¦
    [90m   | [39m                   
                             
[31m^[39m
    [90m 28| [39m    }
    [90m 29| [39m
[90m [2mâ¯[22m features/anki/AnkiS
essionScreen.tsx:[2m108:19[22m[39m
[90m [2mâ¯[22m mountMemo node_modu
les/react-dom/cjs/react-dom-client.dev
elopment.js:[2m8777:23[22m[39m
[90m [2mâ¯[22m Object.useMemo node
_modules/react-dom/cjs/react-dom-clien
t.development.js:[2m26216:18[22m[39
m
[90m [2mâ¯[22m 
process.env.NODE_ENV.exports.useMemo n
ode_modules/react/cjs/react.developmen
t.js:[2m1251:34[22m[39m
[90m [2mâ¯[22m AnkiSessionScreen f
eatures/anki/AnkiSessionScreen.tsx:[2
m91:40[22m[39m
[90m [2mâ¯[22m 
Object.react_stack_bottom_frame node_m
odules/react-dom/cjs/react-dom-client.
development.js:[2m25904:20[22m[39m
[90m [2mâ¯[22m renderWithHooks nod
e_modules/react-dom/cjs/react-dom-clie
nt.development.js:[2m7662:22[22m[39
m
[90m [2mâ¯[22m 
updateFunctionComponent node_modules/r
eact-dom/cjs/react-dom-client.developm
ent.js:[2m10166:19[22m[39m
[90m [2mâ¯[22m beginWork node_modu
les/react-dom/cjs/react-dom-client.dev
elopment.js:[2m11778:18[22m[39m

[31m[2mâ¯â¯â¯â¯â¯â¯â¯â¯â¯â
¯â¯â¯â¯â¯â¯â¯â¯â¯â¯â¯â¯â¯â
¯â¯[1/3]â¯[22m[39m


[2m Test Files [22m [1m[31m1 failed[39m[22m[90m (1)[39m
[2m      Tests [22m [1m[31m3 failed[39m[22m[90m (3)[39m
[2m   Start at [22m 00:50:58
[2m   Duration [22m 2.62s

[1m[41m FAIL [49m[22m [31mTests failed. Watching for file changes...[39m
       [2mpress [22m[1mh[22m[2m to show help[22m[2m, [22m[2mpress [22m[1mq[22m[2m to quit[22m
c[3J[1m[44m RERUN [49m[22m [34m[2mfeatures/anki/AnkiSessionScreen.tsx [22m[34mx4 [34m[39m
       [2m Filename pattern: [22m[34mAnkiSessionControls.test.tsx[39m

[90mstdout[2m | features/anki/__tests__/AnkiSessionControls.test.tsx[2m > [22m[2mAnkiSessionScreen Controls[2m > [22m[2mTC: Render Layout - Edit Design and AutoPlay buttons exist
[22m[39mTest Setup Tables: [{"id":"t1","name":"Test Table","rows":[{"id":"row1","data":{"front":"Hello"}}],"relations":[{"id":"r1","name":"Basic","compatibleModes":["Flashcards"],"design":{"front":{},"back":{}}}]}]
Test Setup Session: {"id":"anki-1","startTime":1766166797933,"config":{},"newQueue":[],"learnQueue":[],"reviewQueue":[],"learningQueue":[],"history":[],"currentCard":{"rowId":"row1","tableId":"t1","relationId":"r1","state":"New"}}

[90mstdout[2m | features/anki/__tests__/AnkiSessionControls.test.tsx[2m > [22m[2mAnkiSessionScreen Controls[2m > [22m[2mTC: Render Layout - Edit Design and AutoPlay buttons exist
[22m[39mComponent Selector: {
  card: { rowId: [32m'row1'[39m, tableId: [32m't1'[39m, relationId: [32m'r1'[39m, state: [32m'New'[39m },
  tId: [32m't1'[39m,
  rId: [32m'row1'[39m,
  relId: [32m'r1'[39m
}
Component Selector: {
  card: { rowId: [32m'row1'[39m, tableId: [32m't1'[39m, relationId: [32m'r1'[39m, state: [32m'New'[39m },
  tId: [32m't1'[39m,
  rId: [32m'row1'[39m,
  relId: [32m'r1'[39m
}

[90mstdout[2m | features/anki/__tests__/AnkiSessionControls.test.tsx[2m > [22m[2mAnkiSessionScreen Controls[2m > [22m[2mTC: AutoPlay Toggle - Clicking toggles state
[22m[39mTest Setup Tables: [{"id":"t1","name":"Test Table","rows":[{"id":"row1","data":{"front":"Hello"}}],"relations":[{"id":"r1","name":"Basic","compatibleModes":["Flashcards"],"design":{"front":{},"back":{}}}]}]
Test Setup Session: {"id":"anki-1","startTime":1766166797933,"config":{},"newQueue":[],"learnQueue":[],"reviewQueue":[],"learningQueue":[],"history":[],"currentCard":{"rowId":"row1","tableId":"t1","relationId":"r1","state":"New"}}

[90mstdout[2m | features/anki/__tests__/AnkiSessionControls.test.tsx[2m > [22m[2mAnkiSessionScreen Controls[2m > [22m[2mTC: AutoPlay Toggle - Clicking toggles state
[22m[39mComponent Selector: {
  card: { rowId: [32m'row1'[39m, tableId: [32m't1'[39m, relationId: [32m'r1'[39m, state: [32m'New'[39m },
  tId: [32m't1'[39m,
  rId: [32m'row1'[39m,
  relId: [32m'r1'[39m
}
Component Selector: {
  card: { rowId: [32m'row1'[39m, tableId: [32m't1'[39m, relationId: [32m'r1'[39m, state: [32m'New'[39m },
  tId: [32m't1'[39m,
  rId: [32m'row1'[39m,
  relId: [32m'r1'[39m
}

[90mstdout[2m | features/anki/__tests__/AnkiSessionControls.test.tsx[2m > [22m[2mAnkiSessionScreen Controls[2m > [22m[2mTC: Edit Design - Clicking opens modal and saves
[22m[39mTest Setup Tables: [{"id":"t1","name":"Test Table","rows":[{"id":"row1","data":{"front":"Hello"}}],"relations":[{"id":"r1","name":"Basic","compatibleModes":["Flashcards"],"design":{"front":{},"back":{}}}]}]
Test Setup Session: {"id":"anki-1","startTime":1766166797933,"config":{},"newQueue":[],"learnQueue":[],"reviewQueue":[],"learningQueue":[],"history":[],"currentCard":{"rowId":"row1","tableId":"t1","relationId":"r1","state":"New"}}

[90mstdout[2m | features/anki/__tests__/AnkiSessionControls.test.tsx[2m > [22m[2mAnkiSessionScreen Controls[2m > [22m[2mTC: Edit Design - Clicking opens modal and saves
[22m[39mComponent Selector: {
  card: { rowId: [32m'row1'[39m, tableId: [32m't1'[39m, relationId: [32m'r1'[39m, state: [32m'New'[39m },
  tId: [32m't1'[39m,
  rId: [32m'row1'[39m,
  relId: [32m'r1'[39m
}
Component Selector: {
  card: { rowId: [32m'row1'[39m, tableId: [32m't1'[39m, relationId: [32m'r1'[39m, state: [32m'New'[39m },
  tId: [32m't1'[39m,
  rId: [32m'row1'[39m,
  relId: [32m'r1'[39m
}

 [31mâ¯[39m features/anki/__tests__/AnkiSessionControls.test.tsx [2m([22m[2m3 tests[22m[2m | [22m[31m3 failed[39m[2m)[22m[32m 90[2mms[22m[39m
[31m     [31mĂ—[31m TC: Render Layout - Edit Design and AutoPlay buttons exist[39m[32m 59[2mms[22m[39m
[31m     [31mĂ—[31m TC: AutoPlay Toggle - Clicking toggles state[39m[32m 17[2mms[22m[39m
[31m     [31mĂ—[31m TC: Edit Design - Clicking opens modal and saves[39m[32m 10[2mms[22m[39m

[31mâ¯â¯â¯â¯â¯â¯â¯[39m[1m[4
1m Failed Tests 3 [49m[22m[31mâ¯â
¯â¯â¯â¯â¯â¯[39m

[41m[1m FAIL [22m[49m features/ank
i/__tests__/AnkiSessionControls.test.t
sx[2m > [22mAnkiSessionScreen 
Controls[2m > [22mTC: Render Layout 
- Edit Design and AutoPlay buttons 
exist
[41m[1m FAIL [22m[49m features/ank
i/__tests__/AnkiSessionControls.test.t
sx[2m > [22mAnkiSessionScreen 
Controls[2m > [22mTC: AutoPlay 
Toggle - Clicking toggles state
[41m[1m FAIL [22m[49m features/ank
i/__tests__/AnkiSessionControls.test.t
sx[2m > [22mAnkiSessionScreen 
Controls[2m > [22mTC: Edit Design - 
Clicking opens modal and saves
[31m[1mTypeError[22m: Cannot read 
properties of undefined (reading 
'map')[39m
[36m [2mâ¯[22m createQuestion util
s/studySessionGenerator.ts:[2m27:49[
22m[39m
    [90m 25| [39m        
actualAnswer = evaluateFormula(relatio
n.answerFormula, row, taâ€¦
    [90m 26| [39m    } 
[35melse[39m {
    [90m 27| [39m        
actualAnswer = 
relation.answerColumnIds.map(id => 
row.cols[id]â€¦
    [90m   | [39m                   
                             
[31m^[39m
    [90m 28| [39m    }
    [90m 29| [39m
[90m [2mâ¯[22m features/anki/AnkiS
essionScreen.tsx:[2m108:19[22m[39m
[90m [2mâ¯[22m mountMemo node_modu
les/react-dom/cjs/react-dom-client.dev
elopment.js:[2m8777:23[22m[39m
[90m [2mâ¯[22m Object.useMemo node
_modules/react-dom/cjs/react-dom-clien
t.development.js:[2m26216:18[22m[39
m
[90m [2mâ¯[22m 
process.env.NODE_ENV.exports.useMemo n
ode_modules/react/cjs/react.developmen
t.js:[2m1251:34[22m[39m
[90m [2mâ¯[22m AnkiSessionScreen f
eatures/anki/AnkiSessionScreen.tsx:[2
m91:40[22m[39m
[90m [2mâ¯[22m 
Object.react_stack_bottom_frame node_m
odules/react-dom/cjs/react-dom-client.
development.js:[2m25904:20[22m[39m
[90m [2mâ¯[22m renderWithHooks nod
e_modules/react-dom/cjs/react-dom-clie
nt.development.js:[2m7662:22[22m[39
m
[90m [2mâ¯[22m 
updateFunctionComponent node_modules/r
eact-dom/cjs/react-dom-client.developm
ent.js:[2m10166:19[22m[39m
[90m [2mâ¯[22m beginWork node_modu
les/react-dom/cjs/react-dom-client.dev
elopment.js:[2m11778:18[22m[39m

[31m[2mâ¯â¯â¯â¯â¯â¯â¯â¯â¯â
¯â¯â¯â¯â¯â¯â¯â¯â¯â¯â¯â¯â¯â
¯â¯[1/3]â¯[22m[39m


[2m Test Files [22m [1m[31m1 failed[39m[22m[90m (1)[39m
[2m      Tests [22m [1m[31m3 failed[39m[22m[90m (3)[39m
[2m   Start at [22m 00:53:14
[2m   Duration [22m 1.19s

[1m[41m FAIL [49m[22m [31mTests failed. Watching for file changes...[39m
       [2mpress [22m[1mh[22m[2m to show help[22m[2m, [22m[2mpress [22m[1mq[22m[2m to quit[22m
c[3J[1m[44m RERUN [49m[22m [34m[2mfeatures/anki/AnkiSessionScreen.tsx [22m[34mx5 [34m[39m
       [2m Filename pattern: [22m[34mAnkiSessionControls.test.tsx[39m

[90mstdout[2m | features/anki/__tests__/AnkiSessionControls.test.tsx[2m > [22m[2mAnkiSessionScreen Controls[2m > [22m[2mTC: Render Layout - Edit Design and AutoPlay buttons exist
[22m[39mTest Setup Tables: [{"id":"t1","name":"Test Table","rows":[{"id":"row1","data":{"front":"Hello"}}],"relations":[{"id":"r1","name":"Basic","compatibleModes":["Flashcards"],"design":{"front":{},"back":{}}}]}]
Test Setup Session: {"id":"anki-1","startTime":1766166980572,"config":{},"newQueue":[],"learnQueue":[],"reviewQueue":[],"learningQueue":[],"history":[],"currentCard":{"rowId":"row1","tableId":"t1","relationId":"r1","state":"New"}}

[90mstdout[2m | features/anki/__tests__/AnkiSessionControls.test.tsx[2m > [22m[2mAnkiSessionScreen Controls[2m > [22m[2mTC: AutoPlay Toggle - Clicking toggles state
[22m[39mTest Setup Tables: [{"id":"t1","name":"Test Table","rows":[{"id":"row1","data":{"front":"Hello"}}],"relations":[{"id":"r1","name":"Basic","compatibleModes":["Flashcards"],"design":{"front":{},"back":{}}}]}]
Test Setup Session: {"id":"anki-1","startTime":1766166980572,"config":{},"newQueue":[],"learnQueue":[],"reviewQueue":[],"learningQueue":[],"history":[],"currentCard":{"rowId":"row1","tableId":"t1","relationId":"r1","state":"New"}}

[90mstdout[2m | features/anki/__tests__/AnkiSessionControls.test.tsx[2m > [22m[2mAnkiSessionScreen Controls[2m > [22m[2mTC: Edit Design - Clicking opens modal and saves
[22m[39mTest Setup Tables: [{"id":"t1","name":"Test Table","rows":[{"id":"row1","data":{"front":"Hello"}}],"relations":[{"id":"r1","name":"Basic","compatibleModes":["Flashcards"],"design":{"front":{},"back":{}}}]}]
Test Setup Session: {"id":"anki-1","startTime":1766166980572,"config":{},"newQueue":[],"learnQueue":[],"reviewQueue":[],"learningQueue":[],"history":[],"currentCard":{"rowId":"row1","tableId":"t1","relationId":"r1","state":"New"}}

 [31mâ¯[39m features/anki/__tests__/AnkiSessionControls.test.tsx [2m([22m[2m3 tests[22m[2m | [22m[31m3 failed[39m[2m)[22m[33m 547[2mms[22m[39m
[31m     [31mĂ—[31m TC: Render Layout - Edit Design and AutoPlay buttons exist[39m[33m 397[2mms[22m[39m
[31m     [31mĂ—[31m TC: AutoPlay Toggle - Clicking toggles state[39m[32m 70[2mms[22m[39m
[31m     [31mĂ—[31m TC: Edit Design - Clicking opens modal and saves[39m[32m 62[2mms[22m[39m

[31mâ¯â¯â¯â¯â¯â¯â¯[39m[1m[4
1m Failed Tests 3 [49m[22m[31mâ¯â
¯â¯â¯â¯â¯â¯[39m

[41m[1m FAIL [22m[49m features/ank
i/__tests__/AnkiSessionControls.test.t
sx[2m > [22mAnkiSessionScreen 
Controls[2m > [22mTC: Render Layout 
- Edit Design and AutoPlay buttons 
exist
[41m[1m FAIL [22m[49m features/ank
i/__tests__/AnkiSessionControls.test.t
sx[2m > [22mAnkiSessionScreen 
Controls[2m > [22mTC: AutoPlay 
Toggle - Clicking toggles state
[41m[1m FAIL [22m[49m features/ank
i/__tests__/AnkiSessionControls.test.t
sx[2m > [22mAnkiSessionScreen 
Controls[2m > [22mTC: Edit Design - 
Clicking opens modal and saves
[31m[1mTypeError[22m: Cannot read 
properties of undefined (reading 
'map')[39m
[36m [2mâ¯[22m createQuestion util
s/studySessionGenerator.ts:[2m27:49[
22m[39m
    [90m 25| [39m        
actualAnswer = evaluateFormula(relatio
n.answerFormula, row, taâ€¦
    [90m 26| [39m    } 
[35melse[39m {
    [90m 27| [39m        
actualAnswer = 
relation.answerColumnIds.map(id => 
row.cols[id]â€¦
    [90m   | [39m                   
                             
[31m^[39m
    [90m 28| [39m    }
    [90m 29| [39m
[90m [2mâ¯[22m features/anki/AnkiS
essionScreen.tsx:[2m107:19[22m[39m
[90m [2mâ¯[22m mountMemo node_modu
les/react-dom/cjs/react-dom-client.dev
elopment.js:[2m8777:23[22m[39m
[90m [2mâ¯[22m Object.useMemo node
_modules/react-dom/cjs/react-dom-clien
t.development.js:[2m26216:18[22m[39
m
[90m [2mâ¯[22m 
process.env.NODE_ENV.exports.useMemo n
ode_modules/react/cjs/react.developmen
t.js:[2m1251:34[22m[39m
[90m [2mâ¯[22m AnkiSessionScreen f
eatures/anki/AnkiSessionScreen.tsx:[2
m90:40[22m[39m
[90m [2mâ¯[22m 
Object.react_stack_bottom_frame node_m
odules/react-dom/cjs/react-dom-client.
development.js:[2m25904:20[22m[39m
[90m [2mâ¯[22m renderWithHooks nod
e_modules/react-dom/cjs/react-dom-clie
nt.development.js:[2m7662:22[22m[39
m
[90m [2mâ¯[22m 
updateFunctionComponent node_modules/r
eact-dom/cjs/react-dom-client.developm
ent.js:[2m10166:19[22m[39m
[90m [2mâ¯[22m beginWork node_modu
les/react-dom/cjs/react-dom-client.dev
elopment.js:[2m11778:18[22m[39m

[31m[2mâ¯â¯â¯â¯â¯â¯â¯â¯â¯â
¯â¯â¯â¯â¯â¯â¯â¯â¯â¯â¯â¯â¯â
¯â¯[1/3]â¯[22m[39m


[2m Test Files [22m [1m[31m1 failed[39m[22m[90m (1)[39m
[2m      Tests [22m [1m[31m3 failed[39m[22m[90m (3)[39m
[2m   Start at [22m 00:56:00
[2m   Duration [22m 8.34s

[1m[41m FAIL [49m[22m [31mTests failed. Watching for file changes...[39m
       [2mpress [22m[1mh[22m[2m to show help[22m[2m, [22m[2mpress [22m[1mq[22m[2m to quit[22m
c[3J[1m[44m RERUN [49m[22m [34m[2mfeatures/anki/__tests__/AnkiSessionControls.test.tsx [22m[34mx6 [34m[39m
       [2m Filename pattern: [22m[34mAnkiSessionControls.test.tsx[39m

 [31mâ¯[39m features/anki/__tests__/AnkiSessionControls.test.tsx [2m([22m[2m3 tests[22m[2m | [22m[31m3 failed[39m[2m)[22m[32m 174[2mms[22m[39m
[31m     [31mĂ—[31m TC: Render Layout - Edit Design and AutoPlay buttons exist[39m[32m 125[2mms[22m[39m
[31m     [31mĂ—[31m TC: AutoPlay Toggle - Clicking toggles state[39m[32m 26[2mms[22m[39m
[31m     [31mĂ—[31m TC: Edit Design - Clicking opens modal and saves[39m[32m 17[2mms[22m[39m

[31mâ¯â¯â¯â¯â¯â¯â¯[39m[1m[4
1m Failed Tests 3 [49m[22m[31mâ¯â
¯â¯â¯â¯â¯â¯[39m

[41m[1m FAIL [22m[49m features/ank
i/__tests__/AnkiSessionControls.test.t
sx[2m > [22mAnkiSessionScreen 
Controls[2m > [22mTC: Render Layout 
- Edit Design and AutoPlay buttons 
exist
[41m[1m FAIL [22m[49m features/ank
i/__tests__/AnkiSessionControls.test.t
sx[2m > [22mAnkiSessionScreen 
Controls[2m > [22mTC: AutoPlay 
Toggle - Clicking toggles state
[41m[1m FAIL [22m[49m features/ank
i/__tests__/AnkiSessionControls.test.t
sx[2m > [22mAnkiSessionScreen 
Controls[2m > [22mTC: Edit Design - 
Clicking opens modal and saves
[31m[1mTypeError[22m: Cannot read 
properties of undefined (reading 
'map')[39m
[36m [2mâ¯[22m createQuestion util
s/studySessionGenerator.ts:[2m27:49[
22m[39m
    [90m 25| [39m        
actualAnswer = evaluateFormula(relatio
n.answerFormula, row, taâ€¦
    [90m 26| [39m    } 
[35melse[39m {
    [90m 27| [39m        
actualAnswer = 
relation.answerColumnIds.map(id => 
row.cols[id]â€¦
    [90m   | [39m                   
                             
[31m^[39m
    [90m 28| [39m    }
    [90m 29| [39m
[90m [2mâ¯[22m features/anki/AnkiS
essionScreen.tsx:[2m107:19[22m[39m
[90m [2mâ¯[22m mountMemo node_modu
les/react-dom/cjs/react-dom-client.dev
elopment.js:[2m8777:23[22m[39m
[90m [2mâ¯[22m Object.useMemo node
_modules/react-dom/cjs/react-dom-clien
t.development.js:[2m26216:18[22m[39
m
[90m [2mâ¯[22m 
process.env.NODE_ENV.exports.useMemo n
ode_modules/react/cjs/react.developmen
t.js:[2m1251:34[22m[39m
[90m [2mâ¯[22m AnkiSessionScreen f
eatures/anki/AnkiSessionScreen.tsx:[2
m90:40[22m[39m
[90m [2mâ¯[22m 
Object.react_stack_bottom_frame node_m
odules/react-dom/cjs/react-dom-client.
development.js:[2m25904:20[22m[39m
[90m [2mâ¯[22m renderWithHooks nod
e_modules/react-dom/cjs/react-dom-clie
nt.development.js:[2m7662:22[22m[39
m
[90m [2mâ¯[22m 
updateFunctionComponent node_modules/r
eact-dom/cjs/react-dom-client.developm
ent.js:[2m10166:19[22m[39m
[90m [2mâ¯[22m beginWork node_modu
les/react-dom/cjs/react-dom-client.dev
elopment.js:[2m11778:18[22m[39m

[31m[2mâ¯â¯â¯â¯â¯â¯â¯â¯â¯â
¯â¯â¯â¯â¯â¯â¯â¯â¯â¯â¯â¯â¯â
¯â¯[1/3]â¯[22m[39m


[2m Test Files [22m [1m[31m1 failed[39m[22m[90m (1)[39m
[2m      Tests [22m [1m[31m3 failed[39m[22m[90m (3)[39m
[2m   Start at [22m 00:56:44
[2m   Duration [22m 2.70s

[1m[41m FAIL [49m[22m [31mTests failed. Watching for file changes...[39m
       [2mpress [22m[1mh[22m[2m to show help[22m[2m, [22m[2mpress [22m[1mq[22m[2m to quit[22m
