__tests__/anki_integration.test.ts(24,78): error TS2739: Type '{ id: string; cols: {}; stats: { ankiState: any; ankiDueDate: number; ankiStep: number; ankiInterval: number; ankiEaseFactor: number; ankiRepetitions: number; ankiLapses: number; correct: number; ... 8 more ...; theaterEncounters: number; }; }' is missing the following properties from type 'VocabRow': createdAt, modifiedAt
__tests__/components/ui/ExpandableText.test.tsx(4,10): error TS2440: Import declaration conflicts with local declaration of 'describe'.
__tests__/components/ui/ExpandableText.test.tsx(4,20): error TS2440: Import declaration conflicts with local declaration of 'it'.
__tests__/components/ui/ExpandableText.test.tsx(4,24): error TS2440: Import declaration conflicts with local declaration of 'expect'.
__tests__/components/ui/ExpandableText.test.tsx(4,32): error TS2440: Import declaration conflicts with local declaration of 'vi'.
__tests__/components/ui/ExpandableText.test.tsx(4,36): error TS2440: Import declaration conflicts with local declaration of 'beforeEach'.
__tests__/components/ui/ExpandableText.test.tsx(4,48): error TS2440: Import declaration conflicts with local declaration of 'afterEach'.
__tests__/confidence/confidencePersistence.test.ts(161,15): error TS2739: Type '{ id: string; cols: { 'col-1': string; }; stats: { correct: number; incorrect: number; lastStudied: null; flashcardStatus: FlashcardStatus.New; flashcardEncounters: number; isFlashcardReviewed: false; lastPracticeDate: null; confiViewed: number; }; }' is missing the following properties from type 'VocabRow': createdAt, modifiedAt
__tests__/confidence/confidencePersistence.test.ts(297,17): error TS2739: Type '{ id: string; cols: { 'col-1': string; }; stats: any; }' is missing the following properties from type 'VocabRow': createdAt, modifiedAt
__tests__/confidence/confidencePersistence.test.ts(298,17): error TS2739: Type '{ id: string; cols: { 'col-1': string; }; stats: any; }' is missing the following properties from type 'VocabRow': createdAt, modifiedAt
__tests__/confidence/confidencePersistence.test.ts(299,17): error TS2739: Type '{ id: string; cols: { 'col-1': string; }; stats: any; }' is missing the following properties from type 'VocabRow': createdAt, modifiedAt
__tests__/confidence/confidencePersistence.test.ts(300,17): error TS2739: Type '{ id: string; cols: { 'col-1': string; }; stats: any; }' is missing the following properties from type 'VocabRow': createdAt, modifiedAt
__tests__/confidence/confidenceSetup.test.ts(48,15): error TS2322: Type '{ id: string; cols: { 'col-word': string; 'col-meaning': string; }; stats: { correct: number; incorrect: number; lastStudied: any; flashcardStatus: FlashcardStatus.New; flashcardEncounters: number; isFlashcardReviewed: false; lastPracticeDate: any; }; }[]' is not assignable to type 'VocabRow[]'.
  Type '{ id: string; cols: { 'col-word': string; 'col-meaning': string; }; stats: { correct: number; incorrect: number; lastStudied: any; flashcardStatus: FlashcardStatus.New; flashcardEncounters: number; isFlashcardReviewed: false; lastPracticeDate: any; }; }' is missing the following properties from type 'VocabRow': createdAt, modifiedAt
__tests__/dataFlow.test.ts(2,10): error TS2440: Import declaration conflicts with local declaration of 'describe'.
__tests__/dataFlow.test.ts(2,20): error TS2440: Import declaration conflicts with local declaration of 'it'.
__tests__/dataFlow.test.ts(2,24): error TS2440: Import declaration conflicts with local declaration of 'expect'.
__tests__/dataFlow.test.ts(2,32): error TS2440: Import declaration conflicts with local declaration of 'beforeEach'.
__tests__/dataFlow.test.ts(20,11): error TS2739: Type '{ id: string; cols: { col1: string; }; stats: { correct: number; incorrect: number; lastStudied: null; flashcardStatus: FlashcardStatus.New; flashcardEncounters: number; isFlashcardReviewed: false; lastPracticeDate: null; }; }' is missing the following properties from type 'VocabRow': createdAt, modifiedAt
__tests__/dataFlow.test.ts(21,11): error TS2739: Type '{ id: string; cols: { col1: string; }; stats: { correct: number; incorrect: number; lastStudied: null; flashcardStatus: FlashcardStatus.New; flashcardEncounters: number; isFlashcardReviewed: false; lastPracticeDate: null; }; }' is missing the following properties from type 'VocabRow': createdAt, modifiedAt
__tests__/dataFlow.test.ts(34,44): error TS2353: Object literal may only specify known properties, and 'flashcardProgresses' does not exist in type 'SessionDataState | Partial<SessionDataState> | ((state: SessionDataState) => SessionDataState | Partial<...>)'.
__tests__/dataFlow.test.ts(80,83): error TS2322: Type 'string' is not assignable to type 'number[]'.
__tests__/dataFlow.test.ts(80,182): error TS2322: Type 'string' is not assignable to type 'number[]'.
__tests__/features/tables/components/RelationSettingsModal.test.ts(5,10): error TS2440: Import declaration conflicts with local declaration of 'describe'.
__tests__/features/tables/components/RelationSettingsModal.test.ts(5,20): error TS2440: Import declaration conflicts with local declaration of 'it'.
__tests__/features/tables/components/RelationSettingsModal.test.ts(5,24): error TS2440: Import declaration conflicts with local declaration of 'expect'.
__tests__/features/tables/components/RelationSettingsModal.test.ts(5,32): error TS2440: Import declaration conflicts with local declaration of 'vi'.
__tests__/features/tables/components/RelationSettingsModal.test.ts(5,36): error TS2440: Import declaration conflicts with local declaration of 'beforeEach'.
__tests__/features/tables/components/RelationSettingsModal.test.ts(33,7): error TS2352: Conversion of type '{ id: string; cols: { col1: string; col2: string; }; stats: { correct: number; incorrect: number; lastStudied: null; flashcardStatus: FlashcardStatus.New; flashcardEncounters: number; isFlashcardReviewed: false; lastPracticeDate: null; }; }' to type 'VocabRow' may be a mistake because neither type sufficiently overlaps with the other. If this was intentional, convert the expression to 'unknown' first.
  Type '{ id: string; cols: { col1: string; col2: string; }; stats: { correct: number; incorrect: number; lastStudied: null; flashcardStatus: FlashcardStatus.New; flashcardEncounters: number; isFlashcardReviewed: false; lastPracticeDate: null; }; }' is missing the following properties from type 'VocabRow': createdAt, modifiedAt
__tests__/features/tables/components/RelationSettingsModal_Theme.test.ts(4,10): error TS2440: Import declaration conflicts with local declaration of 'describe'.
__tests__/features/tables/components/RelationSettingsModal_Theme.test.ts(4,20): error TS2440: Import declaration conflicts with local declaration of 'it'.
__tests__/features/tables/components/RelationSettingsModal_Theme.test.ts(4,24): error TS2440: Import declaration conflicts with local declaration of 'expect'.
__tests__/features/tables/components/RelationSettingsModal_Theme.test.ts(4,32): error TS2440: Import declaration conflicts with local declaration of 'vi'.
__tests__/features/tables/components/RelationSettingsModal_Theme.test.ts(4,36): error TS2440: Import declaration conflicts with local declaration of 'beforeEach'.
__tests__/features/tables/components/RelationSettingsModal_Theme.test.ts(31,7): error TS2352: Conversion of type '{ id: string; cols: { col1: string; col2: string; }; stats: { correct: number; incorrect: number; lastStudied: null; flashcardStatus: FlashcardStatus.New; flashcardEncounters: number; isFlashcardReviewed: false; lastPracticeDate: null; }; }' to type 'VocabRow' may be a mistake because neither type sufficiently overlaps with the other. If this was intentional, convert the expression to 'unknown' first.
  Type '{ id: string; cols: { col1: string; col2: string; }; stats: { correct: number; incorrect: number; lastStudied: null; flashcardStatus: FlashcardStatus.New; flashcardEncounters: number; isFlashcardReviewed: false; lastPracticeDate: null; }; }' is missing the following properties from type 'VocabRow': createdAt, modifiedAt
__tests__/features/theater/TheaterSessionScreen.test.ts(32,5): error TS2739: Type '{ id: string; cols: { 'col-1': string; 'col-2': string; 'col-3': string; }; stats: { correct: number; incorrect: number; lastStudied: null; flashcardStatus: FlashcardStatus.New; flashcardEncounters: number; isFlashcardReviewed: false; lastPracticeDate: null; }; }' is missing the following properties from type 'VocabRow': createdAt, modifiedAt
__tests__/features/theater/TheaterSessionScreen.test.ts(34,5): error TS2739: Type '{ id: string; cols: { 'col-1': string; 'col-2': string; 'col-3': string; }; stats: { correct: number; incorrect: number; lastStudied: null; flashcardStatus: FlashcardStatus.New; flashcardEncounters: number; isFlashcardReviewed: false; lastPracticeDate: null; }; }' is missing the following properties from type 'VocabRow': createdAt, modifiedAt
__tests__/notificationUtils.test.ts(2,10): error TS2440: Import declaration conflicts with local declaration of 'describe'.
__tests__/notificationUtils.test.ts(2,20): error TS2440: Import declaration conflicts with local declaration of 'it'.
__tests__/notificationUtils.test.ts(2,24): error TS2440: Import declaration conflicts with local declaration of 'expect'.
__tests__/notificationUtils.test.ts(2,32): error TS2440: Import declaration conflicts with local declaration of 'beforeEach'.
__tests__/notificationUtils.test.ts(2,44): error TS2440: Import declaration conflicts with local declaration of 'vi'.
__tests__/notificationUtils.test.ts(3,39): error TS2307: Cannot find module '../../utils/notificationUtils' or its corresponding type declarations.
__tests__/notificationUtils.test.ts(4,73): error TS2307: Cannot find module '../../types' or its corresponding type declarations.
__tests__/studySessionGenerator.test.ts(70,5): error TS2322: Type '{ id: string; cols: { c1: string; c2: string; c3: string; }; stats: { correct: number; incorrect: number; lastStudied: number; flashcardStatus: FlashcardStatus.New; flashcardEncounters: number; isFlashcardReviewed: false; lastPracticeDate: number; }; }[]' is not assignable to type 'VocabRow[]'.
  Type '{ id: string; cols: { c1: string; c2: string; c3: string; }; stats: { correct: number; incorrect: number; lastStudied: number; flashcardStatus: FlashcardStatus.New; flashcardEncounters: number; isFlashcardReviewed: false; lastPracticeDate: number; }; }' is missing the following properties from type 'VocabRow': createdAt, modifiedAt
__tests__/studySessionGenerator.test.ts(175,21): error TS2739: Type '{ id: string; cols: { c1: string; c2: string; }; stats: { correct: number; incorrect: number; lastPracticeDate: number; lastStudied: null; flashcardStatus: FlashcardStatus.New; flashcardEncounters: number; isFlashcardReviewed: false; }; }' is missing the following properties from type 'VocabRow': createdAt, modifiedAt
__tests__/studySessionGenerator.test.ts(177,21): error TS2739: Type '{ id: string; cols: { c1: string; c2: string; }; stats: { correct: number; incorrect: number; lastPracticeDate: number; wasQuit: true; lastStudied: null; flashcardStatus: FlashcardStatus.New; flashcardEncounters: number; isFlashcardReviewed: false; }; }' is missing the following properties from type 'VocabRow': createdAt, modifiedAt
__tests__/studySessionGenerator.test.ts(179,21): error TS2739: Type '{ id: string; cols: { c1: string; c2: string; }; stats: { correct: number; incorrect: number; lastPracticeDate: number; lastStudied: null; flashcardStatus: FlashcardStatus.New; flashcardEncounters: number; isFlashcardReviewed: false; }; }' is missing the following properties from type 'VocabRow': createdAt, modifiedAt
__tests__/studySessionGenerator.test.ts(211,17): error TS2739: Type '{ id: string; cols: { c1: string; }; stats: { correct: number; incorrect: number; lastPracticeDate: number; lastStudied: null; flashcardStatus: FlashcardStatus.New; flashcardEncounters: number; isFlashcardReviewed: false; }; }' is missing the following properties from type 'VocabRow': createdAt, modifiedAt
__tests__/studySessionGenerator.test.ts(212,17): error TS2739: Type '{ id: string; cols: { c1: string; }; stats: { correct: number; incorrect: number; lastPracticeDate: number; lastStudied: null; flashcardStatus: FlashcardStatus.New; flashcardEncounters: number; isFlashcardReviewed: false; }; }' is missing the following properties from type 'VocabRow': createdAt, modifiedAt
__tests__/studySessionGenerator.test.ts(213,17): error TS2739: Type '{ id: string; cols: { c1: string; }; stats: { correct: number; incorrect: number; lastPracticeDate: null; lastStudied: null; flashcardStatus: FlashcardStatus.New; flashcardEncounters: number; isFlashcardReviewed: false; }; }' is missing the following properties from type 'VocabRow': createdAt, modifiedAt
__tests__/studySessionGenerator.test.ts(214,17): error TS2739: Type '{ id: string; cols: { c1: string; }; stats: { correct: number; incorrect: number; lastPracticeDate: number; wasQuit: true; lastStudied: null; flashcardStatus: FlashcardStatus.New; flashcardEncounters: number; isFlashcardReviewed: false; }; }' is missing the following properties from type 'VocabRow': createdAt, modifiedAt
__tests__/studySessionGenerator.test.ts(215,17): error TS2739: Type '{ id: string; cols: { c1: string; }; stats: { correct: number; incorrect: number; lastPracticeDate: number; lastStudied: null; flashcardStatus: FlashcardStatus.New; flashcardEncounters: number; isFlashcardReviewed: false; }; }' is missing the following properties from type 'VocabRow': createdAt, modifiedAt
__tests__/studySessionGenerator.test.ts(216,17): error TS2739: Type '{ id: string; cols: { c1: string; }; stats: { correct: number; incorrect: number; lastPracticeDate: number; lastStudied: null; flashcardStatus: FlashcardStatus.New; flashcardEncounters: number; isFlashcardReviewed: false; }; }' is missing the following properties from type 'VocabRow': createdAt, modifiedAt
__tests__/TheaterSessionScreen.test.tsx(32,5): error TS2739: Type '{ id: string; cols: { 'col-1': string; 'col-2': string; 'col-3': string; }; stats: { correct: number; incorrect: number; lastStudied: null; flashcardStatus: FlashcardStatus.New; flashcardEncounters: number; isFlashcardReviewed: false; lastPracticeDate: null; }; }' is missing the following properties from type 'VocabRow': createdAt, modifiedAt
__tests__/TheaterSessionScreen.test.tsx(33,5): error TS2739: Type '{ id: string; cols: { 'col-1': string; 'col-2': string; 'col-3': string; }; stats: { correct: number; incorrect: number; lastStudied: null; flashcardStatus: FlashcardStatus.New; flashcardEncounters: number; isFlashcardReviewed: false; lastPracticeDate: null; }; }' is missing the following properties from type 'VocabRow': createdAt, modifiedAt
__tests__/useNotificationStore.test.ts(2,10): error TS2440: Import declaration conflicts with local declaration of 'describe'.
__tests__/useNotificationStore.test.ts(2,20): error TS2440: Import declaration conflicts with local declaration of 'it'.
__tests__/useNotificationStore.test.ts(2,24): error TS2440: Import declaration conflicts with local declaration of 'expect'.
__tests__/useNotificationStore.test.ts(2,32): error TS2440: Import declaration conflicts with local declaration of 'beforeEach'.
__tests__/userStore.test.ts(3,10): error TS2440: Import declaration conflicts with local declaration of 'describe'.
__tests__/userStore.test.ts(3,20): error TS2440: Import declaration conflicts with local declaration of 'it'.
__tests__/userStore.test.ts(3,24): error TS2440: Import declaration conflicts with local declaration of 'expect'.
__tests__/userStore.test.ts(3,32): error TS2440: Import declaration conflicts with local declaration of 'beforeEach'.
__tests__/userStore.test.ts(3,44): error TS2440: Import declaration conflicts with local declaration of 'vi'.
__tests__/userStore.test.ts(52,31): error TS2554: Expected 5-6 arguments, but got 3.
__tests__/userStore.test.ts(73,31): error TS2554: Expected 5-6 arguments, but got 3.
__tests__/userStore.test.ts(88,31): error TS2554: Expected 5-6 arguments, but got 3.
__tests__/userStore.test.ts(108,31): error TS2554: Expected 5-6 arguments, but got 3.
__tests__/userUserStore.test.ts(2,10): error TS2440: Import declaration conflicts with local declaration of 'describe'.
__tests__/userUserStore.test.ts(2,20): error TS2440: Import declaration conflicts with local declaration of 'it'.
__tests__/userUserStore.test.ts(2,24): error TS2440: Import declaration conflicts with local declaration of 'expect'.
__tests__/userUserStore.test.ts(2,32): error TS2440: Import declaration conflicts with local declaration of 'beforeEach'.
__tests__/userUserStore.test.ts(2,44): error TS2440: Import declaration conflicts with local declaration of 'vi'.
__tests__/userUserStore.test.ts(51,31): error TS2554: Expected 5-6 arguments, but got 3.
__tests__/userUserStore.test.ts(72,31): error TS2554: Expected 5-6 arguments, but got 3.
__tests__/userUserStore.test.ts(87,31): error TS2554: Expected 5-6 arguments, but got 3.
__tests__/userUserStore.test.ts(107,31): error TS2554: Expected 5-6 arguments, but got 3.
__tests__/useUserStore.test.ts(2,10): error TS2440: Import declaration conflicts with local declaration of 'describe'.
__tests__/useUserStore.test.ts(2,20): error TS2440: Import declaration conflicts with local declaration of 'it'.
__tests__/useUserStore.test.ts(2,24): error TS2440: Import declaration conflicts with local declaration of 'expect'.
__tests__/useUserStore.test.ts(2,32): error TS2440: Import declaration conflicts with local declaration of 'beforeEach'.
__tests__/useUserStore.test.ts(2,44): error TS2440: Import declaration conflicts with local declaration of 'vi'.
__tests__/useUserStore.test.ts(51,31): error TS2554: Expected 5-6 arguments, but got 3.
__tests__/useUserStore.test.ts(72,31): error TS2554: Expected 5-6 arguments, but got 3.
__tests__/useUserStore.test.ts(87,31): error TS2554: Expected 5-6 arguments, but got 3.
__tests__/useUserStore.test.ts(107,31): error TS2554: Expected 5-6 arguments, but got 3.
components/AppContent.tsx(4,107): error TS2307: Cannot find module './types' or its corresponding type declarations.
components/AppContent.tsx(5,28): error TS2307: Cannot find module './stores/useUIStore' or its corresponding type declarations.
components/AppContent.tsx(6,90): error TS2307: Cannot find module './stores/useUserStore' or its corresponding type declarations.
components/AppContent.tsx(7,33): error TS2307: Cannot find module './stores/useSessionStore' or its corresponding type declarations.
components/AppContent.tsx(8,31): error TS2307: Cannot find module './stores/useTableStore' or its corresponding type declarations.
components/AppContent.tsx(9,30): error TS2307: Cannot find module './stores/useNoteStore' or its corresponding type declarations.
components/AppContent.tsx(10,39): error TS2307: Cannot find module './stores/useDictationNoteStore' or its corresponding type declarations.
components/AppContent.tsx(11,37): error TS2307: Cannot find module './stores/useContextLinkStore' or its corresponding type declarations.
components/AppContent.tsx(12,33): error TS2307: Cannot find module './stores/useConceptStore' or its corresponding type declarations.
components/AppContent.tsx(13,37): error TS2307: Cannot find module './stores/useSessionDataStore' or its corresponding type declarations.
components/AppContent.tsx(14,29): error TS2307: Cannot find module './stores/useTagStore' or its corresponding type declarations.
components/AppContent.tsx(15,32): error TS2307: Cannot find module './stores/useGardenStore' or its corresponding type declarations.
components/AppContent.tsx(16,26): error TS2307: Cannot find module './services/supabaseClient' or its corresponding type declarations.
components/AppContent.tsx(17,30): error TS2307: Cannot find module './stores/appStorage' or its corresponding type declarations.
components/AppContent.tsx(18,33): error TS2307: Cannot find module './services/migrationService' or its corresponding type declarations.
components/AppContent.tsx(19,31): error TS2307: Cannot find module './stores/useMusicStore' or its corresponding type declarations.
components/AppContent.tsx(22,18): error TS2307: Cannot find module './components/ui/Icon' or its corresponding type declarations.
components/AppContent.tsx(23,26): error TS2307: Cannot find module './components/layout/BottomNavBar' or its corresponding type declarations.
components/AppContent.tsx(24,26): error TS2307: Cannot find module './components/ui/Notification' or its corresponding type declarations.
components/AppContent.tsx(25,19): error TS2307: Cannot find module './components/ui/Toast' or its corresponding type declarations.
components/AppContent.tsx(26,30): error TS2307: Cannot find module './features/tables/components/GalleryViewModal' or its corresponding type declarations.
components/AppContent.tsx(27,29): error TS2307: Cannot find module './features/data/DataSyncManager' or its corresponding type declarations.
components/AppContent.tsx(28,33): error TS2307: Cannot find module './components/ui/BlockingSaveOverlay' or its corresponding type declarations.
components/AppContent.tsx(29,30): error TS2307: Cannot find module './components/ui/AuroraBackground' or its corresponding type declarations.
components/AppContent.tsx(32,44): error TS2307: Cannot find module './features/auth/AuthScreen' or its corresponding type declarations.
components/AppContent.tsx(33,44): error TS2307: Cannot find module './features/home/HomeScreen' or its corresponding type declarations.
components/AppContent.tsx(34,46): error TS2307: Cannot find module './features/tables/TablesScreen' or its corresponding type declarations.
components/AppContent.tsx(35,45): error TS2307: Cannot find module './features/tables/TableScreen' or its corresponding type declarations.
components/AppContent.tsx(36,47): error TS2307: Cannot find module './features/library/LibraryScreen' or its corresponding type declarations.
components/AppContent.tsx(37,49): error TS2307: Cannot find module './features/community/CommunityScreen' or its corresponding type declarations.
components/AppContent.tsx(38,45): error TS2307: Cannot find module './features/vmind/VmindScreen' or its corresponding type declarations.
components/AppContent.tsx(39,48): error TS2307: Cannot find module './features/settings/SettingsScreen' or its corresponding type declarations.
components/AppContent.tsx(40,47): error TS2307: Cannot find module './features/reading/ReadingScreen' or its corresponding type declarations.
components/AppContent.tsx(41,47): error TS2307: Cannot find module './features/journal/JournalScreen' or its corresponding type declarations.
components/AppContent.tsx(42,53): error TS2307: Cannot find module './features/study-progress/StudyProgressScreen' or its corresponding type declarations.
components/AppContent.tsx(43,50): error TS2307: Cannot find module './features/study/StudySetupScreen' or its corresponding type declarations.
components/AppContent.tsx(44,52): error TS2307: Cannot find module './features/study/StudySessionScreen' or its corresponding type declarations.
components/AppContent.tsx(45,50): error TS2307: Cannot find module './features/confidence/ConfidenceScreen' or its corresponding type declarations.
components/AppContent.tsx(46,55): error TS2307: Cannot find module './features/confidence/ConfidenceSetupScreen' or its corresponding type declarations.
components/AppContent.tsx(47,57): error TS2307: Cannot find module './features/confidence/ConfidenceSessionScreen' or its corresponding type declarations.
components/AppContent.tsx(48,52): error TS2307: Cannot find module './features/theater/TheaterSetupScreen' or its corresponding type declarations.
components/AppContent.tsx(49,54): error TS2307: Cannot find module './features/theater/TheaterSessionScreen' or its corresponding type declarations.
components/AppContent.tsx(50,49): error TS2307: Cannot find module './features/dictation/DictationScreen' or its corresponding type declarations.
components/AppContent.tsx(51,55): error TS2307: Cannot find module './features/dictation/DictationEditorScreen' or its corresponding type declarations.
components/AppContent.tsx(52,56): error TS2307: Cannot find module './features/dictation/DictationSessionScreen' or its corresponding type declarations.
components/AppContent.tsx(53,46): error TS2307: Cannot find module './features/search/SearchScreen' or its corresponding type declarations.
components/AppContent.tsx(54,52): error TS2307: Cannot find module './features/search/SearchFlyoutButton' or its corresponding type declarations.
components/AppContent.tsx(55,48): error TS2307: Cannot find module './features/vmind-chat/VmindChatModal' or its corresponding type declarations.
components/AppContent.tsx(56,45): error TS2307: Cannot find module './components/ui/ApiKeyModal' or its corresponding type declarations.
components/AppContent.tsx(57,51): error TS2307: Cannot find module './features/pomodoro/MusicFlyoutButton' or its corresponding type declarations.
components/AppContent.tsx(58,45): error TS2307: Cannot find module './features/pomodoro/MusicPlayer' or its corresponding type declarations.
components/AppContent.tsx(59,49): error TS2307: Cannot find module './features/anki/AnkiSetupScreen' or its corresponding type declarations.
components/AppContent.tsx(60,51): error TS2307: Cannot find module './features/anki/AnkiSessionScreen' or its corresponding type declarations.
components/AppContent.tsx(61,57): error TS2307: Cannot find module './features/anki/AnkiProgressSetupScreen' or its corresponding type declarations.
components/AppContent.tsx(62,49): error TS2307: Cannot find module './features/anki/AnkiStatsScreen' or its corresponding type declarations.
components/AppContent.tsx(63,49): error TS2307: Cannot find module './features/reminders/ReminderManager' or its corresponding type declarations.
components/AppContent.tsx(64,53): error TS2307: Cannot find module './features/notifications/NotificationsScreen' or its corresponding type declarations.
components/AppContent.tsx(65,55): error TS2307: Cannot find module './features/notifications/NotificationGenerator' or its corresponding type declarations.
components/AppContent.tsx(66,43): error TS2307: Cannot find module './features/map/MapScreen' or its corresponding type declarations.
components/AppContent.tsx(67,50): error TS2307: Cannot find module './features/tags/TagManagerScreen' or its corresponding type declarations.
components/AppContent.tsx(68,52): error TS2307: Cannot find module './features/tracking/TimeTrackingScreen' or its corresponding type declarations.
components/AppContent.tsx(69,45): error TS2307: Cannot find module './features/profile/StatsScreen' or its corresponding type declarations.
features/concepts/__tests__/ImportParser.test.ts(4,1): error TS2593: Cannot find name 'describe'. Do you need to install type definitions for a test runner? Try `npm i --save-dev @types/jest` or `npm i --save-dev @types/mocha` and then add 'jest' or 'mocha' to the types field in your tsconfig.
features/concepts/__tests__/ImportParser.test.ts(5,5): error TS2593: Cannot find name 'describe'. Do you need to install type definitions for a test runner? Try `npm i --save-dev @types/jest` or `npm i --save-dev @types/mocha` and then add 'jest' or 'mocha' to the types field in your tsconfig.
features/concepts/__tests__/ImportParser.test.ts(6,9): error TS2593: Cannot find name 'it'. Do you need to install type definitions for a test runner? Try `npm i --save-dev @types/jest` or `npm i --save-dev @types/mocha` and then add 'jest' or 'mocha' to the types field in your tsconfig.
features/concepts/__tests__/ImportParser.test.ts(12,13): error TS2304: Cannot find name 'expect'.
features/concepts/__tests__/ImportParser.test.ts(15,9): error TS2593: Cannot find name 'it'. Do you need to install type definitions for a test runner? Try `npm i --save-dev @types/jest` or `npm i --save-dev @types/mocha` and then add 'jest' or 'mocha' to the types field in your tsconfig.
features/concepts/__tests__/ImportParser.test.ts(17,13): error TS2304: Cannot find name 'expect'.
features/concepts/__tests__/ImportParser.test.ts(20,9): error TS2593: Cannot find name 'it'. Do you need to install type definitions for a test runner? Try `npm i --save-dev @types/jest` or `npm i --save-dev @types/mocha` and then add 'jest' or 'mocha' to the types field in your tsconfig.
features/concepts/__tests__/ImportParser.test.ts(22,13): error TS2304: Cannot find name 'expect'.
features/concepts/__tests__/ImportParser.test.ts(26,5): error TS2593: Cannot find name 'describe'. Do you need to install type definitions for a test runner? Try `npm i --save-dev @types/jest` or `npm i --save-dev @types/mocha` and then add 'jest' or 'mocha' to the types field in your tsconfig.
features/concepts/__tests__/ImportParser.test.ts(27,9): error TS2593: Cannot find name 'it'. Do you need to install type definitions for a test runner? Try `npm i --save-dev @types/jest` or `npm i --save-dev @types/mocha` and then add 'jest' or 'mocha' to the types field in your tsconfig.
features/concepts/__tests__/ImportParser.test.ts(35,13): error TS2304: Cannot find name 'expect'.
features/concepts/__tests__/ImportParser.test.ts(36,13): error TS2304: Cannot find name 'expect'.
features/concepts/__tests__/ImportParser.test.ts(37,13): error TS2304: Cannot find name 'expect'.
features/concepts/__tests__/ImportParser.test.ts(38,13): error TS2304: Cannot find name 'expect'.
features/concepts/__tests__/ImportParser.test.ts(41,9): error TS2593: Cannot find name 'it'. Do you need to install type definitions for a test runner? Try `npm i --save-dev @types/jest` or `npm i --save-dev @types/mocha` and then add 'jest' or 'mocha' to the types field in your tsconfig.
features/concepts/__tests__/ImportParser.test.ts(48,13): error TS2304: Cannot find name 'expect'.
features/concepts/__tests__/ImportParser.test.ts(49,13): error TS2304: Cannot find name 'expect'.
features/concepts/__tests__/ImportParser.test.ts(53,5): error TS2593: Cannot find name 'describe'. Do you need to install type definitions for a test runner? Try `npm i --save-dev @types/jest` or `npm i --save-dev @types/mocha` and then add 'jest' or 'mocha' to the types field in your tsconfig.
features/concepts/__tests__/ImportParser.test.ts(54,9): error TS2593: Cannot find name 'it'. Do you need to install type definitions for a test runner? Try `npm i --save-dev @types/jest` or `npm i --save-dev @types/mocha` and then add 'jest' or 'mocha' to the types field in your tsconfig.
features/concepts/__tests__/ImportParser.test.ts(57,13): error TS2304: Cannot find name 'expect'.
features/concepts/__tests__/ImportParser.test.ts(58,13): error TS2304: Cannot find name 'expect'.
features/concepts/__tests__/ImportParser.test.ts(61,9): error TS2593: Cannot find name 'it'. Do you need to install type definitions for a test runner? Try `npm i --save-dev @types/jest` or `npm i --save-dev @types/mocha` and then add 'jest' or 'mocha' to the types field in your tsconfig.
features/concepts/__tests__/ImportParser.test.ts(64,13): error TS2304: Cannot find name 'expect'.
features/concepts/__tests__/ImportParser.test.ts(65,13): error TS2304: Cannot find name 'expect'.
features/concepts/__tests__/ImportParser.test.ts(68,9): error TS2593: Cannot find name 'it'. Do you need to install type definitions for a test runner? Try `npm i --save-dev @types/jest` or `npm i --save-dev @types/mocha` and then add 'jest' or 'mocha' to the types field in your tsconfig.
features/concepts/__tests__/ImportParser.test.ts(71,13): error TS2304: Cannot find name 'expect'.
features/concepts/__tests__/ImportParser.test.ts(75,5): error TS2593: Cannot find name 'describe'. Do you need to install type definitions for a test runner? Try `npm i --save-dev @types/jest` or `npm i --save-dev @types/mocha` and then add 'jest' or 'mocha' to the types field in your tsconfig.
features/concepts/__tests__/ImportParser.test.ts(76,9): error TS2593: Cannot find name 'it'. Do you need to install type definitions for a test runner? Try `npm i --save-dev @types/jest` or `npm i --save-dev @types/mocha` and then add 'jest' or 'mocha' to the types field in your tsconfig.
features/concepts/__tests__/ImportParser.test.ts(83,13): error TS2304: Cannot find name 'expect'.
features/concepts/__tests__/ImportParser.test.ts(84,13): error TS2304: Cannot find name 'expect'.
features/concepts/__tests__/ImportParser.test.ts(85,13): error TS2304: Cannot find name 'expect'.
features/concepts/components/CardAssignmentModal.tsx(16,13): error TS2339: Property 'updateRow' does not exist on type 'TableState'.
features/concepts/LevelGalleryView.tsx(178,68): error TS2339: Property 'successRate' does not exist on type '{ correct: number; incorrect: number; lastStudied: number; flashcardStatus: FlashcardStatus; flashcardEncounters: number; isFlashcardReviewed: boolean; lastPracticeDate: number; ... 12 more ...; confiViewed?: number; }'.
features/concepts/LevelGalleryView.tsx(181,100): error TS2339: Property 'successRate' does not exist on type '{ correct: number; incorrect: number; lastStudied: number; flashcardStatus: FlashcardStatus; flashcardEncounters: number; isFlashcardReviewed: boolean; lastPracticeDate: number; ... 12 more ...; confiViewed?: number; }'.
features/concepts/LevelGalleryView.tsx(181,146): error TS2339: Property 'successRate' does not exist on type '{ correct: number; incorrect: number; lastStudied: number; flashcardStatus: FlashcardStatus; flashcardEncounters: number; isFlashcardReviewed: boolean; lastPracticeDate: number; ... 12 more ...; confiViewed?: number; }'.
features/concepts/LevelGalleryView.tsx(182,98): error TS2339: Property 'successRate' does not exist on type '{ correct: number; incorrect: number; lastStudied: number; flashcardStatus: FlashcardStatus; flashcardEncounters: number; isFlashcardReviewed: boolean; lastPracticeDate: number; ... 12 more ...; confiViewed?: number; }'.
features/confidence/components/ProgressRelationshipGraphModal.tsx(39,77): error TS2345: Argument of type 'Theme' is not assignable to parameter of type '"light" | "dark"'.
  Type '"blue"' is not assignable to type '"light" | "dark"'.
features/confidence/ConfidenceSessionScreen.tsx(1272,17): error TS2322: Type '{ children: Element; isOpen: boolean; onClose: () => void; title: string; showCloseButton: boolean; }' is not assignable to type 'IntrinsicAttributes & ModalProps'.
  Property 'showCloseButton' does not exist on type 'IntrinsicAttributes & ModalProps'.
features/dictation/DictationEditorScreen.tsx(79,15): error TS2739: Type '{ id: `${string}-${string}-${string}-${string}-${string}`; cols: { [x: string]: string; }; stats: { correct: number; incorrect: number; lastStudied: null; flashcardStatus: FlashcardStatus.New; flashcardEncounters: number; isFlashcardReviewed: false; lastPracticeDate: null; }; }' is missing the following properties from type 'VocabRow': createdAt, modifiedAt
features/home/components/StreakCard.tsx(19,30): error TS2365: Operator '>=' cannot be applied to types 'number | { total: number; entries: SessionEntry[]; }' and 'number'.
features/home/components/StreakCard.tsx(27,17): error TS2365: Operator '>=' cannot be applied to types 'number | { total: number; entries: SessionEntry[]; }' and 'number'.
features/map/components/nodeIcons.ts(32,14): error TS2741: Property 'row' is missing in type '{ table: { paths: string[]; transform: string; viewBoxSize: number; }; anki: { paths: string[]; transform: string; viewBoxSize: number; }; confidence: { paths: string[]; transform: string; viewBoxSize: number; }; queue: { ...; }; note: { ...; }; dictation: { ...; }; }' but required in type 'Record<NodeType, { paths: string[]; transform: string; viewBoxSize: number; }>'.
features/map/hooks/useGraphData.ts(98,73): error TS2345: Argument of type 'Theme' is not assignable to parameter of type '"light" | "dark"'.
  Type '"blue"' is not assignable to type '"light" | "dark"'.
features/reading/components/NoteBrowser.tsx(207,41): error TS2322: Type 'Theme' is not assignable to type '"light" | "dark" | "pastel"'.
  Type '"blue"' is not assignable to type '"light" | "dark" | "pastel"'.
features/reading/components/NoteBrowser.tsx(246,37): error TS2322: Type 'Theme' is not assignable to type '"light" | "dark" | "pastel"'.
  Type '"blue"' is not assignable to type '"light" | "dark" | "pastel"'.
features/reading/components/ReadingContent.tsx(672,15): error TS2739: Type '{ id: `${string}-${string}-${string}-${string}-${string}`; cols: { [x: string]: string; }; stats: { correct: number; incorrect: number; lastStudied: null; flashcardStatus: FlashcardStatus.New; flashcardEncounters: number; isFlashcardReviewed: false; lastPracticeDate: null; }; }' is missing the following properties from type 'VocabRow': createdAt, modifiedAt
features/reading/ReadingContent.tsx(3,56): error TS2307: Cannot find module '../../../types' or its corresponding type declarations.
features/reading/ReadingContent.tsx(4,18): error TS2307: Cannot find module '../../../components/ui/Icon' or its corresponding type declarations.
features/reading/ReadingContent.tsx(5,19): error TS2307: Cannot find module '../../../components/ui/Modal' or its corresponding type declarations.
features/reading/ReadingContent.tsx(6,21): error TS2307: Cannot find module '../../../components/ui/Popover' or its corresponding type declarations.
features/reading/ReadingContent.tsx(7,24): error TS2307: Cannot find module '../../../components/ui/Button' or its corresponding type declarations.
features/reading/ReadingContent.tsx(8,30): error TS2307: Cannot find module '../../../stores/useNoteStore' or its corresponding type declarations.
features/reading/ReadingContent.tsx(9,31): error TS2307: Cannot find module '../../../stores/useTableStore' or its corresponding type declarations.
features/reading/ReadingContent.tsx(10,28): error TS2307: Cannot find module '../../../stores/useUIStore' or its corresponding type declarations.
features/reading/ReadingContent.tsx(11,37): error TS2307: Cannot find module '../../../stores/useContextLinkStore' or its corresponding type declarations.
features/reading/ReadingContent.tsx(12,33): error TS2307: Cannot find module '../../../stores/useSessionStore' or its corresponding type declarations.
features/reading/ReadingContent.tsx(13,38): error TS2307: Cannot find module '../../../stores/useMusicStore' or its corresponding type declarations.
features/reading/ReadingContent.tsx(14,33): error TS2307: Cannot find module '../../../stores/useCounterStore' or its corresponding type declarations.
features/reading/ReadingContent.tsx(15,30): error TS2307: Cannot find module '../../../stores/useUserStore' or its corresponding type declarations.
features/reading/ReadingContent.tsx(16,33): error TS2307: Cannot find module '../../../hooks/useLocalStorage' or its corresponding type declarations.
features/reading/ReadingContent.tsx(17,29): error TS2307: Cannot find module '../../../hooks/useDebounce' or its corresponding type declarations.
features/reading/ReadingContent.tsx(18,29): error TS2307: Cannot find module '../../../services/geminiService' or its corresponding type declarations.
features/reading/ReadingContent.tsx(19,59): error TS2307: Cannot find module '../../../utils/textUtils' or its corresponding type declarations.
features/reading/ReadingContent.tsx(20,29): error TS2307: Cannot find module '../../tables/WordDetailModal' or its corresponding type declarations.
features/reading/ReadingContent.tsx(21,27): error TS2307: Cannot find module '../../tables/components/WordInfoModal' or its corresponding type declarations.
features/reading/ReadingContent.tsx(22,32): error TS2307: Cannot find module './ClozeCreationModal' or its corresponding type declarations.
features/reading/ReadingContent.tsx(23,34): error TS2307: Cannot find module './LinkedVocabDashboard' or its corresponding type declarations.
features/reading/ReadingContent.tsx(24,44): error TS2307: Cannot find module '../../../utils/textChunker' or its corresponding type declarations.
features/reading/ReadingContent.tsx(25,37): error TS2307: Cannot find module './VirtualReadingContainer' or its corresponding type declarations.
features/reading/ReadingContent.tsx(26,50): error TS2307: Cannot find module '../readingConstants' or its corresponding type declarations.
features/reading/ReadingContent.tsx(27,33): error TS2307: Cannot find module '../../../services/VmindSyncEngine' or its corresponding type declarations.
features/reading/ReadingContent.tsx(28,23): error TS2307: Cannot find module '../../../components/ui/Input' or its corresponding type declarations.
features/rewards/components/ActivityStats.tsx(30,13): error TS2365: Operator '+=' cannot be applied to types 'number' and 'number | { total: number; entries: SessionEntry[]; }'.
features/rewards/components/ActivityStats.tsx(58,13): error TS2365: Operator '+=' cannot be applied to types 'number' and 'number | { total: number; entries: SessionEntry[]; }'.
features/rewards/components/ActivityStats.tsx(78,119): error TS2345: Argument of type 'number | { total: number; entries: SessionEntry[]; }' is not assignable to parameter of type 'number'.
  Type '{ total: number; entries: SessionEntry[]; }' is not assignable to type 'number'.
features/study/components/handwriting/HandwritingCanvas.tsx(183,24): error TS2339: Property 'getCoalescedEvents' does not exist on type 'PointerEvent<Element>'.
features/study/components/handwriting/HandwritingCanvas.tsx(183,47): error TS2339: Property 'getCoalescedEvents' does not exist on type 'PointerEvent<Element>'.
features/study/StudySetupScreen.tsx(163,71): error TS2345: Argument of type 'Theme' is not assignable to parameter of type '"light" | "dark"'.
  Type '"blue"' is not assignable to type '"light" | "dark"'.
features/tables/components/AnkiSettingsTab.tsx(15,5): error TS2322: Type 'string' is not assignable to type 'number[]'.
features/tables/components/AnkiSettingsTab.tsx(21,5): error TS2322: Type 'string' is not assignable to type 'number[]'.
features/tables/components/AnkiSettingsTab.tsx(50,17): error TS2322: Type 'number | number[]' is not assignable to type 'string | number | readonly string[]'.
  Type 'number[]' is not assignable to type 'string | number | readonly string[]'.
    Type 'number[]' is not assignable to type 'readonly string[]'.
      Type 'number' is not assignable to type 'string'.
features/tables/components/ExportModal.tsx(30,13): error TS2339: Property 'flashcardProgresses' does not exist on type 'SessionDataState'.
features/tables/components/FileBrowser.tsx(267,41): error TS2322: Type 'Theme' is not assignable to type '"light" | "dark" | "pastel"'.
  Type '"blue"' is not assignable to type '"light" | "dark" | "pastel"'.
features/tables/components/FileBrowser.tsx(307,37): error TS2322: Type 'Theme' is not assignable to type '"light" | "dark" | "pastel"'.
  Type '"blue"' is not assignable to type '"light" | "dark" | "pastel"'.
features/tables/components/ImportModal.tsx(25,13): error TS2339: Property 'setFlashcardProgresses' does not exist on type 'SessionDataState'.
features/tables/components/ImportModal.tsx(163,9): error TS2322: Type '{ id: string; cols: Record<string, string>; stats: { correct: number; incorrect: number; lastStudied: any; flashcardStatus: FlashcardStatus.New; flashcardEncounters: number; isFlashcardReviewed: false; lastPracticeDate: any; }; }[]' is not assignable to type 'VocabRow[]'.
  Type '{ id: string; cols: Record<string, string>; stats: { correct: number; incorrect: number; lastStudied: any; flashcardStatus: FlashcardStatus.New; flashcardEncounters: number; isFlashcardReviewed: false; lastPracticeDate: any; }; }' is missing the following properties from type 'VocabRow': createdAt, modifiedAt
features/tables/components/PasteImportModal.tsx(124,19): error TS2739: Type '{ id: `${string}-${string}-${string}-${string}-${string}`; cols: {}; stats: { correct: number; incorrect: number; lastStudied: null; flashcardStatus: FlashcardStatus.New; flashcardEncounters: number; isFlashcardReviewed: false; lastPracticeDate: null; }; }' is missing the following properties from type 'VocabRow': createdAt, modifiedAt
features/tables/components/PasteImportModal.tsx(144,13): error TS2739: Type '{ id: `${string}-${string}-${string}-${string}-${string}`; cols: {}; stats: { correct: number; incorrect: number; lastStudied: null; flashcardStatus: FlashcardStatus.New; flashcardEncounters: number; isFlashcardReviewed: false; lastPracticeDate: null; }; }' is missing the following properties from type 'VocabRow': createdAt, modifiedAt
features/tables/components/PasteImportModal.tsx(174,46): error TS2739: Type '{ fontSize: string; color: string; fontFamily: string; }' is missing the following properties from type 'TypographyDesign': textAlign, fontWeight
features/tables/components/RelationLivePreview.tsx(17,7): error TS2739: Type '{ id: string; cols: {}; stats: { correct: number; incorrect: number; lastStudied: null; flashcardStatus: any; flashcardEncounters: number; isFlashcardReviewed: false; lastPracticeDate: null; }; }' is missing the following properties from type 'VocabRow': createdAt, modifiedAt
features/tables/components/RelationSettings/ClozeSettingsPanel.tsx(83,39): error TS2418: Type of computed property's value is 'string', which is not assignable to type '"wordCount" | "none"'.
features/tables/components/RelationSettings/UnifiedDesigner.tsx(16,7): error TS2739: Type '{ id: string; cols: {}; stats: { correct: number; incorrect: number; lastStudied: null; flashcardStatus: any; flashcardEncounters: number; isFlashcardReviewed: false; lastPracticeDate: null; }; }' is missing the following properties from type 'VocabRow': createdAt, modifiedAt
features/tables/components/screen/TableContentArea.tsx(70,15): error TS2739: Type '{ id: `${string}-${string}-${string}-${string}-${string}`; cols: {}; stats: { correct: number; incorrect: number; lastStudied: null; flashcardStatus: FlashcardStatus.New; flashcardEncounters: number; isFlashcardReviewed: false; lastPracticeDate: null; }; }' is missing the following properties from type 'VocabRow': createdAt, modifiedAt
features/tables/TablesScreen.tsx(13,30): error TS2307: Cannot find module './components/CreateTableModal' or its corresponding type declarations.
features/tables/TablesScreen.tsx(14,31): error TS2307: Cannot find module './components/CreateFolderModal' or its corresponding type declarations.
features/tables/TablesScreen.tsx(15,29): error TS2307: Cannot find module '../anki/CreateAnkiModal' or its corresponding type declarations.
features/tables/TablesScreen.tsx(16,23): error TS2307: Cannot find module './components/TableList' or its corresponding type declarations.
features/tables/TablesScreen.tsx(17,24): error TS2307: Cannot find module './components/FolderList' or its corresponding type declarations.
features/tables/TablesScreen.tsx(18,25): error TS2307: Cannot find module './components/RenameModal' or its corresponding type declarations.
features/tables/TablesScreen.tsx(19,32): error TS2307: Cannot find module './components/DeleteConfirmModal' or its corresponding type declarations.
features/tables/TablesScreen.tsx(20,27): error TS2307: Cannot find module './components/QuickAddModal' or its corresponding type declarations.
features/tables/TablesScreen.tsx(113,31): error TS2345: Argument of type '{ id: `${string}-${string}-${string}-${string}-${string}`; cols: {}; stats: { correct: number; incorrect: number; lastStudied: null; flashcardStatus: FlashcardStatus.New; flashcardEncounters: number; isFlashcardReviewed: false; lastPracticeDate: null; }; }' is not assignable to parameter of type 'SetStateAction<VocabRow>'.
  Type '{ id: `${string}-${string}-${string}-${string}-${string}`; cols: {}; stats: { correct: number; incorrect: number; lastStudied: null; flashcardStatus: FlashcardStatus.New; flashcardEncounters: number; isFlashcardReviewed: false; lastPracticeDate: null; }; }' is missing the following properties from type 'VocabRow': createdAt, modifiedAt
features/tables/TablesScreen.tsx(184,13): error TS2304: Cannot find name 'setCurrentScreen'.
features/tables/TablesScreen.tsx(184,37): error TS2339: Property 'StudySetup' does not exist on type '{ new (): Screen; prototype: Screen; }'.
features/tables/WordDetailModal.tsx(118,32): error TS2345: Argument of type '{ id: `${string}-${string}-${string}-${string}-${string}`; cols: {}; stats: { correct: number; incorrect: number; lastStudied: null; flashcardStatus: FlashcardStatus.New; flashcardEncounters: number; isFlashcardReviewed: false; lastPracticeDate: null; }; }' is not assignable to parameter of type 'SetStateAction<VocabRow>'.
  Type '{ id: `${string}-${string}-${string}-${string}-${string}`; cols: {}; stats: { correct: number; incorrect: number; lastStudied: null; flashcardStatus: FlashcardStatus.New; flashcardEncounters: number; isFlashcardReviewed: false; lastPracticeDate: null; }; }' is missing the following properties from type 'VocabRow': createdAt, modifiedAt
features/theater/TheaterSessionScreen.tsx(177,71): error TS2339: Property 'updateRowsFromTheaterSession' does not exist on type 'TableState'.
features/theater/TheaterSessionScreen.tsx(260,9): error TS2554: Expected 5-6 arguments, but got 3.
hooks/useDebounce.test.ts(2,10): error TS2440: Import declaration conflicts with local declaration of 'describe'.
hooks/useDebounce.test.ts(2,20): error TS2440: Import declaration conflicts with local declaration of 'it'.
hooks/useDebounce.test.ts(2,24): error TS2440: Import declaration conflicts with local declaration of 'expect'.
hooks/useDebounce.test.ts(2,32): error TS2440: Import declaration conflicts with local declaration of 'beforeEach'.
hooks/useDebounce.test.ts(2,44): error TS2440: Import declaration conflicts with local declaration of 'afterEach'.
hooks/useDebounce.test.ts(2,55): error TS2440: Import declaration conflicts with local declaration of 'vi'.
SearchScreen.tsx(2,70): error TS2307: Cannot find module '../../types' or its corresponding type declarations.
SearchScreen.tsx(3,18): error TS2307: Cannot find module '../../components/ui/Icon' or its corresponding type declarations.
SearchScreen.tsx(4,29): error TS2307: Cannot find module '../../hooks/useDebounce' or its corresponding type declarations.
SearchScreen.tsx(5,28): error TS2307: Cannot find module '../../stores/useUIStore' or its corresponding type declarations.
SearchScreen.tsx(6,31): error TS2307: Cannot find module '../../stores/useTableStore' or its corresponding type declarations.
SearchScreen.tsx(7,30): error TS2307: Cannot find module '../../stores/useNoteStore' or its corresponding type declarations.
SearchScreen.tsx(8,39): error TS2307: Cannot find module '../../stores/useDictationNoteStore' or its corresponding type declarations.
SearchScreen.tsx(9,33): error TS2307: Cannot find module '../../stores/useSessionStore' or its corresponding type declarations.
SearchScreen.tsx(10,30): error TS2307: Cannot find module '../../stores/useUserStore' or its corresponding type declarations.
services/TableActionService.test.ts(2,36): error TS2307: Cannot find module '../TableActionService' or its corresponding type declarations.
services/TableActionService.test.ts(3,31): error TS2307: Cannot find module '../../stores/useTableStore' or its corresponding type declarations.
services/TableActionService.test.ts(4,37): error TS2307: Cannot find module '../../stores/useSessionDataStore' or its corresponding type declarations.
stores/appStorage.ts(57,5): error TS2739: Type '{ id: string; cols: { [x: string]: string; 'showcase-col-word': string; 'showcase-col-pos': string; 'showcase-col-def': string; 'showcase-col-sentence': string; }; tagIds: string[]; stats: { correct: number; ... 6 more ...; lastPracticeDate: number; }; }' is missing the following properties from type 'VocabRow': createdAt, modifiedAt
stores/appStorage.ts(58,5): error TS2739: Type '{ id: string; cols: { [x: string]: string; 'showcase-col-word': string; 'showcase-col-pos': string; 'showcase-col-def': string; 'showcase-col-sentence': string; }; tagIds: undefined[]; stats: { correct: number; ... 5 more ...; lastPracticeDate: number; }; }' is missing the following properties from type 'VocabRow': createdAt, modifiedAt
stores/appStorage.ts(59,5): error TS2739: Type '{ id: string; cols: { [x: string]: string; 'showcase-col-word': string; 'showcase-col-pos': string; 'showcase-col-def': string; 'showcase-col-sentence': string; }; tagIds: string[]; stats: { correct: number; ... 5 more ...; lastPracticeDate: number; }; }' is missing the following properties from type 'VocabRow': createdAt, modifiedAt
stores/appStorage.ts(60,5): error TS2739: Type '{ id: string; cols: { [x: string]: string; 'showcase-col-word': string; 'showcase-col-pos': string; 'showcase-col-def': string; 'showcase-col-sentence': string; }; tagIds: string[]; stats: { correct: number; ... 5 more ...; lastPracticeDate: number; }; }' is missing the following properties from type 'VocabRow': createdAt, modifiedAt
stores/appStorage.ts(61,5): error TS2739: Type '{ id: string; cols: { [x: string]: string; 'showcase-col-word': string; 'showcase-col-pos': string; 'showcase-col-def': string; 'showcase-col-sentence': string; }; tagIds: string[]; stats: { correct: number; ... 5 more ...; lastPracticeDate: number; }; }' is missing the following properties from type 'VocabRow': createdAt, modifiedAt
stores/appStorage.ts(62,5): error TS2739: Type '{ id: string; cols: { [x: string]: string; 'showcase-col-word': string; 'showcase-col-pos': string; 'showcase-col-def': string; 'showcase-col-sentence': string; }; tagIds: string[]; stats: { correct: number; ... 5 more ...; lastPracticeDate: null; }; }' is missing the following properties from type 'VocabRow': createdAt, modifiedAt
stores/appStorage.ts(99,5): error TS2739: Type '{ id: string; cols: { [x: string]: string; }; stats: { correct: number; incorrect: number; lastStudied: null; flashcardStatus: FlashcardStatus.New; flashcardEncounters: number; isFlashcardReviewed: false; lastPracticeDate: null; }; }' is missing the following properties from type 'VocabRow': createdAt, modifiedAt
stores/appStorage.ts(100,5): error TS2739: Type '{ id: string; cols: { [x: string]: string; }; stats: { correct: number; incorrect: number; lastStudied: null; flashcardStatus: FlashcardStatus.New; flashcardEncounters: number; isFlashcardReviewed: false; lastPracticeDate: null; }; }' is missing the following properties from type 'VocabRow': createdAt, modifiedAt
stores/appStorage.ts(101,5): error TS2739: Type '{ id: string; cols: { [x: string]: string; }; stats: { correct: number; incorrect: number; lastStudied: null; flashcardStatus: FlashcardStatus.New; flashcardEncounters: number; isFlashcardReviewed: false; lastPracticeDate: null; }; }' is missing the following properties from type 'VocabRow': createdAt, modifiedAt
stores/appStorage.ts(102,5): error TS2739: Type '{ id: string; cols: { [x: string]: string; }; stats: { correct: number; incorrect: number; lastStudied: null; flashcardStatus: FlashcardStatus.New; flashcardEncounters: number; isFlashcardReviewed: false; lastPracticeDate: null; }; }' is missing the following properties from type 'VocabRow': createdAt, modifiedAt
stores/appStorage.ts(176,5): error TS2739: Type '{ id: string; cols: { 'sort-col-word': string; 'sort-col-desc': string; }; stats: { correct: number; incorrect: number; lastStudied: null; flashcardStatus: FlashcardStatus.New; flashcardEncounters: number; isFlashcardReviewed: false; lastPracticeDate: number; }; }' is missing the following properties from type 'VocabRow': createdAt, modifiedAt
stores/appStorage.ts(177,5): error TS2739: Type '{ id: string; cols: { 'sort-col-word': string; 'sort-col-desc': string; }; stats: { correct: number; incorrect: number; lastStudied: null; flashcardStatus: FlashcardStatus.New; flashcardEncounters: number; isFlashcardReviewed: false; lastPracticeDate: number; }; }' is missing the following properties from type 'VocabRow': createdAt, modifiedAt
stores/appStorage.ts(178,5): error TS2739: Type '{ id: string; cols: { 'sort-col-word': string; 'sort-col-desc': string; }; stats: { correct: number; incorrect: number; lastStudied: null; flashcardStatus: FlashcardStatus.New; flashcardEncounters: number; isFlashcardReviewed: false; lastPracticeDate: null; }; }' is missing the following properties from type 'VocabRow': createdAt, modifiedAt
stores/appStorage.ts(179,5): error TS2739: Type '{ id: string; cols: { 'sort-col-word': string; 'sort-col-desc': string; }; stats: { correct: number; incorrect: number; lastStudied: null; flashcardStatus: FlashcardStatus.New; flashcardEncounters: number; isFlashcardReviewed: false; lastPracticeDate: number; wasQuit: true; }; }' is missing the following properties from type 'VocabRow': createdAt, modifiedAt
stores/appStorage.ts(180,5): error TS2739: Type '{ id: string; cols: { 'sort-col-word': string; 'sort-col-desc': string; }; stats: { correct: number; incorrect: number; lastStudied: null; flashcardStatus: FlashcardStatus.New; flashcardEncounters: number; isFlashcardReviewed: false; lastPracticeDate: number; }; }' is missing the following properties from type 'VocabRow': createdAt, modifiedAt
stores/appStorage.ts(181,5): error TS2739: Type '{ id: string; cols: { 'sort-col-word': string; 'sort-col-desc': string; }; stats: { correct: number; incorrect: number; lastStudied: null; flashcardStatus: FlashcardStatus.New; flashcardEncounters: number; isFlashcardReviewed: false; lastPracticeDate: number; }; }' is missing the following properties from type 'VocabRow': createdAt, modifiedAt
stores/appStorage.ts(182,5): error TS2739: Type '{ id: string; cols: { 'sort-col-word': string; 'sort-col-desc': string; }; stats: { correct: number; incorrect: number; lastStudied: null; flashcardStatus: FlashcardStatus.New; flashcardEncounters: number; isFlashcardReviewed: false; lastPracticeDate: number; wasQuit: true; }; }' is missing the following properties from type 'VocabRow': createdAt, modifiedAt
stores/appStorage.ts(194,9): error TS2739: Type '{ id: string; cols: { [x: string]: string; }; tagIds: undefined[]; stats: { correct: number; incorrect: number; lastStudied: null; flashcardStatus: FlashcardStatus.Good; flashcardEncounters: number; ... 5 more ...; ankiDueDate: number; }; }' is missing the following properties from type 'VocabRow': createdAt, modifiedAt
stores/appStorage.ts(195,9): error TS2739: Type '{ id: string; cols: { [x: string]: string; }; tagIds: undefined[]; stats: { correct: number; incorrect: number; lastStudied: null; flashcardStatus: FlashcardStatus.New; flashcardEncounters: number; isFlashcardReviewed: false; lastPracticeDate: null; }; }' is missing the following properties from type 'VocabRow': createdAt, modifiedAt
stores/appStorage.ts(196,9): error TS2739: Type '{ id: string; cols: { [x: string]: string; }; tagIds: undefined[]; stats: { correct: number; incorrect: number; lastStudied: null; flashcardStatus: FlashcardStatus.New; flashcardEncounters: number; ... 5 more ...; ankiDueDate: number; }; }' is missing the following properties from type 'VocabRow': createdAt, modifiedAt
stores/appStorage.ts(197,9): error TS2739: Type '{ id: string; cols: { [x: string]: string; }; tagIds: undefined[]; stats: { correct: number; incorrect: number; lastStudied: null; flashcardStatus: FlashcardStatus.New; flashcardEncounters: number; isFlashcardReviewed: false; lastPracticeDate: null; }; }' is missing the following properties from type 'VocabRow': createdAt, modifiedAt
stores/appStorage.ts(198,9): error TS2739: Type '{ id: string; cols: { [x: string]: string; }; tagIds: undefined[]; stats: { correct: number; incorrect: number; lastStudied: null; flashcardStatus: FlashcardStatus.New; flashcardEncounters: number; isFlashcardReviewed: false; lastPracticeDate: null; }; }' is missing the following properties from type 'VocabRow': createdAt, modifiedAt
stores/appStorage.ts(210,9): error TS2739: Type '{ id: string; cols: { [x: string]: string; }; stats: { correct: number; incorrect: number; lastStudied: null; flashcardStatus: FlashcardStatus.New; flashcardEncounters: number; isFlashcardReviewed: false; lastPracticeDate: null; }; }' is missing the following properties from type 'VocabRow': createdAt, modifiedAt
stores/appStorage.ts(211,9): error TS2739: Type '{ id: string; cols: { [x: string]: string; }; stats: { correct: number; incorrect: number; lastStudied: null; flashcardStatus: FlashcardStatus.New; flashcardEncounters: number; isFlashcardReviewed: false; lastPracticeDate: null; }; }' is missing the following properties from type 'VocabRow': createdAt, modifiedAt
stores/appStorage.ts(233,63): error TS2322: Type 'string' is not assignable to type 'number[]'.
stores/appStorage.ts(233,188): error TS2322: Type 'string' is not assignable to type 'number[]'.
stores/useSessionDataStore.ts(215,31): error TS2739: Type '{ id: any; cols: any; stats: any; tagIds: any; }' is missing the following properties from type 'VocabRow': createdAt, modifiedAt
stores/useTableStore.test.ts(2,10): error TS2440: Import declaration conflicts with local declaration of 'describe'.
stores/useTableStore.test.ts(2,20): error TS2440: Import declaration conflicts with local declaration of 'it'.
stores/useTableStore.test.ts(2,24): error TS2440: Import declaration conflicts with local declaration of 'expect'.
stores/useTableStore.test.ts(2,32): error TS2440: Import declaration conflicts with local declaration of 'beforeEach'.
stores/useTableStore.test.ts(86,9): error TS2739: Type '{ id: string; cols: { col1: string; }; stats: { correct: number; incorrect: number; lastStudied: null; flashcardStatus: FlashcardStatus.New; flashcardEncounters: number; isFlashcardReviewed: false; lastPracticeDate: null; }; }' is missing the following properties from type 'VocabRow': createdAt, modifiedAt
stores/useTagStore.ts(63,38): error TS2339: Property 'setFlashcardProgresses' does not exist on type 'SessionDataState'.
stores/useTagStore.ts(70,9): error TS2554: Expected 1 arguments, but got 2.
stores/useUserStore.test.ts(2,10): error TS2440: Import declaration conflicts with local declaration of 'describe'.
stores/useUserStore.test.ts(2,20): error TS2440: Import declaration conflicts with local declaration of 'it'.
stores/useUserStore.test.ts(2,24): error TS2440: Import declaration conflicts with local declaration of 'expect'.
stores/useUserStore.test.ts(2,32): error TS2440: Import declaration conflicts with local declaration of 'beforeEach'.
stores/useUserStore.test.ts(2,44): error TS2440: Import declaration conflicts with local declaration of 'vi'.
stores/useUserStore.test.ts(51,31): error TS2554: Expected 5-6 arguments, but got 3.
stores/useUserStore.test.ts(72,31): error TS2554: Expected 5-6 arguments, but got 3.
stores/useUserStore.test.ts(87,31): error TS2554: Expected 5-6 arguments, but got 3.
stores/useUserStore.test.ts(107,31): error TS2554: Expected 5-6 arguments, but got 3.
stores/vmindStorage.ts(58,5): error TS2739: Type '{ id: string; cols: { [x: string]: string; 'showcase-col-word': string; 'showcase-col-pos': string; 'showcase-col-def': string; 'showcase-col-sentence': string; }; tagIds: string[]; stats: { correct: number; ... 6 more ...; lastPracticeDate: number; }; }' is missing the following properties from type 'VocabRow': createdAt, modifiedAt
stores/vmindStorage.ts(59,5): error TS2739: Type '{ id: string; cols: { [x: string]: string; 'showcase-col-word': string; 'showcase-col-pos': string; 'showcase-col-def': string; 'showcase-col-sentence': string; }; tagIds: undefined[]; stats: { correct: number; ... 5 more ...; lastPracticeDate: number; }; }' is missing the following properties from type 'VocabRow': createdAt, modifiedAt
stores/vmindStorage.ts(60,5): error TS2739: Type '{ id: string; cols: { [x: string]: string; 'showcase-col-word': string; 'showcase-col-pos': string; 'showcase-col-def': string; 'showcase-col-sentence': string; }; tagIds: string[]; stats: { correct: number; ... 5 more ...; lastPracticeDate: number; }; }' is missing the following properties from type 'VocabRow': createdAt, modifiedAt
stores/vmindStorage.ts(61,5): error TS2739: Type '{ id: string; cols: { [x: string]: string; 'showcase-col-word': string; 'showcase-col-pos': string; 'showcase-col-def': string; 'showcase-col-sentence': string; }; tagIds: string[]; stats: { correct: number; ... 5 more ...; lastPracticeDate: number; }; }' is missing the following properties from type 'VocabRow': createdAt, modifiedAt
stores/vmindStorage.ts(62,5): error TS2739: Type '{ id: string; cols: { [x: string]: string; 'showcase-col-word': string; 'showcase-col-pos': string; 'showcase-col-def': string; 'showcase-col-sentence': string; }; tagIds: string[]; stats: { correct: number; ... 5 more ...; lastPracticeDate: number; }; }' is missing the following properties from type 'VocabRow': createdAt, modifiedAt
stores/vmindStorage.ts(63,5): error TS2739: Type '{ id: string; cols: { [x: string]: string; 'showcase-col-word': string; 'showcase-col-pos': string; 'showcase-col-def': string; 'showcase-col-sentence': string; }; tagIds: string[]; stats: { correct: number; ... 5 more ...; lastPracticeDate: null; }; }' is missing the following properties from type 'VocabRow': createdAt, modifiedAt
stores/vmindStorage.ts(99,5): error TS2739: Type '{ id: string; cols: { [x: string]: string; }; stats: { correct: number; incorrect: number; lastStudied: null; flashcardStatus: FlashcardStatus.New; flashcardEncounters: number; isFlashcardReviewed: false; lastPracticeDate: null; }; }' is missing the following properties from type 'VocabRow': createdAt, modifiedAt
stores/vmindStorage.ts(100,5): error TS2739: Type '{ id: string; cols: { [x: string]: string; }; stats: { correct: number; incorrect: number; lastStudied: null; flashcardStatus: FlashcardStatus.New; flashcardEncounters: number; isFlashcardReviewed: false; lastPracticeDate: null; }; }' is missing the following properties from type 'VocabRow': createdAt, modifiedAt
stores/vmindStorage.ts(101,5): error TS2739: Type '{ id: string; cols: { [x: string]: string; }; stats: { correct: number; incorrect: number; lastStudied: null; flashcardStatus: FlashcardStatus.New; flashcardEncounters: number; isFlashcardReviewed: false; lastPracticeDate: null; }; }' is missing the following properties from type 'VocabRow': createdAt, modifiedAt
stores/vmindStorage.ts(102,5): error TS2739: Type '{ id: string; cols: { [x: string]: string; }; stats: { correct: number; incorrect: number; lastStudied: null; flashcardStatus: FlashcardStatus.New; flashcardEncounters: number; isFlashcardReviewed: false; lastPracticeDate: null; }; }' is missing the following properties from type 'VocabRow': createdAt, modifiedAt
stores/vmindStorage.ts(175,5): error TS2739: Type '{ id: string; cols: { 'sort-col-word': string; 'sort-col-desc': string; }; stats: { correct: number; incorrect: number; lastStudied: null; flashcardStatus: FlashcardStatus.New; flashcardEncounters: number; isFlashcardReviewed: false; lastPracticeDate: number; }; }' is missing the following properties from type 'VocabRow': createdAt, modifiedAt
stores/vmindStorage.ts(176,5): error TS2739: Type '{ id: string; cols: { 'sort-col-word': string; 'sort-col-desc': string; }; stats: { correct: number; incorrect: number; lastStudied: null; flashcardStatus: FlashcardStatus.New; flashcardEncounters: number; isFlashcardReviewed: false; lastPracticeDate: number; }; }' is missing the following properties from type 'VocabRow': createdAt, modifiedAt
stores/vmindStorage.ts(177,5): error TS2739: Type '{ id: string; cols: { 'sort-col-word': string; 'sort-col-desc': string; }; stats: { correct: number; incorrect: number; lastStudied: null; flashcardStatus: FlashcardStatus.New; flashcardEncounters: number; isFlashcardReviewed: false; lastPracticeDate: null; }; }' is missing the following properties from type 'VocabRow': createdAt, modifiedAt
stores/vmindStorage.ts(178,5): error TS2739: Type '{ id: string; cols: { 'sort-col-word': string; 'sort-col-desc': string; }; stats: { correct: number; incorrect: number; lastStudied: null; flashcardStatus: FlashcardStatus.New; flashcardEncounters: number; isFlashcardReviewed: false; lastPracticeDate: number; wasQuit: true; }; }' is missing the following properties from type 'VocabRow': createdAt, modifiedAt
stores/vmindStorage.ts(179,5): error TS2739: Type '{ id: string; cols: { 'sort-col-word': string; 'sort-col-desc': string; }; stats: { correct: number; incorrect: number; lastStudied: null; flashcardStatus: FlashcardStatus.New; flashcardEncounters: number; isFlashcardReviewed: false; lastPracticeDate: number; }; }' is missing the following properties from type 'VocabRow': createdAt, modifiedAt
stores/vmindStorage.ts(180,5): error TS2739: Type '{ id: string; cols: { 'sort-col-word': string; 'sort-col-desc': string; }; stats: { correct: number; incorrect: number; lastStudied: null; flashcardStatus: FlashcardStatus.New; flashcardEncounters: number; isFlashcardReviewed: false; lastPracticeDate: number; }; }' is missing the following properties from type 'VocabRow': createdAt, modifiedAt
stores/vmindStorage.ts(181,5): error TS2739: Type '{ id: string; cols: { 'sort-col-word': string; 'sort-col-desc': string; }; stats: { correct: number; incorrect: number; lastStudied: null; flashcardStatus: FlashcardStatus.New; flashcardEncounters: number; isFlashcardReviewed: false; lastPracticeDate: number; wasQuit: true; }; }' is missing the following properties from type 'VocabRow': createdAt, modifiedAt
stores/vmindStorage.ts(193,9): error TS2739: Type '{ id: string; cols: { [x: string]: string; }; tagIds: undefined[]; stats: { correct: number; incorrect: number; lastStudied: null; flashcardStatus: FlashcardStatus.Good; flashcardEncounters: number; ... 5 more ...; ankiDueDate: number; }; }' is missing the following properties from type 'VocabRow': createdAt, modifiedAt
stores/vmindStorage.ts(194,9): error TS2739: Type '{ id: string; cols: { [x: string]: string; }; tagIds: undefined[]; stats: { correct: number; incorrect: number; lastStudied: null; flashcardStatus: FlashcardStatus.New; flashcardEncounters: number; isFlashcardReviewed: false; lastPracticeDate: null; }; }' is missing the following properties from type 'VocabRow': createdAt, modifiedAt
stores/vmindStorage.ts(195,9): error TS2739: Type '{ id: string; cols: { [x: string]: string; }; tagIds: undefined[]; stats: { correct: number; incorrect: number; lastStudied: null; flashcardStatus: FlashcardStatus.New; flashcardEncounters: number; ... 5 more ...; ankiDueDate: number; }; }' is missing the following properties from type 'VocabRow': createdAt, modifiedAt
stores/vmindStorage.ts(196,9): error TS2739: Type '{ id: string; cols: { [x: string]: string; }; tagIds: undefined[]; stats: { correct: number; incorrect: number; lastStudied: null; flashcardStatus: FlashcardStatus.New; flashcardEncounters: number; isFlashcardReviewed: false; lastPracticeDate: null; }; }' is missing the following properties from type 'VocabRow': createdAt, modifiedAt
stores/vmindStorage.ts(197,9): error TS2739: Type '{ id: string; cols: { [x: string]: string; }; tagIds: undefined[]; stats: { correct: number; incorrect: number; lastStudied: null; flashcardStatus: FlashcardStatus.New; flashcardEncounters: number; isFlashcardReviewed: false; lastPracticeDate: null; }; }' is missing the following properties from type 'VocabRow': createdAt, modifiedAt
stores/vmindStorage.ts(208,9): error TS2739: Type '{ id: string; cols: { [x: string]: string; }; stats: { correct: number; incorrect: number; lastStudied: null; flashcardStatus: FlashcardStatus.New; flashcardEncounters: number; isFlashcardReviewed: false; lastPracticeDate: null; }; }' is missing the following properties from type 'VocabRow': createdAt, modifiedAt
stores/vmindStorage.ts(209,9): error TS2739: Type '{ id: string; cols: { [x: string]: string; }; stats: { correct: number; incorrect: number; lastStudied: null; flashcardStatus: FlashcardStatus.New; flashcardEncounters: number; isFlashcardReviewed: false; lastPracticeDate: null; }; }' is missing the following properties from type 'VocabRow': createdAt, modifiedAt
stores/vmindStorage.ts(231,63): error TS2322: Type 'string' is not assignable to type 'number[]'.
stores/vmindStorage.ts(231,188): error TS2322: Type 'string' is not assignable to type 'number[]'.
utils/studySessionGenerator.test.ts(67,5): error TS2322: Type '{ id: string; cols: { c1: string; c2: string; c3: string; }; stats: { correct: number; incorrect: number; lastStudied: number; flashcardStatus: FlashcardStatus.New; flashcardEncounters: number; isFlashcardReviewed: false; lastPracticeDate: number; }; }[]' is not assignable to type 'VocabRow[]'.
  Type '{ id: string; cols: { c1: string; c2: string; c3: string; }; stats: { correct: number; incorrect: number; lastStudied: number; flashcardStatus: FlashcardStatus.New; flashcardEncounters: number; isFlashcardReviewed: false; lastPracticeDate: number; }; }' is missing the following properties from type 'VocabRow': createdAt, modifiedAt
utils/studySessionGenerator.test.ts(172,21): error TS2739: Type '{ id: string; cols: { c1: string; c2: string; }; stats: { correct: number; incorrect: number; lastPracticeDate: number; lastStudied: null; flashcardStatus: FlashcardStatus.New; flashcardEncounters: number; isFlashcardReviewed: false; }; }' is missing the following properties from type 'VocabRow': createdAt, modifiedAt
utils/studySessionGenerator.test.ts(174,21): error TS2739: Type '{ id: string; cols: { c1: string; c2: string; }; stats: { correct: number; incorrect: number; lastPracticeDate: number; wasQuit: true; lastStudied: null; flashcardStatus: FlashcardStatus.New; flashcardEncounters: number; isFlashcardReviewed: false; }; }' is missing the following properties from type 'VocabRow': createdAt, modifiedAt
utils/studySessionGenerator.test.ts(176,21): error TS2739: Type '{ id: string; cols: { c1: string; c2: string; }; stats: { correct: number; incorrect: number; lastPracticeDate: number; lastStudied: null; flashcardStatus: FlashcardStatus.New; flashcardEncounters: number; isFlashcardReviewed: false; }; }' is missing the following properties from type 'VocabRow': createdAt, modifiedAt
utils/studySessionGenerator.test.ts(208,17): error TS2739: Type '{ id: string; cols: { c1: string; }; stats: { correct: number; incorrect: number; lastPracticeDate: number; lastStudied: null; flashcardStatus: FlashcardStatus.New; flashcardEncounters: number; isFlashcardReviewed: false; }; }' is missing the following properties from type 'VocabRow': createdAt, modifiedAt
utils/studySessionGenerator.test.ts(209,17): error TS2739: Type '{ id: string; cols: { c1: string; }; stats: { correct: number; incorrect: number; lastPracticeDate: number; lastStudied: null; flashcardStatus: FlashcardStatus.New; flashcardEncounters: number; isFlashcardReviewed: false; }; }' is missing the following properties from type 'VocabRow': createdAt, modifiedAt
utils/studySessionGenerator.test.ts(210,17): error TS2739: Type '{ id: string; cols: { c1: string; }; stats: { correct: number; incorrect: number; lastPracticeDate: null; lastStudied: null; flashcardStatus: FlashcardStatus.New; flashcardEncounters: number; isFlashcardReviewed: false; }; }' is missing the following properties from type 'VocabRow': createdAt, modifiedAt
utils/studySessionGenerator.test.ts(211,17): error TS2739: Type '{ id: string; cols: { c1: string; }; stats: { correct: number; incorrect: number; lastPracticeDate: number; wasQuit: true; lastStudied: null; flashcardStatus: FlashcardStatus.New; flashcardEncounters: number; isFlashcardReviewed: false; }; }' is missing the following properties from type 'VocabRow': createdAt, modifiedAt
utils/studySessionGenerator.test.ts(212,17): error TS2739: Type '{ id: string; cols: { c1: string; }; stats: { correct: number; incorrect: number; lastPracticeDate: number; lastStudied: null; flashcardStatus: FlashcardStatus.New; flashcardEncounters: number; isFlashcardReviewed: false; }; }' is missing the following properties from type 'VocabRow': createdAt, modifiedAt
utils/studySessionGenerator.test.ts(213,17): error TS2739: Type '{ id: string; cols: { c1: string; }; stats: { correct: number; incorrect: number; lastPracticeDate: number; lastStudied: null; flashcardStatus: FlashcardStatus.New; flashcardEncounters: number; isFlashcardReviewed: false; }; }' is missing the following properties from type 'VocabRow': createdAt, modifiedAt
